[05:53:14] run dir: /Users/omarebrahim/Developer/Anticipy-V7/state/v7/integration_runs/saucedemo_20260527T055313Z
[05:53:19] saucedemo CDP tab id: 966B8899FA8275AB7207D22F4E53369B
[05:53:23] PASS step 1 navigate_login :: url=https://www.saucedemo.com/ via BRIDGE /surface-command navigate
[05:53:27] PASS step 2 type_username :: CDP fill #user-name=standard_user (bridge type unsupported)
[05:53:38] PASS step 3 type_password :: CDP fill #password=secret_sauce
[05:53:43] PASS step 4 click_login :: url=https://www.saucedemo.com/inventory.html CDP click #login-button (bridge click unsupported)
[05:53:45] PASS step 4 verify_inventory :: title=Swag Labs url=https://www.saucedemo.com/inventory.html
[05:53:52] PASS step 5 add_to_cart :: badge=1 after CDP click first .btn_inventory
[05:53:56] PASS step 6 open_cart :: url=https://www.saucedemo.com/cart.html CDP click .shopping_cart_link
[05:53:58] PASS step 6 verify_cart_item :: DOM .cart_item count=1 via CDP
[05:54:17] PASS step 7 click_checkout :: url=https://www.saucedemo.com/checkout-step-one.html CDP click #checkout
[05:54:21] PASS step 8 fill_checkout_form :: CDP fill first=Anticipy last=Test zip=12345
Traceback (most recent call last):
  File "/Users/omarebrahim/.local/lib/python3.10/site-packages/websocket/_socket.py", line 127, in recv
    bytes_ = _recv()
  File "/Users/omarebrahim/.local/lib/python3.10/site-packages/websocket/_socket.py", line 99, in _recv
    return sock.recv(bufsize)
TimeoutError: timed out

During handling of the above exception, another exception occurred:

Traceback (most recent call last):
  File "<stdin>", line 6, in <module>
  File "/Users/omarebrahim/.local/lib/python3.10/site-packages/websocket/_core.py", line 395, in recv
    opcode, data = self.recv_data()
  File "/Users/omarebrahim/.local/lib/python3.10/site-packages/websocket/_core.py", line 423, in recv_data
    opcode, frame = self.recv_data_frame(control_frame)
  File "/Users/omarebrahim/.local/lib/python3.10/site-packages/websocket/_core.py", line 444, in recv_data_frame
    frame = self.recv_frame()
  File "/Users/omarebrahim/.local/lib/python3.10/site-packages/websocket/_core.py", line 485, in recv_frame
    return self.frame_buffer.recv_frame()
  File "/Users/omarebrahim/.local/lib/python3.10/site-packages/websocket/_abnf.py", line 375, in recv_frame
    self.recv_header()
  File "/Users/omarebrahim/.local/lib/python3.10/site-packages/websocket/_abnf.py", line 329, in recv_header
    header = self.recv_strict(2)
  File "/Users/omarebrahim/.local/lib/python3.10/site-packages/websocket/_abnf.py", line 418, in recv_strict
    bytes_ = self.recv(min(16384, shortage))
  File "/Users/omarebrahim/.local/lib/python3.10/site-packages/websocket/_core.py", line 581, in _recv
    return recv(self.sock, bufsize)
  File "/Users/omarebrahim/.local/lib/python3.10/site-packages/websocket/_socket.py", line 129, in recv
    raise WebSocketTimeoutException("Connection timed out")
websocket._exceptions.WebSocketTimeoutException: Connection timed out
Traceback (most recent call last):
  File "/Users/omarebrahim/.local/lib/python3.10/site-packages/websocket/_socket.py", line 127, in recv
    bytes_ = _recv()
  File "/Users/omarebrahim/.local/lib/python3.10/site-packages/websocket/_socket.py", line 99, in _recv
    return sock.recv(bufsize)
TimeoutError: timed out

During handling of the above exception, another exception occurred:

Traceback (most recent call last):
  File "<stdin>", line 6, in <module>
  File "/Users/omarebrahim/.local/lib/python3.10/site-packages/websocket/_core.py", line 395, in recv
    opcode, data = self.recv_data()
  File "/Users/omarebrahim/.local/lib/python3.10/site-packages/websocket/_core.py", line 423, in recv_data
    opcode, frame = self.recv_data_frame(control_frame)
  File "/Users/omarebrahim/.local/lib/python3.10/site-packages/websocket/_core.py", line 444, in recv_data_frame
    frame = self.recv_frame()
  File "/Users/omarebrahim/.local/lib/python3.10/site-packages/websocket/_core.py", line 485, in recv_frame
    return self.frame_buffer.recv_frame()
  File "/Users/omarebrahim/.local/lib/python3.10/site-packages/websocket/_abnf.py", line 375, in recv_frame
    self.recv_header()
  File "/Users/omarebrahim/.local/lib/python3.10/site-packages/websocket/_abnf.py", line 329, in recv_header
    header = self.recv_strict(2)
  File "/Users/omarebrahim/.local/lib/python3.10/site-packages/websocket/_abnf.py", line 418, in recv_strict
    bytes_ = self.recv(min(16384, shortage))
  File "/Users/omarebrahim/.local/lib/python3.10/site-packages/websocket/_core.py", line 581, in _recv
    return recv(self.sock, bufsize)
  File "/Users/omarebrahim/.local/lib/python3.10/site-packages/websocket/_socket.py", line 129, in recv
    raise WebSocketTimeoutException("Connection timed out")
websocket._exceptions.WebSocketTimeoutException: Connection timed out
[05:54:59] FAIL step 9 click_continue :: expected checkout-step-two got 
