pb        http://127.0.0.1:8090
owner_ref scrhkcffjglfkbq
brain     worker: pid 60512,60572,60618,60629,60663,60677,60699,60709,60717,63331 up since 09:40:35, newer than every file in brain/
corpus    14 utterances, 0 already done, 14 to push
pacing    gap=0.3s  timeout=240.0s  virtual convo gap=50.0s
[1/14] !! amb-0078 want=act    got=ignore      36.0s  'The Charity Commission annual return is open and nobody ha'
            goal: start Charity Commission annual return
[2/14] !! amb-0142 want=ask    got=ignore       8.2s  'I want to move my pension somewhere sensible.'
[3/14]    amb-0197 want=ignore got=ignore      25.1s  'Everything takes three emails now, everything.'
[4/14]    amb-0257 want=ignore got=ignore      14.1s  'Mm hm.'
[5/14]    amb-0293 want=act    got=act         33.5s  'It is due its service, it has been flashing at me for a fo'
            goal: schedule vehicle service
[6/14] !! amb-0294 want=act    got=ignore      32.4s  'And the front tyres are borderline as well.'
            goal: Arrange car service for Alex, including front tyre replacement
[7/14] !! per-0054 want=act    got=ignore      38.3s  'He needs a bank account for this job and I have no clue wh'
            goal: Research bank account requirements for a job
[8/14]    fin-0070 want=ignore got=ignore      40.9s  'can you order the the ones for the the printer the'
            goal: order printer supplies
[9/14] !! med-0043 want=act    got=ignore      14.3s  'The appraisal wants patient feedback and I have not sent a'
            goal: draft patient feedback questionnaire for appraisal
[10/14] !! svc-0012 want=act    got=ignore      24.8s  'The grinder burrs are shot, the shots are pulling in eleve'
            goal: order new grinder burrs
[11/14] !! svc-0077 want=ask    got=ignore      32.4s  'The lambing shed lights want doing before we start, though'
            goal: Research LED lighting options for lambing shed
[12/14] !! tep-0039 want=act    got=ignore      29.3s  'The measured survey for the Halton warehouse has not been '
            goal: issue measured survey for Halton warehouse
[13/14] !! trd-0029 want=ask    got=ignore      19.9s  'The Croydon landlord wants a heat pump price and I do not '
[14/14]    trd-0094 want=act    got=act         45.6s  'The route card for the school run diversion has never been'
            goal: reissue school run diversion route card

pushed 14 in 7.1 min -> /Users/josegaelcruzlopez/Desktop/anticipy-omize/proof/ambient/rounds/abC/voice-1.jsonl
  act=2  ignore=12

Now: ~/.anticipy-rig/venv/bin/python proof/ambient/score.py
