pb        http://127.0.0.1:8090
owner_ref fnw0pvulizndqze
brain     worker: pid 60512,60572,60618,60629,60663,60677,60699,60709,60717,63487,63495,63525 up since 09:40:35, newer than every file in brain/
corpus    13 utterances, 0 already done, 13 to push
pacing    gap=0.3s  timeout=240.0s  virtual convo gap=50.0s
[1/13] !! amb-0018 want=act    got=ignore      33.8s  'The revised drainage calcs still have not gone to the cont'
            goal: send revised drainage calculations to contractor
[2/13] !! amb-0053 want=act    got=ignore      25.5s  'My ethics form was supposed to go in last Friday and it is'
            goal: send ethics form
[3/13] !! amb-0108 want=act    got=ignore      36.3s  'The sprayer test certificate runs out before harvest.'
            goal: renew sprayer test certificate before harvest
[4/13]    amb-0179 want=ignore got=ignore      10.8s  'Morning, you alright?'
[5/13]    amb-0214 want=ignore got=ignore      11.7s  'I keep seeing those adverts and wondering if they are any '
[6/13] !! per-0011 want=act    got=ignore      32.0s  'The probate forms are sat there and every single time I op'
            goal: complete probate forms
[7/13]    fin-0036 want=act    got=act         54.4s  'The strata levy notices have to go out this week and the b'
            goal: draft strata levy notices
[8/13]    med-0006 want=ignore got=ignore      19.1s  'The bank shifts.'
[9/13] !! svc-0004 want=act    got=ignore      14.8s  'The chiller on aisle four has been running two degrees war'
            goal: log chiller on aisle four running two degrees warm
[10/13] !! svc-0040 want=ask    got=ignore      27.3s  'The hall booking runs out at the end of term and the paris'
            goal: Decide on keeping the Thursday slot for the hall booking
[11/13]    tep-0018 want=act    got=act         43.0s  'The roadmap review is Thursday and I have not written up w'
            goal: Draft roadmap review dropping points
[12/13] !! tep-0081 want=act    got=ignore      24.2s  'My breathing apparatus competency is due for reassessment '
            goal: book breathing apparatus competency reassessment
[13/13] !! trd-0082 want=act    got=ignore      63.5s  'Two of the counterbalance lads need their refresher and th'
            goal: schedule counterbalance refresher for two lads before Friday, September 4, 2026

pushed 13 in 7.0 min -> /Users/josegaelcruzlopez/Desktop/anticipy-omize/proof/ambient/rounds/abC/voice-6.jsonl
  act=2  ignore=11

Now: ~/.anticipy-rig/venv/bin/python proof/ambient/score.py
