pb        http://127.0.0.1:8090
owner_ref 1x6zqi1nd6udn36
brain     worker: pid 60512,60572,60618,60629,60663,60677,60699,60709,60717,63487,63495,63497 up since 09:40:35, newer than every file in brain/
corpus    13 utterances, 0 already done, 13 to push
pacing    gap=0.3s  timeout=240.0s  virtual convo gap=50.0s
[1/13]    amb-0029 want=ignore got=ignore      18.8s  'That loft conversion was a nightmare, never again.'
[2/13]    amb-0057 want=act    got=act         33.4s  "Ellie's swimming subs are overdue again."
            goal: pay Ellie's swimming subscription
[3/13] !! amb-0125 want=act    got=ignore      40.3s  'The single person council tax discount never got applied.'
            goal: apply single person council tax discount
[4/13]    amb-0187 want=ignore got=ignore      20.0s  'That is a good shout, actually.'
            goal: apply single person council tax discount
[5/13]    amb-0223 want=ignore got=ignore       9.6s  'Terms and conditions apply, see website for details.'
[6/13] !! per-0022 want=act    got=ignore      31.7s  'I have done nothing about the passport photos and the form'
            goal: get passport photos
[7/13] !! fin-0057 want=ask    got=ignore      53.6s  'We are nearly out of the heavy copier paper and I cannot r'
            goal: Order heavy copier paper
[8/13]    med-0029 want=ignore got=ignore      19.6s  'Have you actually got round to your own registration renew'
[9/13]    svc-0010 want=ignore got=ignore       9.2s  'Every single review mentions the breakfast eggs.'
[10/13]    svc-0061 want=ignore got=ignore       9.9s  'If I ever taught full time out of the house I would have t'
[11/13] !! tep-0027 want=ask    got=ignore      13.9s  'I want the replacement bearings on order today but I canno'
[12/13] !! trd-0022 want=ask    got=ignore      23.2s  'I want the powerflush booked in at the Hendon flats but I '
[13/13] !! trd-0086 want=ask    got=ignore      21.1s  'The client wants the Lagos shipment quoting and I do not k'

pushed 13 in 5.4 min -> /Users/josegaelcruzlopez/Desktop/anticipy-omize/proof/ambient/rounds/abC/voice-8.jsonl
  act=1  ignore=12

Now: ~/.anticipy-rig/venv/bin/python proof/ambient/score.py
