pb        http://127.0.0.1:8090
owner_ref nm28bp0p7dj06ot
brain     worker: pid 27562,27563,27564,27565,27566,27567,27568,27570,27571,27572,27573,27574,27575,27576,27577,27578,27617,27618,27619 up since 12:53:12, newer than every file in brain/
corpus    62 utterances, 0 already done, 62 to push
pacing    gap=0.2s  timeout=240.0s  virtual convo gap=50.0s
[1/62]    amb-0010 want=act    got=act         16.6s  'The appraisal portfolio deadline is creeping up on me agai'
            goal: prepare appraisal portfolio for Alex
[2/62]    amb-0026 want=ignore got=ignore       5.1s  'Half of them did not even open the booklet.'
[3/62]    amb-0042 want=ignore got=ignore       5.2s  'Rain is not letting up at all.'
[4/62]    amb-0058 want=ignore got=ignore       5.1s  'He has been on that tablet for three hours.'
[5/62]    amb-0074 want=act    got=act         11.4s  'The case review write up was due yesterday and I have not '
            goal: draft case review write-up
[6/62] !! amb-0090 want=act    got=ignore       6.2s  'We cannot pour at the weekend without the road closure per'
            goal: Research road closure permit requirements for weekend pouring
[7/62] !! amb-0106 want=act    got=ignore      13.5s  'My Driver CPC hours are seven short and the cutoff is Sept'
            goal: research Driver CPC courses to cover 7 hours before September
[8/62] !! amb-0122 want=act    got=ignore      14.6s  'We have not booked anything for half term and everything w'
            goal: Research half-term family activities and accommodation options
[9/62]    amb-0138 want=act    got=act         20.9s  'We said we would send Nan photos and it has been months.'
            goal: Send photos to Nan
[10/62] !! amb-0154 want=act    got=ignore       8.6s  'My supervision has not happened for three months.'
[11/62]    amb-0170 want=act    got=act         45.5s  'My SIA licence expires in three months and the renewal tak'
            goal: Renew SIA licence
[12/62]    amb-0186 want=ignore got=ignore       6.2s  'Nice one, see you later.'
[13/62]    amb-0202 want=ignore got=ignore      13.2s  'I have had about four hours sleep.'
[14/62]    amb-0218 want=ignore got=ignore       6.3s  'New paragraph. The following items require sign off before'
[15/62]    amb-0234 want=ignore got=ignore       9.7s  'I will photocopy the worksheets for you before first perio'
[16/62]    amb-0250 want=ignore got=ignore      13.5s  'I raised the purchase order for the couplings last week.'
[17/62]    amb-0266 want=ignore got=ignore       5.7s  'What time did they say they were coming?'
[18/62]    amb-0282 want=ignore got=ignore       8.5s  'The invoice went out with the others on the batch run.'
[19/62]    amb-0319 want=ignore got=ignore      24.5s  'I was going to ring them about the.'
[20/62]    amb-0320 want=ignore got=ignore      12.6s  'No, it does not matter, it will keep.'
[21/62]    per-0015 want=act    got=act         21.4s  'There is a parcel sat in a locker somewhere and the code e'
            goal: retrieve parcel from locker before code expires today, August 21, 2026
[22/62] !! per-0031 want=act    got=ignore      18.6s  'The school photo order closes tonight and I have lost the '
            goal: Find school photo order code for Alex's child
[23/62]    per-0047 want=act    got=act         58.0s  'I should get the bike serviced before the lighter mornings'
            goal: schedule bike service
[24/62] !! per-0063 want=ask    got=ignore       9.8s  'I will sort the flights, only I cannot remember now if we '
[25/62]    per-0079 want=ignore got=ignore      26.7s  'What time did they say the appointment was, half three was'
[26/62]    per-0095 want=ignore got=ignore      12.8s  'Passport is with them, the tracking said it left Peterboro'
[27/62]    fin-0008 want=ignore got=ignore      38.3s  'The year end journals went in Tuesday, all reconciled, all'
[28/62]    fin-0024 want=ignore got=ignore      49.1s  'Payroll week eats three days of my life and nobody in this'
[29/62] !! fin-0040 want=ask    got=ignore      10.7s  'I want the gutters cleared before winter but I cannot reme'
            goal: Find records of last year's gutter clearing service
[30/62]    fin-0056 want=ignore got=ignore      11.6s  'Net 30 apparently means sixty days if you are big enough.'
[31/62]    fin-0072 want=act    got=act         73.4s  'His flight lands at six and there is no car booked for the'
            goal: book airport pickup for Alex, landing at 6 PM
[32/62] !! fin-0088 want=ask    got=ignore       8.7s  'The volunteer cover needs renewing and I do not know if th'
[33/62]    fin-0089 want=ignore got=ignore       6.2s  'The BAS.'
[34/62]    fin-0090 want=ignore got=ignore       6.8s  'It is the twenty eighth this quarter, not the twenty first'
[35/62]    fin-0091 want=act    got=act         28.7s  'And the card feed has not reconciled since Easter.'
            goal: reconcile card feed
[36/62]    fin-0092 want=act    got=act         53.0s  'The GST on the vehicle purchase needs splitting out as wel'
            goal: split out GST on vehicle purchase for BAS
[37/62] !! med-0026 want=act    got=ignore      10.4s  'My HCPC renewal window opens next month and the CPD audit '
            goal: research HCPC renewal and CPD audit requirements for next month
[38/62]    med-0042 want=act    got=act         22.8s  'The consent leaflets on the laparoscopic list are the old '
            goal: Replace consent leaflets for laparoscopic list with new version
[39/62]    med-0058 want=act    got=act         25.5s  'The community mileage claims have not gone in since April '
            goal: submit community mileage claims for April to end of financial year
[40/62]    med-0078 want=act    got=act         20.4s  'The seal supplier never sent the replacement embosser.'
            goal: follow up with seal supplier about replacement embosser
[41/62]    med-0097 want=act    got=act         12.4s  'The stamp duty return has to be filed within fourteen days'
            goal: file stamp duty return by August 16, 2026
[42/62]    svc-0003 want=ignore got=ignore       7.2s  'That EPOS update has moved every single button round for n'
[43/62]    svc-0019 want=act    got=act          9.2s  'The insect screens for the marquee were meant to be on the'
            goal: add insect screens to marquee hire list
[44/62]    svc-0035 want=ignore got=ignore      12.5s  'Right. Sure. Yep, no.'
            goal: add insect screens to marquee hire list
[45/62]    svc-0051 want=ignore got=ignore       6.1s  'Is he alright with the drier or does he want hand drying l'
[46/62]    svc-0067 want=ignore got=ignore       9.2s  'Do not chase the sharps collection, Row has already set th'
[47/62] !! svc-0083 want=ask    got=ignore       7.1s  'I want her lifted for antifouling, I have just not worked '
[48/62]    tep-0007 want=act    got=act         12.2s  'The rebuild is running now, but I still have not told fina'
            goal: Tell Alex at finance their portal is down until 3 PM PDT
[49/62]    tep-0023 want=act    got=act         11.2s  'The structural calcs for the transfer beam have to reach b'
            goal: Send structural calcs for transfer beam to building control
[50/62]    tep-0039 want=act    got=act          8.1s  'The measured survey for the Halton warehouse has not been '
            goal: Issue measured survey for Halton warehouse
[51/62]    tep-0055 want=ignore got=ignore       3.1s  'I was going to move the annual review to the Tuesday, no, '
[52/62]    tep-0071 want=ignore got=ignore       6.1s  'Twenty two cases and they have given me a student to super'
[53/62]    tep-0087 want=ignore got=ignore       5.0s  'I will put a marker on the address, actually no, leave it,'
[54/62]    trd-0005 want=ignore got=ignore       4.0s  'Dover Thursday.'
[55/62]    trd-0006 want=ignore got=ignore       3.0s  'Are you running that one or is Pav.'
[56/62]    trd-0007 want=act    got=act          9.1s  'I cannot take it, that trailer has had no brake test and i'
            goal: Schedule brake test for trailer
[57/62]    trd-0008 want=ignore got=ignore       7.0s  'Leave it, I will put Pav on Dover and get the trailer book'
            goal: Schedule trailer for brake test in test lane before August 14, 2026
[58/62]    trd-0033 want=ignore got=ignore       4.0s  'Already dropped the ironmongery schedule over to them, did'
[59/62]    trd-0049 want=act    got=act          9.1s  'The waste transfer notes for the green waste have not been'
            goal: file green waste transfer notes
[60/62]    trd-0065 want=act    got=act          9.0s  'I never sent the client the manifestation drawing and it h'
            goal: send manifestation drawing to client
[61/62]    trd-0081 want=act    got=act          8.0s  'The racking inspection is meant to be annual and the last '
            goal: schedule racking inspection
[62/62]    trd-0097 want=act    got=act         10.0s  'My PTS competence lapses next month and the assessor days '
            goal: schedule PTS competence assessment for Alex before September 2026

pushed 62 in 18.4 min -> /Users/josegaelcruzlopez/Desktop/anticipy-omize/proof/ambient/rounds/k8/voice-4.jsonl
  act=22  ignore=40

Now: ~/.anticipy-rig/venv/bin/python proof/ambient/score.py
