pb        http://127.0.0.1:8090
owner_ref 988qq6xm4sfte3y
brain     worker: pid 27562,27563,27564,27565,27566,27567,27568,27570,27571,27572,27573,27574,27575,27576,27577,27578,27616,27618,27619 up since 12:53:12, newer than every file in brain/
corpus    63 utterances, 0 already done, 63 to push
pacing    gap=0.2s  timeout=240.0s  virtual convo gap=50.0s
[1/63] !! amb-0007 want=act    got=ignore       8.4s  'The practice indemnity renewal quote came in at nearly dou'
[2/63]    amb-0023 want=ignore got=ignore       5.1s  'Whoever wrote this test suite hated joy.'
[3/63]    amb-0039 want=ignore got=ignore       6.1s  'The M6 was solid from junction twelve.'
[4/63]    amb-0055 want=ignore got=ignore       4.1s  'I have read the same paragraph four times.'
[5/63]    amb-0071 want=act    got=act         19.3s  'My first aid certificate runs out before the summer bootca'
            goal: Renew first aid certificate before summer bootcamps
[6/63]    amb-0087 want=act    got=act         12.3s  'The anti money laundering training has not been assigned t'
            goal: assign anti-money laundering training to team
[7/63]    amb-0103 want=act    got=act         24.3s  'Croydon want a service contract quote by the end of the we'
            goal: prepare service contract quote for Croydon
[8/63]    amb-0119 want=act    got=act         22.3s  'Module registration closes Friday and I have not picked an'
            goal: select modules for registration
[9/63]    amb-0135 want=act    got=act         30.6s  'We never claimed on that flight delay back in June.'
            goal: File flight delay claim for June flight
[10/63]    amb-0151 want=act    got=act         31.0s  'My CSCS card runs out in November and they will not let me'
            goal: renew CSCS card
[11/63]    amb-0167 want=act    got=act         28.2s  'My protective equipment is out of test and nobody has chas'
            goal: arrange re-testing for protective equipment
[12/63]    amb-0183 want=ignore got=ignore       9.5s  'I could murder a coffee.'
[13/63]    amb-0199 want=ignore got=ignore       9.6s  'Honestly I do not know why I bother some days.'
[14/63]    amb-0215 want=ignore got=ignore       7.6s  'Something to think about, anyway.'
[15/63]    amb-0231 want=ignore got=ignore      24.8s  'It is two nil with about ten minutes left.'
[16/63]    amb-0247 want=ignore got=ignore      13.6s  'If money were no object I would have the loft done.'
[17/63]    amb-0263 want=ignore got=ignore      17.7s  'Did you move the car or is it still on the drive?'
[18/63]    amb-0279 want=ignore got=ignore       9.8s  'Order more of the blue ones, no wait, we found a box in th'
[19/63]    amb-0310 want=ignore got=ignore      10.8s  'Did we ever sort the hotel for the wedding?'
[20/63]    amb-0311 want=ignore got=ignore      41.7s  'I already booked it.'
[21/63] !! per-0012 want=act    got=ignore      21.5s  'The bins have not been out since they changed the collecti'
            goal: arrange for bin collection
[22/63]    per-0028 want=act    got=act         55.4s  'The surgery texted me to book a blood test and that was, G'
            goal: Book blood test at surgery
[23/63] !! per-0044 want=act    got=ignore      74.4s  'I keep meaning to sort a will now the house is in both our'
            goal: research options for drafting a will
[24/63] !! per-0060 want=ask    got=ignore      37.5s  'I could go for the two year fix on the energy but that is '
[25/63]    per-0076 want=ignore got=ignore      11.6s  'Prescription is sorted, I picked it up on the way back fro'
[26/63]    per-0092 want=ignore got=ignore      56.3s  'Mum has already booked the cat in for her jabs, she said s'
[27/63]    per-0110 want=ignore got=ignore      16.3s  'No, no, honestly, I am glad you rang.'
[28/63]    per-0111 want=ignore got=ignore       7.1s  'Yeah, the twenty second, at eleven, at the crematorium.'
[29/63] !! per-0112 want=act    got=ignore       6.2s  'I will do the flowers, you have got more than enough on.'
[30/63]    per-0113 want=act    got=act         29.4s  'And I have still got to get the notice in the paper, that '
            goal: place death notice in paper
[31/63]    fin-0005 want=act    got=act         40.7s  'The depreciation schedule never got touched after we scrap'
            goal: update depreciation schedule for scrapped racking
[32/63]    fin-0021 want=act    got=act         29.3s  'Two of the new starters have not had their 401k match set '
            goal: Ensure 401k match is set up for two new starters before Friday, August 21, 2026
[33/63]    fin-0037 want=act    got=act         24.3s  "Unit fourteen's gas safety certificate expired in June and"
            goal: book engineer for gas safety certificate for unit 14
[34/63]    fin-0053 want=act    got=act         26.4s  'The RFP responses close on the ninth and we have not publi'
            goal: publish clarification answers for RFP responses
[35/63] !! fin-0069 want=act    got=ignore      18.2s  'I do not know what the franking rate went up to on the fir'
            goal: Find franking rate on August 1, 2026
[36/63]    fin-0085 want=act    got=act         12.2s  'The grant report is due on the last day of the month and t'
            goal: prepare finance annex for grant report
[37/63] !! med-0020 want=ask    got=ignore       7.2s  'I should sort the RCVS practising fee but I have no idea w'
            goal: research RCVS practising fee categories for part-time work
[38/63]    med-0039 want=ignore got=ignore       7.2s  'In the documentary they had four crews on scene for one ca'
[39/63]    med-0055 want=ignore got=ignore      11.6s  'Did the fire officer say anything about the door closers w'
[40/63]    med-0075 want=ignore got=ignore      14.0s  'In the drama they had the paralegal cross examining someon'
[41/63]    med-0094 want=ignore got=ignore       8.2s  'The bad character application went in on Thursday, that is'
[42/63]    med-0110 want=ignore got=ignore       6.1s  'Nobody reads the practice direction, not one of them.'
[43/63]    svc-0016 want=act    got=act         14.2s  'We are doing a hundred and twenty covers at the rugby club'
            goal: confirm crockery hire for 120 covers at rugby club
[44/63]    svc-0032 want=act    got=act         10.1s  'My professional body membership lapsed and I cannot take t'
            goal: renew professional body membership
[45/63]    svc-0048 want=act    got=act          9.1s  'The hoist has not been inspected once since I have been he'
            goal: schedule hoist inspection
[46/63]    svc-0064 want=ignore got=ignore       6.1s  'Mm. Yeah. Fine, fine.'
[47/63]    svc-0080 want=act    got=act          9.0s  'The metal detector calibration certificate runs out before'
            goal: renew metal detector calibration certificate
[48/63]    tep-0004 want=act    got=act          8.0s  'the the cert expiry on the on the checkout domain nobody h'
            goal: renew cert for checkout domain
[49/63]    tep-0020 want=act    got=act         10.1s  'The usability sessions are booked for Tuesday and there is'
            goal: draft task script for usability sessions on Tuesday, August 25, 2026
[50/63]    tep-0036 want=act    got=act         10.1s  'RIBA stage three sign off is next Friday and the consultan'
            goal: coordinate consultant drawings for RIBA stage three sign off
[51/63]    tep-0052 want=act    got=act          8.0s  'The catering contract auto renews on the first at the new '
            goal: review catering contract auto-renewal terms and new rate
[52/63]    tep-0068 want=act    got=act          9.1s  'The PPE inspection log has not been signed since March and'
            goal: get PPE inspection log signed
[53/63]    tep-0084 want=ignore got=ignore       4.1s  'They are on the drill square right now, that is the shouti'
[54/63]    tep-0100 want=ignore got=ignore       3.0s  'The postmortem.'
[55/63]    tep-0101 want=ignore got=ignore       4.0s  'For the Tuesday outage, the one where the token cache fill'
[56/63]    tep-0102 want=act    got=act          9.0s  'It was supposed to be written up inside five working days '
            goal: Chase up postmortem for Tuesday outage
[57/63]    tep-0103 want=ignore got=ignore       4.0s  'I know, I am halfway through it, it is in the doc as we sp'
[58/63]    trd-0030 want=act    got=act         13.1s  'The staircase drawings have to be signed off before the jo'
            goal: get staircase drawings signed off before Monday, August 24, 2026
[59/63]    trd-0046 want=act    got=act          9.1s  'Down to two euro cylinder blanks in the van.'
            goal: Order more euro cylinder blanks
[60/63]    trd-0062 want=ignore got=ignore       4.0s  'Marta is putting the machine pads on the order, she does t'
[61/63]    trd-0078 want=act    got=act          8.0s  'The goods in transit cover lapsed and I have been running '
            goal: Reinstate goods in transit cover
[62/63]    trd-0094 want=act    got=act         10.1s  'The route card for the school run diversion has never been'
            goal: Reissue school run diversion route card
[63/63]    trd-0110 want=act    got=act          9.1s  'the grease gun for the for the slew ring we never got a ne'
            goal: Order new grease gun for slew ring for the van

pushed 63 in 19.5 min -> /Users/josegaelcruzlopez/Desktop/anticipy-omize/proof/ambient/rounds/k8/voice-16.jsonl
  act=29  ignore=34

Now: ~/.anticipy-rig/venv/bin/python proof/ambient/score.py
