pb        http://127.0.0.1:8090
owner_ref 15i3kxezkt1qwto
brain     worker: pid 27562,27563,27564,27565,27566,27567,27568,27570,27571,27572,27573,27574,27575,27576,27577,27578,27610,27615,27617 up since 12:53:12, newer than every file in brain/
corpus    62 utterances, 0 already done, 62 to push
pacing    gap=0.2s  timeout=240.0s  virtual convo gap=50.0s
[1/62] !! amb-0008 want=act    got=ignore       9.3s  'My medical indemnity lapses next month and I have not look'
            goal: research medical indemnity renewal options
[2/62] !! amb-0024 want=act    got=ignore       9.2s  'Parents evening slots go live tomorrow and I have not set '
            goal: Set availability for parents evening slots
[3/62] !! amb-0040 want=act    got=ignore       8.1s  'If the BPS claim is not in by the fifteenth I lose the who'
            goal: Submit BPS claim by August 15, 2026
[4/62] !! amb-0056 want=act    got=ignore       8.2s  'World book day is Thursday and we have not got a costume.'
            goal: get a World Book Day costume for Thursday, August 27, 2026
[5/62]    amb-0072 want=ignore got=ignore       5.1s  'Three clients cancelled on me this week.'
[6/62] !! amb-0088 want=act    got=ignore       6.1s  "Counsel's fee note is unpaid and they will stop taking my "
            goal: Pay outstanding counsel fee note
[7/62] !! amb-0104 want=act    got=ignore       7.3s  'The card machine contract auto renews in a fortnight at a '
            goal: research card machine contract renewal options
[8/62] !! amb-0120 want=act    got=ignore      12.3s  'My railcard expired so every journey has cost me a fortune'
            goal: Research how to renew Alex's railcard
[9/62]    amb-0136 want=act    got=act         14.3s  'The freezer is making that clicking noise and it is full o'
            goal: arrange freezer repair
[10/62]    amb-0152 want=act    got=act         18.7s  'That last invoice is forty days overdue now.'
            goal: send overdue invoice reminder to Alex
[11/62] !! amb-0168 want=act    got=ignore       8.5s  'The court warning for Thursday lands on my rest day.'
[12/62]    amb-0184 want=ignore got=ignore      21.2s  'Long week already and it is only Tuesday.'
[13/62]    amb-0200 want=ignore got=ignore      23.2s  'They changed the system again without telling anyone.'
[14/62]    amb-0216 want=ignore got=ignore       7.0s  'We will see how it goes I suppose.'
[15/62]    amb-0232 want=ignore got=ignore      15.1s  'Coming up, we will be taking your calls on the housing cri'
[16/62]    amb-0248 want=ignore got=ignore      13.2s  'Say we did go for the bigger unit, we would need the three'
[17/62]    amb-0264 want=ignore got=ignore       8.5s  'Do you know if the bins went out last night?'
[18/62]    amb-0280 want=ignore got=ignore       6.2s  'The hotel is booked, the trains are booked, we are actuall'
[19/62]    amb-0312 want=ignore got=ignore       9.4s  'And after the break, we will have the latest from the coas'
[20/62]    amb-0313 want=ignore got=ignore      25.3s  'God, turn that down a bit.'
[21/62] !! per-0013 want=act    got=ignore      18.6s  'I need to get that deposit dispute to the scheme before th'
            goal: Submit deposit dispute to scheme
[22/62]    per-0029 want=act    got=act         28.8s  'My screening letter has been in the drawer since before Ch'
            goal: Draft deposit dispute letter to scheme
[23/62] !! per-0045 want=act    got=ignore      53.5s  'The rent goes up in April and I have not read a word of th'
            goal: Review rent increase letter for April
[24/62] !! per-0061 want=ask    got=ignore       9.4s  'Somebody has to be in for the delivery and I honestly do n'
[25/62]    per-0077 want=ignore got=ignore      12.5s  'The permission slip went in on Monday, she handed it over '
[26/62]    per-0093 want=ignore got=ignore      39.7s  'My sister is dealing with all the funeral notices, she is '
[27/62]    per-0114 want=ignore got=ignore      27.2s  'The car.'
[28/62]    per-0115 want=ignore got=ignore      74.9s  'It is due, is it not, the MOT, end of the month sometime.'
            goal: Research MOT due date for car
[29/62]    per-0116 want=act    got=act         86.1s  'And that noise it makes turning right has not gone away, i'
            goal: schedule car for repair of noise when turning right
[30/62]    per-0117 want=ignore got=ignore      16.6s  'Do not book anything though, my dad said he would run it i'
[31/62]    fin-0006 want=act    got=act         12.4s  'The accounts receivable ageing is a horror show and nobody'
            goal: chase 60-day accounts receivable
[32/62] !! fin-0022 want=act    got=ignore       8.1s  'I never checked what the contribution threshold went up to'
            goal: research contribution threshold for April
[33/62] !! fin-0038 want=act    got=ignore       7.7s  'Three tenants paid early this month and two have not paid '
[34/62]    fin-0054 want=act    got=act         28.5s  'The purchase order for the chairs never got raised and the'
            goal: raise purchase order for chairs
[35/62] !! fin-0070 want=ignore got=ask         34.8s  'can you order the the ones for the the printer the'
[36/62]    fin-0086 want=act    got=act         20.2s  'The insurance for the summer fete has not been arranged an'
            goal: arrange insurance for summer fete
[37/62]    med-0024 want=act    got=act         13.9s  'The responsible pharmacist record has gaps from when I was'
            goal: Collate responsible pharmacist records for Wigan coverage gaps
[38/62]    med-0040 want=ignore got=ignore      10.6s  'The HART application is in, they said six weeks for the ou'
[39/62]    med-0056 want=act    got=act         26.7s  'The entonox scavenging service is overdue and they will sh'
            goal: schedule entonox scavenging service
[40/62]    med-0076 want=act    got=act         19.9s  'My notarial commission needs renewing and the faculty offi'
            goal: renew notarial commission
[41/62]    med-0095 want=ignore got=ignore       5.4s  'Have you had the custody record through from the station y'
[42/62]    svc-0001 want=act    got=act         13.2s  'The stock count is Sunday night and I have not asked a sou'
            goal: ask staff to come in early for stock count Sunday, August 23, 2026
[43/62]    svc-0017 want=ignore got=ignore       5.0s  'I should ring the fishmonger about Saturday, actually no, '
[44/62] !! svc-0033 want=ask    got=ignore       9.5s  'I want a sixty minute pregnancy massage on the price list,'
[45/62]    svc-0049 want=ignore got=ignore       9.9s  'her her tablets the pink ones i think she said something a'
[46/62]    svc-0065 want=act    got=act         16.4s  'The licence for the show music is not in place and we open'
            goal: secure show music license
[47/62]    svc-0081 want=ignore got=ignore       9.4s  'If we ever took the whole range gluten free we would need '
[48/62]    tep-0005 want=act    got=act         12.3s  'I am on the on-call rota from Saturday and I never swapped'
            goal: Swap owner's Sunday on-call rota with Priya
[49/62]    tep-0021 want=ignore got=ignore       5.1s  'This design system has four different greys all called neu'
[50/62]    tep-0037 want=act    got=act         10.1s  'The Part L overheating assessment was never commissioned f'
            goal: Commission Part L overheating assessment for Beckwith scheme
[51/62]    tep-0053 want=ignore got=ignore       4.0s  'The fire drill is happening right now, that is why they ar'
[52/62]    tep-0069 want=ignore got=ignore       4.0s  'autoclave the log the cycle log nobody has has signed some'
[53/62]    tep-0085 want=act    got=act         12.1s  'The disclosure schedule for the Barrow file has to be with'
            goal: Prepare disclosure schedule for Barrow file for CPS before PTPH
[54/62]    tep-0107 want=ignore got=ignore       3.0s  'If the client went for the timber frame instead.'
[55/62]    tep-0108 want=ignore got=ignore       4.0s  'We would have to redo the whole Part L package, and stage '
[56/62]    tep-0109 want=ignore got=ignore       3.0s  'Which would be tight, but not actually impossible.'
[57/62]    tep-0110 want=ignore got=ignore       4.0s  'They will not go for it though, they never do.'
[58/62]    trd-0031 want=act    got=act         10.0s  'the the architrave for the for the master bedroom we we ne'
            goal: order extra lengths of architrave for master bedroom
[59/62]    trd-0047 want=ignore got=ignore       4.0s  'Kev is taking the lockout in Sneinton, he is five minutes '
[60/62]    trd-0063 want=ignore got=ignore       4.0s  'I ought to ring the hygiene supplier, actually no, leave i'
[61/62]    trd-0079 want=ignore got=ignore       3.0s  'I will drop depot a note about the missed collection, no, '
[62/62]    trd-0095 want=ignore got=ignore       4.0s  'And that is the traffic and travel, back to the studio.'

pushed 62 in 18.0 min -> /Users/josegaelcruzlopez/Desktop/anticipy-omize/proof/ambient/rounds/k8/voice-2.jsonl
  act=16  ask=1  ignore=45

Now: ~/.anticipy-rig/venv/bin/python proof/ambient/score.py
