pb        http://127.0.0.1:8090
owner_ref fnw0pvulizndqze
brain     worker: pid 27562,27563,27564,27565,27566,27567,27568,27570,27571,27572,27573,27574,27575,27576,27577,27578,27622,27626,27628,27635,27637,27639 up since 12:53:12, newer than every file in brain/
corpus    62 utterances, 0 already done, 62 to push
pacing    gap=0.2s  timeout=240.0s  virtual convo gap=50.0s
[1/62]    amb-0012 want=act    got=act         18.1s  'I am on nights all next week and I have not sorted anythin'
            goal: Arrange meals for children next week
[2/62] !! amb-0028 want=act    got=ignore      10.4s  "The van's MOT is end of the month and I have not rung anyo"
            goal: Arrange MOT for the van before August 31, 2026
[3/62] !! amb-0044 want=ask    got=act         12.4s  'Someone really should chase the linen company about Tuesda'
            goal: Chase linen company about Tuesday delivery
[4/62]    amb-0060 want=act    got=act         12.2s  'That TV licence renewal letter has been on the side a fort'
            goal: Renew TV licence
[5/62]    amb-0076 want=act    got=act         16.0s  'The CD cabinet key audit has not been signed off since I w'
            goal: get CD cabinet key audit signed off
[6/62]    amb-0092 want=act    got=act         28.2s  'That gearbox supplier never sent the datasheet.'
            goal: get datasheet from gearbox supplier
[7/62]    amb-0108 want=act    got=act         29.8s  'The sprayer test certificate runs out before harvest.'
            goal: renew sprayer test certificate before harvest
[8/62]    amb-0124 want=act    got=act         36.9s  'The boiler service plan letter says they will cancel if I '
            goal: reply to boiler service plan letter
[9/62] !! amb-0140 want=ask    got=ignore      11.2s  'I should probably sort life insurance now there is a mortg'
            goal: research life insurance options for mortgage
[10/62]    amb-0156 want=act    got=act         16.2s  'The club want the annual fee before the end of the month.'
            goal: Pay annual club fee
[11/62]    amb-0172 want=act    got=act         18.9s  'The invoice to the Berlin client is ninety days out now.'
            goal: send invoice reminder to Berlin client
[12/62]    amb-0188 want=ignore got=ignore       9.5s  'Right, I am going to make a brew.'
[13/62]    amb-0204 want=ignore got=ignore      11.6s  'The phone has not stopped since half seven.'
[14/62]    amb-0220 want=ignore got=ignore      23.3s  'Send, reply all, include the attachment, remove item four '
[15/62]    amb-0236 want=ignore got=ignore       7.3s  'I have already spoken to them, I will chase it tomorrow.'
[16/62]    amb-0252 want=ignore got=ignore      18.5s  'We got the tickets in the end, front section.'
[17/62]    amb-0268 want=ignore got=ignore      16.0s  'Dave, is the scaffold going up Monday or Tuesday?'
[18/62]    amb-0286 want=ignore got=ignore      40.9s  'There is that thing on Saturday.'
[19/62]    amb-0287 want=ignore got=ignore      10.1s  'The christening, right.'
[20/62] !! amb-0288 want=act    got=ignore       6.2s  'And we have not got them anything at all.'
[21/62] !! per-0001 want=act    got=ignore      37.1s  'Ugh, the school wants that permission slip back tomorrow a'
            goal: find school permission slip envelope
[22/62]    per-0017 want=act    got=act         72.0s  'The cat has been scratching at her ear all week and it is '
            goal: book vet appointment for cat's ear
[23/62]    per-0033 want=act    got=act         43.5s  'I am supposed to be doing the parents rota for the club an'
            goal: Draft parents rota email for club
[24/62]    per-0049 want=act    got=act         78.8s  'They said ring and arrange the six week check and I just, '
            goal: Schedule 6-week checkup
[25/62] !! per-0065 want=ask    got=ignore      16.8s  'I will renew the pet insurance, I just cannot remember whe'
[26/62]    per-0081 want=ignore got=ignore       6.1s  'And if you have been affected by any of the issues in toni'
[27/62]    per-0097 want=ignore got=ignore       8.2s  'The plumber is under the sink as we speak, so, fingers cro'
[28/62]    fin-0010 want=act    got=act         28.3s  'The engagement letter for Trellis has not gone out and fie'
            goal: send engagement letter for Trellis
[29/62]    fin-0026 want=act    got=act         46.8s  'The EO certificate the client asked for never actually wen'
            goal: send EO certificate to client
[30/62] !! fin-0042 want=act    got=ignore      16.3s  'I do not know what the cutoff for same day payments is now'
[31/62] !! fin-0058 want=act    got=ignore       6.4s  'The master services agreement auto renews in twenty one da'
[32/62]    fin-0074 want=ignore got=ignore       8.2s  'The visa application is with them, we are only waiting on '
[33/62]    fin-0107 want=ignore got=ignore      11.6s  'If the base rate moves again before completion.'
[34/62]    fin-0108 want=ignore got=ignore       7.2s  'The Aldridge lock runs out on the fourth either way.'
[35/62]    fin-0109 want=act    got=act         22.8s  'I need the extension request in with the lender before the'
            goal: submit extension request to lender for Aldridge lock
[36/62]    fin-0110 want=ignore got=ignore      17.3s  'Yeah, no, that one is genuinely urgent.'
            goal: submit extension request to lender for Aldridge lock before August 4
[37/62]    med-0006 want=ignore got=ignore       9.4s  'The bank shifts.'
            goal: draft extension request for Aldridge lock lender
[38/62]    med-0007 want=ignore got=ignore       4.2s  'They will not put me on the rota until the DBS check comes'
[39/62]    med-0008 want=act    got=act         13.1s  'Which means I have to actually start the DBS application, '
            goal: start DBS application
[40/62] !! med-0009 want=act    got=ignore      14.0s  'My revalidation confirmation is due and I have not even lo'
            goal: research NMC revalidation requirements for Alex
[41/62]    med-0028 want=act    got=act         17.9s  'The reformer has been out of service since August and nobo'
            goal: get quote for reformer repair
[42/62]    med-0044 want=ignore got=ignore       6.2s  'Ravi is pulling the theatre utilisation figures for the bo'
[43/62]    med-0060 want=ignore got=ignore       6.1s  'the caseload the case load the uh the mat unit said the'
[44/62]    med-0080 want=ignore got=ignore       4.1s  'Mm, yeah, no, quite.'
[45/62]    med-0099 want=ignore got=ignore       4.0s  'If the chain collapses we would be looking at redoing ever'
[46/62]    svc-0005 want=ignore got=ignore       3.1s  'Do not start the date checks tonight, Kelvin says he is do'
[47/62]    svc-0021 want=ignore got=ignore       4.0s  'If we ever did a festival stage instead of a marquee we wo'
[48/62]    svc-0037 want=act    got=act          9.1s  'My first aid certificate and the DBS both run out in the s'
            goal: Renew first aid certificate and DBS
[49/62]    svc-0053 want=act    got=act          9.1s  'The council licence inspection is annual and mine has gone'
            goal: Check council license inspection due date and schedule
[50/62]    svc-0069 want=act    got=act          9.1s  'The market stall permit is up and the council want it back'
            goal: Renew market stall permit before August 31, 2026
[51/62]    svc-0085 want=ignore got=ignore       4.0s  'In the glass, gooseberry, a little cut grass, and a long m'
[52/62]    tep-0009 want=ignore got=ignore       4.0s  'Nobody has documented what this feature column actually me'
[53/62]    tep-0025 want=act    got=act         11.1s  'The CDM regs want the principal designer appointed in writ'
            goal: Draft principal designer appointment letter for CDM regs
[54/62]    tep-0041 want=act    got=act          9.0s  'The site notice for the Ashfield application never went up'
            goal: Draft email to Alex regarding Ashfield application site notice issue
[55/62]    tep-0057 want=act    got=act          8.0s  'I told the Kaurs I would send a progress summary every fou'
            goal: Draft progress summary for the Kaurs
[56/62]    tep-0073 want=ignore got=ignore       4.1s  'Did the duty team ever ring you back about that referral?'
[57/62]    tep-0089 want=act    got=act          8.0s  'The security clearance renewal forms have been in my drawe'
            goal: process security clearance renewal forms
[58/62]    trd-0035 want=ignore got=ignore       4.0s  'Do not chase the scaffolders, Dave is ringing them about t'
[59/62] !! trd-0051 want=ask    got=ignore       4.0s  'The Wilsons want the patio pricing and I never wrote down '
[60/62]    trd-0067 want=act    got=act          8.0s  'The subfloor readings are far too high and no adhesive war'
            goal: Tell contractor subfloor readings are too high for adhesive warranty
[61/62]    trd-0083 want=ignore got=ignore       3.0s  'the pallet spaces on the on the second aisle we we lost ha'
[62/62]    trd-0099 want=act    got=act          9.0s  'My airside driving permit is out next month and the test h'
            goal: renew airside driving permit

pushed 62 in 18.7 min -> /Users/josegaelcruzlopez/Desktop/anticipy-omize/proof/ambient/rounds/k8/voice-6.jsonl
  act=26  ignore=36

Now: ~/.anticipy-rig/venv/bin/python proof/ambient/score.py
