pb        http://127.0.0.1:8090
owner_ref aomv4722ccarzj5
brain     worker: pid 89298,89307,89315,89319,89324,89338,89344,89395,89403 up since 02:13:09, newer than every file in brain/
corpus    13 utterances, 0 already done, 13 to push
pacing    gap=0.3s  timeout=240.0s  virtual convo gap=50.0s
[1/13]    amb-0012 want=act    got=act         10.7s  'I am on nights all next week and I have not sorted anythin'
            goal: arrange childcare/meals for kids next week
[2/13]    amb-0045 want=ignore got=ignore       4.0s  'Table six sent it back twice.'
[3/13] !! amb-0106 want=act    got=ignore       6.0s  'My Driver CPC hours are seven short and the cutoff is Sept'
            goal: find Driver CPC courses to make up 7 hours before September 1, 2026
[4/13]    amb-0170 want=act    got=act          7.1s  'My SIA licence expires in three months and the renewal tak'
            goal: renew SIA licence
[5/13]    amb-0210 want=ignore got=ignore       5.0s  'It would be nice to have a proper garden.'
[6/13]    amb-0310 want=ignore got=ignore       5.0s  'Did we ever sort the hotel for the wedding?'
[7/13]    fin-0030 want=act    got=act          9.2s  'The claim is with the adjuster now, but the excess payment'
            goal: Arrange excess payment for claim this week
[8/13]    med-0001 want=ignore got=ignore       4.1s  'Revalidation.'
[9/13] !! svc-0001 want=act    got=ignore       8.1s  'The stock count is Sunday night and I have not asked a sou'
            goal: arrange for staff to come in early for stock count on Sunday, August 23, 2026
[10/13]    svc-0039 want=ignore got=ignore       5.1s  'If I ever got a unit of my own I would want a sled track d'
[11/13] !! tep-0017 want=ask    got=ignore       4.1s  'I am supposed to sign the release off tonight and I do not'
[12/13]    tep-0078 want=act    got=act          9.1s  'My defib refresher has lapsed and I am on the response rot'
            goal: book defib refresher course
[13/13] !! trd-0075 want=act    got=ignore       7.0s  'I will be out of hours before Carlisle at this rate and th'
            goal: email Alex about defib refresher lapse

pushed 13 in 1.5 min -> /Users/josegaelcruzlopez/Desktop/anticipy-omize/proof/ambient/rounds/abB/voice-5.jsonl
  act=4  ignore=9

Now: ~/.anticipy-rig/venv/bin/python proof/ambient/score.py
