pb        http://127.0.0.1:8090
owner_ref 2yr3b24kbuen4ye
brain     worker: pid 6534,6545,6552,6560,6565,6570,6573,6578,6582 up since 02:01:51, newer than every file in brain/
corpus    13 utterances, 0 already done, 13 to push
pacing    gap=0.3s  timeout=240.0s  virtual convo gap=50.0s
[1/13]    amb-0028 want=act    got=act         74.7s  "The van's MOT is end of the month and I have not rung anyo"
            goal: research MOT test booking options for the van before end of August 2026
[2/13] !! amb-0056 want=act    got=ignore      27.3s  'World book day is Thursday and we have not got a costume.'
            goal: Find costume options available before World Book Day on Thursday, August 27, 2026
[3/13] !! amb-0113 want=act    got=ignore      33.3s  'The board outside the Willow Road place has been down sinc'
[4/13]    amb-0181 want=ignore got=ignore      20.2s  'It has gone cold again, has it not.'
[5/13]    amb-0222 want=ignore got=ignore      20.2s  'Bullet point, review the schedule. Bullet point, confirm t'
[6/13]    per-0018 want=act    got=act         59.5s  'I promised Mum I would sort her online banking and I keep '
            goal: set reminder to help Mum sort online banking this weekend
[7/13] !! fin-0050 want=act    got=ignore      24.2s  'I never checked how many days notice a capital call actual'
            goal: check capital call notice period requirements (10 vs 15 days)
[8/13] !! med-0012 want=act    got=ignore      33.2s  'I am forty hours short on verifiable CPD and the cycle clo'
[9/13] !! svc-0006 want=ask    got=ignore      26.2s  'The deep clean has to happen before the food hygiene ratin'
[10/13]    svc-0055 want=act    got=act         74.6s  'The Hallam album proof has been sat with me three weeks pa'
            goal: Draft email to the Hallams regarding the overdue album proof
[11/13]    tep-0021 want=ignore got=ignore      22.2s  'This design system has four different greys all called neu'
[12/13]    tep-0087 want=ignore got=ignore      26.2s  'I will put a marker on the address, actually no, leave it,'
[13/13] !! trd-0084 want=ask    got=ignore      68.6s  'I want the agency lads inducted before peak, though I have'

pushed 13 in 8.6 min -> /Users/josegaelcruzlopez/Desktop/anticipy-omize/proof/ambient/rounds/abA/voice-7.jsonl
  act=3  ignore=10

Now: ~/.anticipy-rig/venv/bin/python proof/ambient/score.py
