pb        http://127.0.0.1:8090
owner_ref yabnd1w5gr32woa
brain     worker: pid 6534,6545,6552,6560,6565,6570,6573,6578,6582 up since 02:01:51, newer than every file in brain/
corpus    14 utterances, 0 already done, 14 to push
pacing    gap=0.3s  timeout=240.0s  virtual convo gap=50.0s
[1/14] !! amb-0096 want=act    got=ignore      25.0s  'The trip risk assessment has to be with the head before th'
[2/14] !! amb-0165 want=act    got=ignore      19.2s  'The compressor service is overdue and if it goes we close '
            goal: research local compressor servicing options in Vancouver
[3/14]    amb-0206 want=ignore got=ignore      20.2s  'Everyone wants everything yesterday.'
[4/14] !! amb-0297 want=ignore got=act         47.4s  'Still need to sort that boiler.'
            goal: research boiler repair and servicing options in Vancouver
[5/14]    per-0103 want=ignore got=ignore      30.2s  'It is, it is in there, but hang on, that was done when you'
[6/14]    fin-0096 want=ignore got=ignore      28.3s  'Actually Denise scanned the lot and emailed them Friday.'
[7/14]    med-0075 want=ignore got=ignore      12.1s  'In the drama they had the paralegal cross examining someon'
[8/14]    svc-0017 want=ignore got=ignore      21.2s  'I should ring the fishmonger about Saturday, actually no, '
[9/14] !! tep-0008 want=act    got=ignore      25.2s  'The board deck goes out Monday and the churn numbers in it'
[10/14]    tep-0058 want=ignore got=ignore      18.1s  'He does the work and then argues with the mark scheme for '
[11/14]    trd-0014 want=ignore got=ignore      40.3s  'It is on the water till Thursday.'
[12/14] !! trd-0015 want=act    got=ignore      34.3s  'The customs entry has never been lodged and if it is not i'
[13/14]    trd-0069 want=ignore got=ignore      58.5s  'If we ever went all in on resin we would need a different '
[14/14] !! trd-0096 want=act    got=ignore      31.3s  'Nobody has signed the possession paperwork for Saturday ni'

pushed 14 in 6.9 min -> /Users/josegaelcruzlopez/Desktop/anticipy-omize/proof/ambient/rounds/abA/voice-3.jsonl
  act=1  ignore=13

Now: ~/.anticipy-rig/venv/bin/python proof/ambient/score.py
