pb        http://127.0.0.1:8090
owner_ref aomv4722ccarzj5
brain     worker: pid 6534,6545,6552,6560,6565,6570,6573,6578,6582,16773 up since 02:01:51, newer than every file in brain/
corpus    13 utterances, 0 already done, 13 to push
pacing    gap=0.3s  timeout=240.0s  virtual convo gap=50.0s
[1/13] !! amb-0012 want=act    got=ignore      31.8s  'I am on nights all next week and I have not sorted anythin'
            goal: research childcare and coverage options for kids next week during night shifts
[2/13] !! amb-0045 want=ignore got=error       19.2s  'Table six sent it back twice.'
[3/13] !! amb-0106 want=act    got=ignore      50.5s  'My Driver CPC hours are seven short and the cutoff is Sept'
            goal: research 7 hours of Driver CPC periodic training courses before September cutoff
[4/13] !! amb-0170 want=act    got=ignore      30.2s  'My SIA licence expires in three months and the renewal tak'
            goal: research SIA licence renewal requirements and timeline
[5/13]    amb-0210 want=ignore got=ignore      10.1s  'It would be nice to have a proper garden.'
[6/13]    amb-0310 want=ignore got=ignore      39.3s  'Did we ever sort the hotel for the wedding?'
[7/13]    fin-0030 want=act    got=act         31.3s  'The claim is with the adjuster now, but the excess payment'
            goal: schedule reminder to send insurance claim excess payment this week
[8/13]    med-0001 want=ignore got=ignore       7.1s  'Revalidation.'
[9/13]    svc-0001 want=act    got=act         67.6s  'The stock count is Sunday night and I have not asked a sou'
            goal: arrange staff to come in early for Sunday stock count on Aug 23, 2026
[10/13]    svc-0039 want=ignore got=ignore      30.3s  'If I ever got a unit of my own I would want a sled track d'
[11/13] !! tep-0017 want=ask    got=act         75.7s  'I am supposed to sign the release off tonight and I do not'
            goal: search notes and messages for agreement on blocking release on accessibility defects
[12/13] !! tep-0078 want=act    got=ignore      26.2s  'My defib refresher has lapsed and I am on the response rot'
            goal: Find defib refresher courses in Vancouver before Sunday August 23 2026
[13/13]    trd-0075 want=act    got=act         52.4s  'I will be out of hours before Carlisle at this rate and th'
            goal: Draft notification to planner about running out of hours before Carlisle

pushed 13 in 7.9 min -> /Users/josegaelcruzlopez/Desktop/anticipy-omize/proof/ambient/rounds/abA/voice-5.jsonl
  act=4  error=1  ignore=8

Now: ~/.anticipy-rig/venv/bin/python proof/ambient/score.py
