[00:30:21Z] ENGINE up: http://127.0.0.1:8731/health -> 200
[00:30:21Z] CHROME up: http://localhost:9222/json/version -> 200
[00:30:21Z] BRIDGE up: http://127.0.0.1:7777/status ok
[00:30:23Z] lock acquired (sibling demo_scenarios.sh serialized)
[00:30:23Z] ==== SURFACE 1: saucedemo ====
[00:30:24Z] BEGIN saucedemo :: intent=On the SauceDemo login page, type the text standard_user into the Username input field. The task is complete when the Username input shows the text standard_user.
[00:30:24Z] BEGIN saucedemo :: hint=https://www.saucedemo.com/ deadline=120s
[00:32:24Z] END saucedemo :: http=200 elapsed=120.26s
[00:32:24Z] wait for runner thread to quiesce before next surface
runner_idle after 0.1s; last_call_age=21.1s
[00:32:24Z] wait for engine to be alive
engine alive after 0.1s
[00:32:24Z] ==== SURFACE 2: the_internet_herokuapp ====
[00:32:25Z] BEGIN the_internet_herokuapp :: intent=On this Add/Remove Elements page, click the button labeled Add Element. The task is complete when a new button labeled Delete appears on the page below the Add Element button.
[00:32:25Z] BEGIN the_internet_herokuapp :: hint=https://the-internet.herokuapp.com/add_remove_elements/ deadline=120s
[00:34:25Z] END the_internet_herokuapp :: http=200 elapsed=120.278s
[00:34:25Z] wait for runner thread to quiesce before next surface
runner_idle after 0.1s; last_call_age=33.1s
[00:34:25Z] wait for engine to be alive
engine alive after 0.1s
[00:34:26Z] ==== SURFACE 3: wikipedia ====
[00:34:26Z] BEGIN wikipedia :: intent=Read the page heading and the very first sentence of the article body on this Wikipedia page. The task is complete when you have reported what the heading says and the first sentence of the article.
[00:34:26Z] BEGIN wikipedia :: hint=https://en.wikipedia.org/wiki/Roman_Empire deadline=120s
[00:35:10Z] END wikipedia :: http=200 elapsed=44.217s
[00:35:10Z] AGGREGATE verdict=FAIL
[00:35:10Z] AGGREGATE result.json: /Users/omarebrahim/Developer/Anticipy-V7/state/v7/universal_beyond_google_runs/20260530T003021Z/result.json
