[22:20:46Z] ENGINE up: http://127.0.0.1:8731/health -> 200
[22:20:46Z] CHROME up: http://localhost:9222/json/version -> 200
[22:20:46Z] BRIDGE up: http://127.0.0.1:7777/status ok
[22:20:46Z] ==== SURFACE 1: saucedemo ====
[22:20:47Z] BEGIN saucedemo :: intent=On the SauceDemo login page, type the text standard_user into the Username input field. The task is complete when the Username input shows the text standard_user.
[22:20:47Z] BEGIN saucedemo :: hint=https://www.saucedemo.com/ deadline=120s
[22:21:11Z] END saucedemo :: http=200 elapsed=24.067s
[22:21:11Z] wait for runner thread to quiesce before next surface
runner_idle after 18.4s; last_call_age=8.4s
[22:21:30Z] ==== SURFACE 2: the_internet_herokuapp ====
[22:21:30Z] BEGIN the_internet_herokuapp :: intent=On this Add/Remove Elements page, click the button labeled Add Element. The task is complete when a new button labeled Delete appears on the page below the Add Element button.
[22:21:30Z] BEGIN the_internet_herokuapp :: hint=https://the-internet.herokuapp.com/add_remove_elements/ deadline=120s
[22:21:30Z] END the_internet_herokuapp :: http=000000 elapsed=0.187s
[22:21:30Z] wait for runner thread to quiesce before next surface
runner_idle after 0.1s; last_call_age=9.0s
[22:21:30Z] ==== SURFACE 3: wikipedia ====
[22:21:31Z] BEGIN wikipedia :: intent=Read the page heading and the very first sentence of the article body on this Wikipedia page. The task is complete when you have reported what the heading says and the first sentence of the article.
[22:21:31Z] BEGIN wikipedia :: hint=https://en.wikipedia.org/wiki/Roman_Empire deadline=120s
[22:21:31Z] END wikipedia :: http=000000 elapsed=0.191s
[22:21:31Z] AGGREGATE verdict=FAIL
[22:21:31Z] AGGREGATE result.json: /Users/omarebrahim/Developer/Anticipy-V7/state/v7/universal_beyond_google_runs/20260529T222046Z/result.json
