[05:53:52Z] run dir: state/v7/integration_runs/orangehrm_20260527T055352Z
[05:53:52Z] bridge: http://127.0.0.1:7777  base: https://opensource-demo.orangehrmlive.com
[05:53:53Z] bridge acquired_via: chrome_applescript_loopback_bridge
[05:53:53Z] STEPS 1-5: login + dashboard
[05:54:43Z] post-login url=https://opensource-demo.orangehrmlive.com/web/index.php/auth/login title=OrangeHRM
[05:54:43Z] retry login with different tab count
[05:55:18Z] retry post-login url=https://opensource-demo.orangehrmlive.com/web/index.php/auth/login title=
[05:55:19Z] STEPS 6-7: Admin users table
[05:55:33Z] admin_users_table url=https://opensource-demo.orangehrmlive.com/web/index.php/auth/login
[05:55:35Z] STEPS 8-9: search Admin
[05:55:57Z] search url=https://opensource-demo.orangehrmlive.com/web/index.php/auth/login
[05:55:58Z] STEP 10: reset filter
[05:56:13Z] reset_filter url=https://opensource-demo.orangehrmlive.com/web/index.php/auth/login
[05:56:13Z] STEPS 11-12: PIM Add Employee form
[05:56:28Z] pim_add_employee_form url=https://opensource-demo.orangehrmlive.com/web/index.php/auth/login
[05:56:28Z] STEPS 13-15: fill name + Save + verify
[05:56:53Z] after-save url=https://opensource-demo.orangehrmlive.com/web/index.php/auth/login
[05:56:53Z] no redirect yet, polling 10s for viewPersonalDetails
[05:57:37Z] final url=https://opensource-demo.orangehrmlive.com/web/index.php/auth/login
[05:57:38Z] STEP 16: final screenshot
[05:57:53Z] final url=https://opensource-demo.orangehrmlive.com/web/index.php/auth/login
[05:57:55Z] AGGREGATE RESULTS
[05:57:55Z] login_to_dashboard         FAIL  expected match //dashboard/ in 'https://opensource-demo.orangehrmlive.com/web/index.php/auth/login'
[05:57:55Z] admin_users_table          FAIL  expected match /viewSystemUsers/ in 'https://opensource-demo.orangehrmlive.com/web/index.php/auth/login'
[05:57:55Z] admin_search               FAIL  expected match /viewSystemUsers/ in 'https://opensource-demo.orangehrmlive.com/web/index.php/auth/login'
[05:57:55Z] reset_filter               FAIL  expected match /viewSystemUsers/ in 'https://opensource-demo.orangehrmlive.com/web/index.php/auth/login'
[05:57:55Z] pim_add_employee_form      FAIL  expected match /addEmployee/ in 'https://opensource-demo.orangehrmlive.com/web/index.php/auth/login'
[05:57:55Z] employee_saved             FAIL  expected match /viewPersonalDetails|empNumber/ in 'https://opensource-demo.orangehrmlive.com/web/index.php/auth/login'
[05:57:55Z] final_screenshot           PASS  https://opensource-demo.orangehrmlive.com/web/index.php/auth/login
[05:57:55Z] Passed: 1  Failed: 6  Total: 7
