[2026-05-30T04:56:37Z] iteration start
[2026-05-30T04:56:37Z] engine_alive GREEN (pid 86658 etime 07:13)
[2026-05-30T04:56:41Z] G2_trivia_fires GREEN (22.93 ms)
[2026-05-30T04:56:41Z] G10_channel_routes GREEN (6/6)
[2026-05-30T04:56:42Z] G11_cost_ceiling GREEN (p95=0.0)
[2026-05-30T04:56:42Z] G12_failure_recovery GREEN (96 char SMS)
[2026-05-30T04:56:42Z] G3_silent_execute GREEN (age=5623s)
[2026-05-30T04:56:42Z] verdict GREEN (elapsed 5s)
[2026-05-30T04:57:02Z] iteration start
[2026-05-30T04:57:03Z] engine_alive GREEN (pid 86658 etime 07:38)
[2026-05-30T04:57:07Z] G2_trivia_fires GREEN (13.66 ms)
[2026-05-30T04:57:07Z] G10_channel_routes GREEN (6/6)
[2026-05-30T04:57:08Z] G11_cost_ceiling GREEN (p95=0.0)
[2026-05-30T04:57:08Z] G12_failure_recovery GREEN (96 char SMS)
[2026-05-30T04:57:08Z] G3_silent_execute GREEN (age=5649s, z001 skipped by env)
[2026-05-30T04:57:09Z] verdict GREEN (elapsed 7s)
[2026-05-30T04:58:08Z] runner: starting; interval=180s kill-switch=/Users/omarebrahim/.anticipy/.sentinel_off
[2026-05-30T04:58:08Z] iteration start
[2026-05-30T04:58:09Z] engine_alive GREEN (pid 86658 etime 08:45)
[2026-05-30T04:58:13Z] G2_trivia_fires GREEN (13.85 ms)
[2026-05-30T04:58:14Z] G10_channel_routes GREEN (6/6)
[2026-05-30T04:58:14Z] G11_cost_ceiling GREEN (p95=0.0)
[2026-05-30T04:58:15Z] G12_failure_recovery GREEN (96 char SMS)
[2026-05-30T04:58:15Z] deep iter: launching z001 harness (age=5716s)
[2026-05-30T04:59:30Z] G3_silent_execute RED (rc=124)
[2026-05-30T04:59:30Z] verdict RED (elapsed 82s)
[2026-05-30T04:59:30Z] runner: iter exited non-zero (RED)
[2026-05-30T05:02:30Z] iteration start
[2026-05-30T05:02:31Z] engine_alive GREEN (pid 86658 etime 13:06)
[2026-05-30T05:02:35Z] G2_trivia_fires GREEN (19.09 ms)
[2026-05-30T05:02:36Z] G10_channel_routes GREEN (6/6)
[2026-05-30T05:02:36Z] G11_cost_ceiling GREEN (p95=0.0)
[2026-05-30T05:02:37Z] G12_failure_recovery GREEN (96 char SMS)
[2026-05-30T05:02:37Z] G3_silent_execute GREEN (age=225s)
[2026-05-30T05:02:37Z] verdict GREEN (elapsed 7s)
[2026-05-30T05:05:37Z] iteration start
[2026-05-30T05:05:37Z] engine_alive GREEN (pid 86658 etime 16:13)
[2026-05-30T05:05:43Z] G2_trivia_fires GREEN (21.68 ms)
[2026-05-30T05:05:43Z] G10_channel_routes GREEN (6/6)
[2026-05-30T05:05:43Z] G11_cost_ceiling GREEN (p95=0.0)
[2026-05-30T05:05:44Z] G12_failure_recovery GREEN (96 char SMS)
[2026-05-30T05:05:44Z] G3_silent_execute GREEN (age=24s)
[2026-05-30T05:05:44Z] verdict GREEN (elapsed 7s)
[2026-05-30T05:08:44Z] iteration start
[2026-05-30T05:08:44Z] engine_alive GREEN (pid 86658 etime 19:20)
[2026-05-30T05:08:49Z] G2_trivia_fires GREEN (14.20 ms)
[2026-05-30T05:08:50Z] G10_channel_routes GREEN (6/6)
[2026-05-30T05:08:51Z] G11_cost_ceiling GREEN (p95=0.0)
[2026-05-30T05:08:51Z] G12_failure_recovery GREEN (96 char SMS)
[2026-05-30T05:08:51Z] G3_silent_execute GREEN (age=2s)
[2026-05-30T05:08:51Z] verdict GREEN (elapsed 7s)
[2026-05-30T05:11:51Z] iteration start
[2026-05-30T05:11:52Z] engine_alive GREEN (pid 86658 etime 22:28)
[2026-05-30T05:11:58Z] G2_trivia_fires GREEN (16.47 ms)
[2026-05-30T05:11:58Z] G10_channel_routes GREEN (6/6)
[2026-05-30T05:11:59Z] G11_cost_ceiling GREEN (p95=0.0)
[2026-05-30T05:12:00Z] G12_failure_recovery GREEN (96 char SMS)
[2026-05-30T05:12:01Z] G3_silent_execute GREEN (age=35s)
[2026-05-30T05:12:02Z] verdict GREEN (elapsed 11s)
[2026-05-30T05:15:02Z] iteration start
[2026-05-30T05:15:02Z] engine_alive GREEN (pid 86658 etime 25:38)
[2026-05-30T05:15:06Z] G2_trivia_fires GREEN (13.05 ms)
[2026-05-30T05:15:07Z] G10_channel_routes GREEN (6/6)
[2026-05-30T05:15:08Z] G11_cost_ceiling GREEN (p95=0.0)
[2026-05-30T05:15:08Z] G12_failure_recovery GREEN (96 char SMS)
[2026-05-30T05:15:08Z] G3_silent_execute GREEN (age=176s)
[2026-05-30T05:15:08Z] verdict GREEN (elapsed 6s)
[2026-05-30T05:18:08Z] iteration start
[2026-05-30T05:18:09Z] engine_alive GREEN (pid 86658 etime 28:45)
[2026-05-30T05:18:14Z] G2_trivia_fires GREEN (16.90 ms)
[2026-05-30T05:18:14Z] G10_channel_routes GREEN (6/6)
[2026-05-30T05:18:15Z] G11_cost_ceiling GREEN (p95=0.0)
[2026-05-30T05:18:15Z] G12_failure_recovery GREEN (96 char SMS)
[2026-05-30T05:18:15Z] G3_silent_execute GREEN (age=363s)
[2026-05-30T05:18:16Z] verdict GREEN (elapsed 8s)
[2026-05-30T05:21:16Z] iteration start
[2026-05-30T05:21:16Z] engine_alive RED (engine /health returned empty body (curl failed?))
[2026-05-30T05:21:17Z] G2_trivia_fires RED (no G2 PASS line; tail=FAIL: engine not healthy (0): {'error': 'URLError: <urlopen error [Errno 61] Connection refused>'})
[2026-05-30T05:21:17Z] G10_channel_routes GREEN (6/6)
[2026-05-30T05:21:17Z] G11_cost_ceiling RED (empty body from /api/cost/stats)
[2026-05-30T05:21:18Z] G12_failure_recovery RED (empty body from /api/recovery/test)
[2026-05-30T05:21:18Z] G3_silent_execute GREEN (age=545s)
[2026-05-30T05:21:18Z] verdict RED (elapsed 2s)
[2026-05-30T05:21:18Z] runner: iter exited non-zero (RED)
[2026-05-30T05:23:11Z] iteration start
[2026-05-30T05:23:11Z] engine_alive GREEN (pid 4454 etime 02:00)
[2026-05-30T05:23:16Z] G2_trivia_fires GREEN (11.65 ms)
[2026-05-30T05:23:16Z] G10_channel_routes GREEN (6/6)
[2026-05-30T05:23:17Z] G11_cost_ceiling GREEN (p95=0.0)
[2026-05-30T05:23:17Z] G12_failure_recovery GREEN (96 char SMS)
[2026-05-30T05:23:17Z] G3_silent_execute GREEN (age=665s)
[2026-05-30T05:23:18Z] verdict GREEN (elapsed 7s)
[2026-05-30T05:24:18Z] iteration start
[2026-05-30T05:24:18Z] engine_alive GREEN (pid 4454 etime 03:07)
[2026-05-30T05:24:23Z] G2_trivia_fires GREEN (15.95 ms)
[2026-05-30T05:24:23Z] G10_channel_routes GREEN (6/6)
[2026-05-30T05:24:24Z] G11_cost_ceiling GREEN (p95=0.0)
[2026-05-30T05:24:24Z] G12_failure_recovery GREEN (96 char SMS)
[2026-05-30T05:24:24Z] G3_silent_execute GREEN (age=731s)
[2026-05-30T05:24:24Z] verdict GREEN (elapsed 6s)
[2026-05-30T05:27:24Z] iteration start
[2026-05-30T05:27:25Z] engine_alive GREEN (pid 4454 etime 06:13)
[2026-05-30T05:27:30Z] G2_trivia_fires GREEN (14.22 ms)
[2026-05-30T05:27:31Z] G10_channel_routes GREEN (6/6)
[2026-05-30T05:27:31Z] G11_cost_ceiling GREEN (p95=0.0)
[2026-05-30T05:27:31Z] G12_failure_recovery GREEN (96 char SMS)
[2026-05-30T05:27:31Z] G3_silent_execute GREEN (age=919s)
[2026-05-30T05:27:31Z] verdict GREEN (elapsed 7s)
[2026-05-30T05:30:32Z] iteration start
[2026-05-30T05:30:32Z] engine_alive GREEN (pid 4454 etime 09:21)
[2026-05-30T05:30:37Z] G2_trivia_fires GREEN (63.23 ms)
[2026-05-30T05:30:38Z] G10_channel_routes GREEN (6/6)
[2026-05-30T05:30:38Z] G11_cost_ceiling GREEN (p95=0.0)
[2026-05-30T05:30:39Z] G12_failure_recovery GREEN (96 char SMS)
[2026-05-30T05:30:39Z] G3_silent_execute GREEN (age=1106s)
[2026-05-30T05:30:39Z] verdict GREEN (elapsed 7s)
[2026-05-30T05:33:39Z] iteration start
[2026-05-30T05:33:39Z] engine_alive GREEN (pid 4454 etime 12:28)
[2026-05-30T05:33:44Z] G2_trivia_fires GREEN (22.18 ms)
[2026-05-30T05:33:44Z] G10_channel_routes GREEN (6/6)
[2026-05-30T05:33:44Z] G11_cost_ceiling GREEN (p95=0.0)
[2026-05-30T05:33:45Z] G12_failure_recovery GREEN (96 char SMS)
[2026-05-30T05:33:45Z] G3_silent_execute GREEN (age=1293s)
[2026-05-30T05:33:45Z] verdict GREEN (elapsed 6s)
[2026-05-30T05:42:23Z] runner: starting; interval=180s kill-switch=/Users/omarebrahim/.anticipy/.sentinel_off
[2026-05-30T05:42:23Z] iteration start
[2026-05-30T05:42:23Z] engine_alive GREEN (pid 92216 etime 01:30)
[2026-05-30T05:42:24Z] G2_trivia_fires RED (no G2 PASS line; tail=FAIL: trivia/recent 404: {'error': 'HTTP Error 404: Not Found'})
[2026-05-30T05:42:25Z] G10_channel_routes GREEN (6/6)
[2026-05-30T05:42:25Z] G11_cost_ceiling RED (cost stats ok=false body={"detail":"Not Found"})
[2026-05-30T05:42:25Z] G12_failure_recovery RED (recovery ok=false body={"detail":"Not Found"})
[2026-05-30T05:42:25Z] deep iter: launching z001 harness (age=1813s)
[2026-05-30T05:42:35Z] G3_silent_execute RED (rc=1)
[2026-05-30T05:42:35Z] verdict RED (elapsed 12s)
[2026-05-30T05:42:35Z] runner: iter exited non-zero (RED)
[2026-05-30T05:45:35Z] runner: kill-switch present at /Users/omarebrahim/.anticipy/.sentinel_off; exiting
[2026-05-30T06:30:56Z] runner: starting; interval=180s kill-switch=/Users/omarebrahim/.anticipy/.sentinel_off
[2026-05-30T06:30:56Z] iteration start
[2026-05-30T06:30:56Z] engine_alive GREEN (pid 1205 etime 01:54)
[2026-05-30T06:30:59Z] iteration start
[2026-05-30T06:30:59Z] engine_alive GREEN (pid 1205 etime 01:57)
[2026-05-30T06:30:59Z] G2_trivia_fires GREEN (12.14 ms)
[2026-05-30T06:31:00Z] G10_channel_routes GREEN (6/6)
[2026-05-30T06:31:00Z] G11_cost_ceiling GREEN (p95=0.0)
[2026-05-30T06:31:00Z] G12_failure_recovery GREEN (96 char SMS)
[2026-05-30T06:31:00Z] deep iter: launching z001 harness (age=2905s)
[2026-05-30T06:31:03Z] G2_trivia_fires GREEN (12.81 ms)
[2026-05-30T06:31:03Z] G10_channel_routes GREEN (6/6)
[2026-05-30T06:31:03Z] G11_cost_ceiling GREEN (p95=0.0)
[2026-05-30T06:31:04Z] G12_failure_recovery GREEN (96 char SMS)
[2026-05-30T06:31:04Z] deep iter: launching z001 harness (age=2909s)
[2026-05-30T06:31:10Z] G3_silent_execute RED (rc=1)
[2026-05-30T06:31:10Z] verdict RED (elapsed 14s)
[2026-05-30T06:31:10Z] runner: iter exited non-zero (RED)
[2026-05-30T06:31:13Z] G3_silent_execute RED (rc=1)
[2026-05-30T06:31:13Z] verdict RED (elapsed 14s)
[2026-05-30T06:34:10Z] iteration start
[2026-05-30T06:34:10Z] engine_alive GREEN (pid 1205 etime 05:08)
[2026-05-30T06:34:13Z] G2_trivia_fires GREEN (15.30 ms)
[2026-05-30T06:34:14Z] G10_channel_routes GREEN (6/6)
[2026-05-30T06:34:14Z] G11_cost_ceiling GREEN (p95=0.0)
[2026-05-30T06:34:14Z] G12_failure_recovery GREEN (96 char SMS)
[2026-05-30T06:34:15Z] G3_silent_execute GREEN (age=15s)
[2026-05-30T06:34:15Z] verdict GREEN (elapsed 5s)
[2026-05-30T06:36:09Z] iteration start
[2026-05-30T06:36:09Z] engine_alive GREEN (pid 1205 etime 07:07)
[2026-05-30T06:36:13Z] G2_trivia_fires GREEN (10.76 ms)
[2026-05-30T06:36:13Z] G10_channel_routes GREEN (6/6)
[2026-05-30T06:36:13Z] G11_cost_ceiling GREEN (p95=0.0)
[2026-05-30T06:36:14Z] G12_failure_recovery GREEN (96 char SMS)
[2026-05-30T06:36:14Z] G3_silent_execute GREEN (age=43s)
[2026-05-30T06:36:14Z] verdict GREEN (elapsed 5s)
[2026-05-30T06:37:15Z] iteration start
[2026-05-30T06:37:20Z] engine_alive RED (engine /health returned empty body (curl failed?))
[2026-05-30T06:37:26Z] G2_trivia_fires RED (no G2 PASS line; tail=FAIL: engine not healthy (0): {'error': 'TimeoutError: timed out'})
[2026-05-30T06:37:26Z] G10_channel_routes GREEN (6/6)
[2026-05-30T06:37:28Z] G11_cost_ceiling GREEN (p95=0.0)
[2026-05-30T06:37:29Z] G12_failure_recovery GREEN (96 char SMS)
[2026-05-30T06:37:29Z] G3_silent_execute GREEN (age=118s)
[2026-05-30T06:37:29Z] verdict RED (elapsed 14s)
[2026-05-30T06:37:29Z] runner: iter exited non-zero (RED)
[2026-05-30T06:40:29Z] iteration start
[2026-05-30T06:40:29Z] engine_alive GREEN (pid 1205 etime 11:27)
[2026-05-30T06:40:33Z] G2_trivia_fires GREEN (12.26 ms)
[2026-05-30T06:40:34Z] G10_channel_routes GREEN (6/6)
[2026-05-30T06:40:34Z] G11_cost_ceiling GREEN (p95=0.0)
[2026-05-30T06:40:34Z] G12_failure_recovery GREEN (96 char SMS)
[2026-05-30T06:40:35Z] G3_silent_execute GREEN (age=30s)
[2026-05-30T06:40:35Z] verdict GREEN (elapsed 6s)
[2026-05-30T06:43:35Z] iteration start
[2026-05-30T06:43:35Z] engine_alive GREEN (pid 1205 etime 14:33)
[2026-05-30T06:43:38Z] G2_trivia_fires GREEN (13.22 ms)
[2026-05-30T06:43:39Z] G10_channel_routes GREEN (6/6)
[2026-05-30T06:43:39Z] G11_cost_ceiling GREEN (p95=0.0)
[2026-05-30T06:43:39Z] G12_failure_recovery GREEN (96 char SMS)
[2026-05-30T06:43:39Z] G3_silent_execute GREEN (age=215s)
[2026-05-30T06:43:39Z] verdict GREEN (elapsed 4s)
[2026-05-30T06:46:40Z] iteration start
[2026-05-30T06:46:40Z] engine_alive GREEN (pid 1205 etime 17:38)
[2026-05-30T06:46:43Z] G2_trivia_fires GREEN (12.79 ms)
[2026-05-30T06:46:43Z] G10_channel_routes GREEN (6/6)
[2026-05-30T06:46:44Z] G11_cost_ceiling GREEN (p95=0.0)
[2026-05-30T06:46:44Z] G12_failure_recovery GREEN (96 char SMS)
[2026-05-30T06:46:44Z] G3_silent_execute GREEN (age=400s)
[2026-05-30T06:46:44Z] verdict GREEN (elapsed 5s)
[2026-05-30T06:49:44Z] iteration start
[2026-05-30T06:49:45Z] engine_alive GREEN (pid 1205 etime 20:42)
[2026-05-30T06:49:48Z] G2_trivia_fires GREEN (12.96 ms)
[2026-05-30T06:49:48Z] G10_channel_routes GREEN (6/6)
[2026-05-30T06:49:49Z] G11_cost_ceiling GREEN (p95=0.0)
[2026-05-30T06:49:49Z] G12_failure_recovery GREEN (96 char SMS)
[2026-05-30T06:49:49Z] G3_silent_execute GREEN (age=585s)
[2026-05-30T06:49:49Z] verdict GREEN (elapsed 5s)
[2026-05-30T06:52:49Z] iteration start
[2026-05-30T06:52:50Z] engine_alive GREEN (pid 13272 etime 02:03)
[2026-05-30T06:52:53Z] G2_trivia_fires GREEN (16.13 ms)
[2026-05-30T06:52:54Z] G10_channel_routes GREEN (6/6)
[2026-05-30T06:52:54Z] G11_cost_ceiling GREEN (p95=0.0)
[2026-05-30T06:52:54Z] G12_failure_recovery GREEN (96 char SMS)
[2026-05-30T06:52:54Z] G3_silent_execute GREEN (age=770s)
[2026-05-30T06:52:54Z] verdict GREEN (elapsed 5s)
[2026-05-30T06:55:55Z] iteration start
[2026-05-30T06:55:55Z] engine_alive GREEN (pid 13272 etime 05:09)
[2026-05-30T06:55:58Z] G2_trivia_fires GREEN (11.39 ms)
[2026-05-30T06:55:59Z] G10_channel_routes GREEN (6/6)
[2026-05-30T06:55:59Z] G11_cost_ceiling GREEN (p95=0.0)
[2026-05-30T06:55:59Z] G12_failure_recovery GREEN (96 char SMS)
[2026-05-30T06:55:59Z] G3_silent_execute GREEN (age=955s)
[2026-05-30T06:56:00Z] verdict GREEN (elapsed 5s)
[2026-05-30T06:59:00Z] iteration start
[2026-05-30T06:59:00Z] engine_alive GREEN (pid 13272 etime 08:14)
[2026-05-30T06:59:04Z] G2_trivia_fires GREEN (13.86 ms)
[2026-05-30T06:59:04Z] G10_channel_routes GREEN (6/6)
[2026-05-30T06:59:04Z] G11_cost_ceiling GREEN (p95=0.0)
[2026-05-30T06:59:05Z] G12_failure_recovery GREEN (96 char SMS)
[2026-05-30T06:59:05Z] G3_silent_execute GREEN (age=1141s)
[2026-05-30T06:59:05Z] verdict GREEN (elapsed 5s)
[2026-05-30T07:02:05Z] iteration start
[2026-05-30T07:02:05Z] engine_alive GREEN (pid 13272 etime 11:19)
[2026-05-30T07:02:09Z] G2_trivia_fires GREEN (12.49 ms)
[2026-05-30T07:02:10Z] G10_channel_routes GREEN (6/6)
[2026-05-30T07:02:10Z] G11_cost_ceiling GREEN (p95=0.0)
[2026-05-30T07:02:10Z] G12_failure_recovery GREEN (96 char SMS)
[2026-05-30T07:02:11Z] G3_silent_execute GREEN (age=45s)
[2026-05-30T07:02:11Z] verdict GREEN (elapsed 6s)
[2026-05-30T07:05:11Z] iteration start
[2026-05-30T07:05:11Z] engine_alive GREEN (pid 13272 etime 14:25)
[2026-05-30T07:05:15Z] G2_trivia_fires GREEN (12.19 ms)
[2026-05-30T07:05:15Z] G10_channel_routes GREEN (6/6)
[2026-05-30T07:05:15Z] G11_cost_ceiling GREEN (p95=0.0)
[2026-05-30T07:05:16Z] G12_failure_recovery GREEN (96 char SMS)
[2026-05-30T07:05:16Z] G3_silent_execute GREEN (age=72s)
[2026-05-30T07:05:16Z] verdict GREEN (elapsed 5s)
[2026-05-30T07:08:16Z] iteration start
[2026-05-30T07:08:20Z] engine_alive GREEN (pid 13272 etime 17:34)
[2026-05-30T07:08:23Z] G2_trivia_fires GREEN (11.35 ms)
[2026-05-30T07:08:23Z] G10_channel_routes GREEN (6/6)
[2026-05-30T07:08:24Z] G11_cost_ceiling GREEN (p95=0.0)
[2026-05-30T07:08:24Z] G12_failure_recovery GREEN (96 char SMS)
[2026-05-30T07:08:24Z] G3_silent_execute GREEN (age=28s)
[2026-05-30T07:08:24Z] verdict GREEN (elapsed 8s)
[2026-05-30T07:11:24Z] iteration start
[2026-05-30T07:11:25Z] engine_alive GREEN (pid 13272 etime 20:38)
[2026-05-30T07:11:28Z] G2_trivia_fires GREEN (11.98 ms)
[2026-05-30T07:11:29Z] G10_channel_routes GREEN (6/6)
[2026-05-30T07:11:29Z] G11_cost_ceiling GREEN (p95=0.0)
[2026-05-30T07:11:29Z] G12_failure_recovery GREEN (96 char SMS)
[2026-05-30T07:11:29Z] G3_silent_execute GREEN (age=34s)
[2026-05-30T07:11:29Z] verdict GREEN (elapsed 5s)
[2026-05-30T07:14:29Z] iteration start
[2026-05-30T07:14:30Z] engine_alive GREEN (pid 13272 etime 23:44)
[2026-05-30T07:14:34Z] G2_trivia_fires GREEN (11.21 ms)
[2026-05-30T07:14:35Z] G10_channel_routes GREEN (6/6)
[2026-05-30T07:14:35Z] G11_cost_ceiling GREEN (p95=0.0)
[2026-05-30T07:14:35Z] G12_failure_recovery GREEN (96 char SMS)
[2026-05-30T07:14:35Z] G3_silent_execute GREEN (age=10s)
[2026-05-30T07:14:35Z] verdict GREEN (elapsed 6s)
[2026-05-30T07:17:35Z] iteration start
[2026-05-30T07:17:36Z] engine_alive GREEN (pid 13272 etime 26:50)
[2026-05-30T07:17:39Z] G2_trivia_fires GREEN (13.90 ms)
[2026-05-30T07:17:40Z] G10_channel_routes GREEN (6/6)
[2026-05-30T07:17:40Z] G11_cost_ceiling GREEN (p95=0.0)
[2026-05-30T07:17:40Z] G12_failure_recovery GREEN (96 char SMS)
[2026-05-30T07:17:40Z] G3_silent_execute GREEN (age=195s)
[2026-05-30T07:17:40Z] verdict GREEN (elapsed 5s)
[2026-05-30T07:20:41Z] iteration start
[2026-05-30T07:20:41Z] engine_alive GREEN (pid 13272 etime 29:55)
[2026-05-30T07:20:45Z] G2_trivia_fires GREEN (13.19 ms)
[2026-05-30T07:20:45Z] G10_channel_routes GREEN (6/6)
[2026-05-30T07:20:45Z] G11_cost_ceiling GREEN (p95=0.0)
[2026-05-30T07:20:46Z] G12_failure_recovery GREEN (96 char SMS)
[2026-05-30T07:20:46Z] G3_silent_execute GREEN (age=380s)
[2026-05-30T07:20:46Z] verdict GREEN (elapsed 5s)
[2026-05-30T07:23:17Z] iteration start
[2026-05-30T07:23:18Z] engine_alive GREEN (pid 13272 etime 32:31)
[2026-05-30T07:23:21Z] G2_trivia_fires GREEN (14.05 ms)
[2026-05-30T07:23:22Z] G10_channel_routes GREEN (6/6)
[2026-05-30T07:23:22Z] G11_cost_ceiling GREEN (p95=0.0)
[2026-05-30T07:23:22Z] G12_failure_recovery GREEN (96 char SMS)
[2026-05-30T07:23:23Z] G3_silent_execute GREEN (age=537s)
[2026-05-30T07:23:23Z] verdict GREEN (elapsed 6s)
[2026-05-30T07:23:46Z] iteration start
[2026-05-30T07:23:46Z] engine_alive GREEN (pid 13272 etime 33:00)
[2026-05-30T07:23:50Z] G2_trivia_fires GREEN (11.71 ms)
[2026-05-30T07:23:50Z] G10_channel_routes GREEN (6/6)
[2026-05-30T07:23:50Z] G11_cost_ceiling GREEN (p95=0.0)
[2026-05-30T07:23:51Z] G12_failure_recovery GREEN (96 char SMS)
[2026-05-30T07:23:51Z] G3_silent_execute GREEN (age=566s)
[2026-05-30T07:23:51Z] verdict GREEN (elapsed 5s)
[2026-05-30T07:26:51Z] iteration start
[2026-05-30T07:26:51Z] engine_alive GREEN (pid 13272 etime 36:05)
[2026-05-30T07:26:56Z] G2_trivia_fires GREEN (13.20 ms)
[2026-05-30T07:26:56Z] G10_channel_routes GREEN (6/6)
[2026-05-30T07:26:56Z] G11_cost_ceiling GREEN (p95=0.0)
[2026-05-30T07:26:57Z] G12_failure_recovery GREEN (96 char SMS)
[2026-05-30T07:26:57Z] G3_silent_execute GREEN (age=752s)
[2026-05-30T07:26:57Z] verdict GREEN (elapsed 6s)
[2026-05-30T07:29:57Z] iteration start
[2026-05-30T07:29:57Z] engine_alive GREEN (pid 13272 etime 39:11)
[2026-05-30T07:30:01Z] G2_trivia_fires GREEN (15.00 ms)
[2026-05-30T07:30:02Z] G10_channel_routes GREEN (6/6)
[2026-05-30T07:30:02Z] G11_cost_ceiling GREEN (p95=0.0)
[2026-05-30T07:30:02Z] G12_failure_recovery GREEN (96 char SMS)
[2026-05-30T07:30:02Z] G3_silent_execute GREEN (age=937s)
[2026-05-30T07:30:02Z] verdict GREEN (elapsed 5s)
[2026-05-30T07:30:48Z] iteration start
[2026-05-30T07:30:49Z] engine_alive GREEN (pid 13272 etime 40:03)
[2026-05-30T07:30:52Z] G2_trivia_fires GREEN (12.75 ms)
[2026-05-30T07:30:52Z] G10_channel_routes GREEN (6/6)
[2026-05-30T07:30:53Z] G11_cost_ceiling GREEN (p95=0.0)
[2026-05-30T07:30:53Z] G12_failure_recovery GREEN (96 char SMS)
[2026-05-30T07:30:53Z] G3_silent_execute GREEN (age=988s)
[2026-05-30T07:30:53Z] verdict GREEN (elapsed 5s)
[2026-05-30T07:33:03Z] iteration start
[2026-05-30T07:33:03Z] engine_alive GREEN (pid 13272 etime 42:17)
[2026-05-30T07:33:07Z] G2_trivia_fires GREEN (13.21 ms)
[2026-05-30T07:33:07Z] G10_channel_routes GREEN (6/6)
[2026-05-30T07:33:07Z] G11_cost_ceiling GREEN (p95=0.0)
[2026-05-30T07:33:08Z] G12_failure_recovery GREEN (96 char SMS)
[2026-05-30T07:33:08Z] G3_silent_execute GREEN (age=1122s)
[2026-05-30T07:33:08Z] verdict GREEN (elapsed 5s)
[2026-05-30T07:34:07Z] iteration start
[2026-05-30T07:34:07Z] engine_alive GREEN (pid 13272 etime 43:21)
[2026-05-30T07:34:11Z] G2_trivia_fires GREEN (12.64 ms)
[2026-05-30T07:34:11Z] G10_channel_routes GREEN (6/6)
[2026-05-30T07:34:11Z] G11_cost_ceiling GREEN (p95=0.0)
[2026-05-30T07:34:11Z] G12_failure_recovery GREEN (96 char SMS)
[2026-05-30T07:34:12Z] G3_silent_execute GREEN (age=1186s)
[2026-05-30T07:34:12Z] verdict GREEN (elapsed 5s)
[2026-05-30T07:36:08Z] iteration start
[2026-05-30T07:36:08Z] engine_alive GREEN (pid 13272 etime 45:22)
[2026-05-30T07:36:12Z] G2_trivia_fires GREEN (12.75 ms)
[2026-05-30T07:36:13Z] G10_channel_routes GREEN (6/6)
[2026-05-30T07:36:13Z] G11_cost_ceiling GREEN (p95=0.0)
[2026-05-30T07:36:13Z] G12_failure_recovery GREEN (96 char SMS)
[2026-05-30T07:36:14Z] G3_silent_execute GREEN (age=1308s)
[2026-05-30T07:36:14Z] verdict GREEN (elapsed 6s)
[2026-05-30T07:39:14Z] iteration start
[2026-05-30T07:39:14Z] engine_alive GREEN (pid 13272 etime 48:28)
[2026-05-30T07:39:18Z] G2_trivia_fires GREEN (13.19 ms)
[2026-05-30T07:39:18Z] G10_channel_routes GREEN (6/6)
[2026-05-30T07:39:19Z] G11_cost_ceiling GREEN (p95=0.0)
[2026-05-30T07:39:19Z] G12_failure_recovery GREEN (96 char SMS)
[2026-05-30T07:39:19Z] G3_silent_execute GREEN (age=1494s)
[2026-05-30T07:39:19Z] verdict GREEN (elapsed 5s)
[2026-05-30T07:42:19Z] iteration start
[2026-05-30T07:42:20Z] engine_alive GREEN (pid 13272 etime 51:34)
[2026-05-30T07:42:23Z] G2_trivia_fires GREEN (12.79 ms)
[2026-05-30T07:42:24Z] G10_channel_routes GREEN (6/6)
[2026-05-30T07:42:24Z] G11_cost_ceiling GREEN (p95=0.0)
[2026-05-30T07:42:24Z] G12_failure_recovery GREEN (96 char SMS)
[2026-05-30T07:42:24Z] deep iter: launching z001 harness (age=1679s)
[2026-05-30T07:43:40Z] G3_silent_execute RED (rc=124)
[2026-05-30T07:43:40Z] verdict RED (elapsed 81s)
[2026-05-30T07:43:40Z] runner: iter exited non-zero (RED)
[2026-05-30T07:45:54Z] iteration start
[2026-05-30T07:45:54Z] engine_alive GREEN (pid 13272 etime 55:08)
[2026-05-30T07:45:57Z] G2_trivia_fires GREEN (12.90 ms)
[2026-05-30T07:45:58Z] G10_channel_routes GREEN (6/6)
[2026-05-30T07:45:58Z] G11_cost_ceiling GREEN (p95=0.0)
[2026-05-30T07:45:58Z] G12_failure_recovery GREEN (96 char SMS)
[2026-05-30T07:45:59Z] G3_silent_execute GREEN (age=157s)
[2026-05-30T07:45:59Z] verdict GREEN (elapsed 5s)
[2026-05-30T07:46:40Z] iteration start
[2026-05-30T07:46:40Z] engine_alive GREEN (pid 13272 etime 55:54)
[2026-05-30T07:46:44Z] G2_trivia_fires GREEN (12.62 ms)
[2026-05-30T07:46:44Z] G10_channel_routes GREEN (6/6)
[2026-05-30T07:46:44Z] G11_cost_ceiling GREEN (p95=0.0)
[2026-05-30T07:46:45Z] G12_failure_recovery GREEN (96 char SMS)
[2026-05-30T07:46:45Z] G3_silent_execute GREEN (age=204s)
[2026-05-30T07:46:45Z] verdict GREEN (elapsed 5s)
[2026-05-30T07:48:43Z] iteration start
[2026-05-30T07:48:43Z] engine_alive GREEN (pid 13272 etime 57:57)
[2026-05-30T07:48:47Z] G2_trivia_fires GREEN (10.92 ms)
[2026-05-30T07:48:47Z] G10_channel_routes GREEN (6/6)
[2026-05-30T07:48:47Z] G11_cost_ceiling GREEN (p95=0.0)
[2026-05-30T07:48:48Z] G12_failure_recovery GREEN (96 char SMS)
[2026-05-30T07:48:48Z] deep iter: launching z001 harness (age=25s)
[2026-05-30T07:49:35Z] G3_silent_execute GREEN (z001 PASS age=0s)
[2026-05-30T07:49:35Z] verdict GREEN (elapsed 52s)
[2026-05-30T07:49:45Z] iteration start
[2026-05-30T07:49:46Z] engine_alive GREEN (pid 13272 etime 59:00)
[2026-05-30T07:49:47Z] iteration start
[2026-05-30T07:49:47Z] engine_alive GREEN (pid 13272 etime 59:01)
[2026-05-30T07:49:49Z] G2_trivia_fires GREEN (12.33 ms)
[2026-05-30T07:49:49Z] G10_channel_routes GREEN (6/6)
[2026-05-30T07:49:50Z] G11_cost_ceiling GREEN (p95=0.0)
[2026-05-30T07:49:50Z] G12_failure_recovery GREEN (96 char SMS)
[2026-05-30T07:49:50Z] G3_silent_execute GREEN (age=15s)
[2026-05-30T07:49:50Z] verdict GREEN (elapsed 5s)
[2026-05-30T07:49:50Z] G2_trivia_fires GREEN (12.33 ms)
[2026-05-30T07:49:51Z] G10_channel_routes GREEN (6/6)
[2026-05-30T07:49:51Z] G11_cost_ceiling GREEN (p95=0.0)
[2026-05-30T07:49:51Z] G12_failure_recovery GREEN (96 char SMS)
[2026-05-30T07:49:51Z] deep iter: launching z001 harness (age=16s)
[2026-05-30T07:50:37Z] G3_silent_execute GREEN (z001 PASS age=0s)
[2026-05-30T07:50:37Z] verdict GREEN (elapsed 50s)
[2026-05-30T07:50:52Z] iteration start
[2026-05-30T07:50:53Z] engine_alive GREEN (pid 13272 etime 01:00:07)
[2026-05-30T07:50:56Z] G2_trivia_fires GREEN (16.13 ms)
[2026-05-30T07:50:57Z] G10_channel_routes GREEN (6/6)
[2026-05-30T07:50:57Z] G11_cost_ceiling GREEN (p95=0.0)
[2026-05-30T07:50:57Z] G12_failure_recovery GREEN (96 char SMS)
[2026-05-30T07:50:58Z] G3_silent_execute GREEN (age=20s)
[2026-05-30T07:50:58Z] verdict GREEN (elapsed 6s)
[2026-05-30T07:51:31Z] iteration start
[2026-05-30T07:51:31Z] engine_alive GREEN (pid 13272 etime 01:00:45)
[2026-05-30T07:51:36Z] G2_trivia_fires GREEN (11.77 ms)
[2026-05-30T07:51:36Z] G10_channel_routes GREEN (6/6)
[2026-05-30T07:51:36Z] G11_cost_ceiling GREEN (p95=0.0)
[2026-05-30T07:51:37Z] G12_failure_recovery GREEN (96 char SMS)
[2026-05-30T07:51:37Z] G3_silent_execute GREEN (age=60s)
[2026-05-30T07:51:37Z] verdict GREEN (elapsed 6s)
[2026-05-30T07:52:02Z] iteration start
[2026-05-30T07:52:02Z] engine_alive GREEN (pid 13272 etime 01:01:16)
[2026-05-30T07:52:06Z] G2_trivia_fires GREEN (13.62 ms)
[2026-05-30T07:52:06Z] G10_channel_routes GREEN (6/6)
[2026-05-30T07:52:06Z] G11_cost_ceiling GREEN (p95=0.0)
[2026-05-30T07:52:07Z] G12_failure_recovery GREEN (96 char SMS)
[2026-05-30T07:52:07Z] G3_silent_execute GREEN (age=90s)
[2026-05-30T07:52:07Z] verdict GREEN (elapsed 5s)
[2026-05-30T07:52:50Z] iteration start
[2026-05-30T07:52:51Z] engine_alive GREEN (pid 13272 etime 01:02:05)
[2026-05-30T07:52:54Z] G2_trivia_fires GREEN (12.50 ms)
[2026-05-30T07:52:55Z] G10_channel_routes GREEN (6/6)
[2026-05-30T07:52:55Z] G11_cost_ceiling GREEN (p95=0.0)
[2026-05-30T07:52:55Z] G12_failure_recovery GREEN (96 char SMS)
[2026-05-30T07:52:56Z] G3_silent_execute GREEN (age=138s)
[2026-05-30T07:52:56Z] verdict GREEN (elapsed 6s)
[2026-05-30T07:53:09Z] iteration start
[2026-05-30T07:53:09Z] engine_alive GREEN (pid 13272 etime 01:02:23)
[2026-05-30T07:53:12Z] G2_trivia_fires GREEN (11.19 ms)
[2026-05-30T07:53:13Z] G10_channel_routes GREEN (6/6)
[2026-05-30T07:53:13Z] G11_cost_ceiling GREEN (p95=0.0)
[2026-05-30T07:53:13Z] G12_failure_recovery GREEN (96 char SMS)
[2026-05-30T07:53:13Z] G3_silent_execute GREEN (age=156s)
[2026-05-30T07:53:14Z] verdict GREEN (elapsed 5s)
[2026-05-30T07:55:56Z] iteration start
[2026-05-30T07:55:56Z] engine_alive GREEN (pid 13272 etime 01:05:10)
[2026-05-30T07:56:00Z] G2_trivia_fires GREEN (15.31 ms)
[2026-05-30T07:56:00Z] G10_channel_routes GREEN (6/6)
[2026-05-30T07:56:01Z] G11_cost_ceiling GREEN (p95=0.0)
[2026-05-30T07:56:01Z] G12_failure_recovery GREEN (96 char SMS)
[2026-05-30T07:56:01Z] G3_silent_execute GREEN (age=324s)
[2026-05-30T07:56:01Z] verdict GREEN (elapsed 5s)
[2026-05-30T07:59:01Z] iteration start
[2026-05-30T07:59:02Z] engine_alive GREEN (pid 13272 etime 01:08:16)
[2026-05-30T07:59:06Z] G2_trivia_fires GREEN (16.38 ms)
[2026-05-30T07:59:07Z] G10_channel_routes GREEN (6/6)
[2026-05-30T07:59:07Z] G11_cost_ceiling GREEN (p95=0.0)
[2026-05-30T07:59:07Z] G12_failure_recovery GREEN (96 char SMS)
[2026-05-30T07:59:08Z] G3_silent_execute GREEN (age=510s)
[2026-05-30T07:59:08Z] verdict GREEN (elapsed 7s)
[2026-05-30T08:02:08Z] iteration start
[2026-05-30T08:02:08Z] engine_alive GREEN (pid 13272 etime 01:11:22)
[2026-05-30T08:02:12Z] G2_trivia_fires GREEN (14.46 ms)
[2026-05-30T08:02:12Z] G10_channel_routes GREEN (6/6)
[2026-05-30T08:02:13Z] G11_cost_ceiling GREEN (p95=0.0)
[2026-05-30T08:02:13Z] G12_failure_recovery GREEN (96 char SMS)
[2026-05-30T08:02:13Z] G3_silent_execute GREEN (age=696s)
[2026-05-30T08:02:13Z] verdict GREEN (elapsed 5s)
[2026-05-30T08:05:13Z] iteration start
[2026-05-30T08:05:14Z] engine_alive GREEN (pid 13272 etime 01:14:27)
[2026-05-30T08:05:17Z] G2_trivia_fires GREEN (47.12 ms)
[2026-05-30T08:05:18Z] G10_channel_routes GREEN (6/6)
[2026-05-30T08:05:18Z] G11_cost_ceiling GREEN (p95=0.0)
[2026-05-30T08:05:18Z] G12_failure_recovery GREEN (96 char SMS)
[2026-05-30T08:05:19Z] G3_silent_execute GREEN (age=881s)
[2026-05-30T08:05:19Z] verdict GREEN (elapsed 6s)
[2026-05-30T08:08:19Z] iteration start
[2026-05-30T08:08:19Z] engine_alive GREEN (pid 13272 etime 01:17:33)
[2026-05-30T08:08:23Z] G2_trivia_fires GREEN (13.84 ms)
[2026-05-30T08:08:23Z] G10_channel_routes GREEN (6/6)
[2026-05-30T08:08:24Z] G11_cost_ceiling GREEN (p95=0.0)
[2026-05-30T08:08:24Z] G12_failure_recovery GREEN (96 char SMS)
[2026-05-30T08:08:24Z] G3_silent_execute GREEN (age=1067s)
[2026-05-30T08:08:24Z] verdict GREEN (elapsed 5s)
[2026-05-30T08:11:24Z] iteration start
[2026-05-30T08:11:25Z] engine_alive GREEN (pid 13272 etime 01:20:38)
[2026-05-30T08:11:28Z] G2_trivia_fires GREEN (13.25 ms)
[2026-05-30T08:11:28Z] G10_channel_routes GREEN (6/6)
[2026-05-30T08:11:29Z] G11_cost_ceiling GREEN (p95=0.0)
[2026-05-30T08:11:29Z] G12_failure_recovery GREEN (96 char SMS)
[2026-05-30T08:11:29Z] G3_silent_execute GREEN (age=1252s)
[2026-05-30T08:11:29Z] verdict GREEN (elapsed 5s)
[2026-05-30T08:14:29Z] iteration start
[2026-05-30T08:14:30Z] engine_alive GREEN (pid 13272 etime 01:23:43)
[2026-05-30T08:14:34Z] G2_trivia_fires GREEN (12.71 ms)
[2026-05-30T08:14:34Z] G10_channel_routes GREEN (6/6)
[2026-05-30T08:14:34Z] G11_cost_ceiling GREEN (p95=0.0)
[2026-05-30T08:14:34Z] G12_failure_recovery GREEN (96 char SMS)
[2026-05-30T08:14:35Z] G3_silent_execute GREEN (age=1437s)
[2026-05-30T08:14:35Z] verdict GREEN (elapsed 6s)
[2026-05-30T08:17:35Z] iteration start
[2026-05-30T08:17:35Z] engine_alive GREEN (pid 13272 etime 01:26:49)
[2026-05-30T08:17:39Z] G2_trivia_fires GREEN (13.42 ms)
[2026-05-30T08:17:39Z] G10_channel_routes GREEN (6/6)
[2026-05-30T08:17:40Z] G11_cost_ceiling GREEN (p95=0.0)
[2026-05-30T08:17:40Z] G12_failure_recovery GREEN (96 char SMS)
[2026-05-30T08:17:40Z] deep iter: launching z001 harness (age=1623s)
[2026-05-30T08:18:29Z] G3_silent_execute GREEN (z001 PASS age=0s)
[2026-05-30T08:18:29Z] verdict GREEN (elapsed 54s)
[2026-05-30T08:21:29Z] iteration start
[2026-05-30T08:21:29Z] engine_alive GREEN (pid 13272 etime 01:30:43)
[2026-05-30T08:21:34Z] G2_trivia_fires GREEN (12.62 ms)
[2026-05-30T08:21:34Z] G10_channel_routes GREEN (6/6)
[2026-05-30T08:21:35Z] G11_cost_ceiling GREEN (p95=0.0)
[2026-05-30T08:21:35Z] G12_failure_recovery GREEN (96 char SMS)
[2026-05-30T08:21:35Z] G3_silent_execute GREEN (age=186s)
[2026-05-30T08:21:35Z] verdict GREEN (elapsed 6s)
[2026-05-30T08:24:35Z] iteration start
[2026-05-30T08:24:36Z] engine_alive GREEN (pid 13272 etime 01:33:49)
[2026-05-30T08:24:40Z] G2_trivia_fires GREEN (15.02 ms)
[2026-05-30T08:24:40Z] G10_channel_routes GREEN (6/6)
[2026-05-30T08:24:40Z] G11_cost_ceiling GREEN (p95=0.0)
[2026-05-30T08:24:41Z] G12_failure_recovery GREEN (96 char SMS)
[2026-05-30T08:24:41Z] G3_silent_execute GREEN (age=371s)
[2026-05-30T08:24:41Z] verdict GREEN (elapsed 6s)
[2026-05-30T08:27:41Z] iteration start
[2026-05-30T08:27:41Z] engine_alive GREEN (pid 13272 etime 01:36:55)
[2026-05-30T08:27:45Z] G2_trivia_fires GREEN (12.47 ms)
[2026-05-30T08:27:46Z] G10_channel_routes GREEN (6/6)
[2026-05-30T08:27:46Z] G11_cost_ceiling GREEN (p95=0.0)
[2026-05-30T08:27:46Z] G12_failure_recovery GREEN (96 char SMS)
[2026-05-30T08:27:46Z] G3_silent_execute GREEN (age=557s)
[2026-05-30T08:27:46Z] verdict GREEN (elapsed 5s)
[2026-05-30T08:30:46Z] iteration start
[2026-05-30T08:30:47Z] engine_alive GREEN (pid 13272 etime 01:40:01)
[2026-05-30T08:30:51Z] G2_trivia_fires GREEN (12.61 ms)
[2026-05-30T08:30:51Z] G10_channel_routes GREEN (6/6)
[2026-05-30T08:30:52Z] G11_cost_ceiling GREEN (p95=0.0)
[2026-05-30T08:30:52Z] G12_failure_recovery GREEN (96 char SMS)
[2026-05-30T08:30:52Z] G3_silent_execute GREEN (age=743s)
[2026-05-30T08:30:52Z] verdict GREEN (elapsed 6s)
[2026-05-30T08:33:52Z] iteration start
[2026-05-30T08:33:53Z] engine_alive GREEN (pid 13272 etime 01:43:07)
[2026-05-30T08:33:57Z] G2_trivia_fires GREEN (12.07 ms)
[2026-05-30T08:33:57Z] G10_channel_routes GREEN (6/6)
[2026-05-30T08:33:57Z] G11_cost_ceiling GREEN (p95=0.0)
[2026-05-30T08:33:58Z] G12_failure_recovery GREEN (96 char SMS)
[2026-05-30T08:33:58Z] G3_silent_execute GREEN (age=929s)
[2026-05-30T08:33:58Z] verdict GREEN (elapsed 6s)
[2026-05-30T08:36:58Z] iteration start
[2026-05-30T08:36:58Z] engine_alive GREEN (pid 13272 etime 01:46:12)
[2026-05-30T08:37:02Z] G2_trivia_fires GREEN (12.16 ms)
[2026-05-30T08:37:02Z] G10_channel_routes GREEN (6/6)
[2026-05-30T08:37:03Z] G11_cost_ceiling GREEN (p95=0.0)
[2026-05-30T08:37:03Z] G12_failure_recovery GREEN (96 char SMS)
[2026-05-30T08:37:03Z] G3_silent_execute GREEN (age=1114s)
[2026-05-30T08:37:03Z] verdict GREEN (elapsed 5s)
[2026-05-30T08:40:03Z] iteration start
[2026-05-30T08:40:04Z] engine_alive GREEN (pid 13272 etime 01:49:18)
[2026-05-30T08:40:09Z] G2_trivia_fires GREEN (11.18 ms)
[2026-05-30T08:40:09Z] G10_channel_routes GREEN (6/6)
[2026-05-30T08:40:09Z] G11_cost_ceiling GREEN (p95=0.0)
[2026-05-30T08:40:10Z] G12_failure_recovery GREEN (96 char SMS)
[2026-05-30T08:40:10Z] G3_silent_execute GREEN (age=1301s)
[2026-05-30T08:40:10Z] verdict GREEN (elapsed 7s)
[2026-05-30T08:43:10Z] iteration start
[2026-05-30T08:43:10Z] engine_alive GREEN (pid 13272 etime 01:52:24)
[2026-05-30T08:43:14Z] G2_trivia_fires GREEN (12.26 ms)
[2026-05-30T08:43:14Z] G10_channel_routes GREEN (6/6)
[2026-05-30T08:43:15Z] G11_cost_ceiling GREEN (p95=0.0)
[2026-05-30T08:43:15Z] G12_failure_recovery GREEN (96 char SMS)
[2026-05-30T08:43:15Z] G3_silent_execute GREEN (age=1486s)
[2026-05-30T08:43:15Z] verdict GREEN (elapsed 5s)
[2026-05-30T08:46:15Z] iteration start
[2026-05-30T08:46:16Z] engine_alive GREEN (pid 13272 etime 01:55:30)
[2026-05-30T08:46:19Z] G2_trivia_fires GREEN (13.86 ms)
[2026-05-30T08:46:20Z] G10_channel_routes GREEN (6/6)
[2026-05-30T08:46:20Z] G11_cost_ceiling GREEN (p95=0.0)
[2026-05-30T08:46:20Z] G12_failure_recovery GREEN (96 char SMS)
[2026-05-30T08:46:20Z] deep iter: launching z001 harness (age=1671s)
[2026-05-30T08:47:09Z] G3_silent_execute GREEN (z001 PASS age=0s)
[2026-05-30T08:47:09Z] verdict GREEN (elapsed 54s)
[2026-05-30T08:50:09Z] iteration start
[2026-05-30T08:50:09Z] engine_alive GREEN (pid 13272 etime 01:59:23)
[2026-05-30T08:50:13Z] G2_trivia_fires GREEN (13.07 ms)
[2026-05-30T08:50:13Z] G10_channel_routes GREEN (6/6)
[2026-05-30T08:50:14Z] G11_cost_ceiling GREEN (p95=0.0)
[2026-05-30T08:50:14Z] G12_failure_recovery GREEN (96 char SMS)
[2026-05-30T08:50:14Z] G3_silent_execute GREEN (age=185s)
[2026-05-30T08:50:14Z] verdict GREEN (elapsed 5s)
[2026-05-30T08:53:14Z] iteration start
[2026-05-30T08:53:14Z] engine_alive GREEN (pid 13272 etime 02:02:28)
[2026-05-30T08:53:18Z] G2_trivia_fires GREEN (15.70 ms)
[2026-05-30T08:53:18Z] G10_channel_routes GREEN (6/6)
[2026-05-30T08:53:19Z] G11_cost_ceiling GREEN (p95=0.0)
[2026-05-30T08:53:19Z] G12_failure_recovery GREEN (96 char SMS)
[2026-05-30T08:53:19Z] G3_silent_execute GREEN (age=370s)
[2026-05-30T08:53:19Z] verdict GREEN (elapsed 5s)
[2026-05-30T08:56:19Z] iteration start
[2026-05-30T08:56:20Z] engine_alive GREEN (pid 13272 etime 02:05:33)
[2026-05-30T08:56:23Z] G2_trivia_fires GREEN (12.96 ms)
[2026-05-30T08:56:24Z] G10_channel_routes GREEN (6/6)
[2026-05-30T08:56:24Z] G11_cost_ceiling GREEN (p95=0.0)
[2026-05-30T08:56:24Z] G12_failure_recovery GREEN (96 char SMS)
[2026-05-30T08:56:24Z] G3_silent_execute GREEN (age=555s)
[2026-05-30T08:56:25Z] verdict GREEN (elapsed 6s)
[2026-05-30T08:59:25Z] iteration start
[2026-05-30T08:59:25Z] engine_alive GREEN (pid 13272 etime 02:08:39)
[2026-05-30T08:59:28Z] G2_trivia_fires GREEN (11.80 ms)
[2026-05-30T08:59:29Z] G10_channel_routes GREEN (6/6)
[2026-05-30T08:59:29Z] G11_cost_ceiling GREEN (p95=0.0)
[2026-05-30T08:59:29Z] G12_failure_recovery GREEN (96 char SMS)
[2026-05-30T08:59:29Z] G3_silent_execute GREEN (age=740s)
[2026-05-30T08:59:30Z] verdict GREEN (elapsed 5s)
[2026-05-30T09:02:30Z] iteration start
[2026-05-30T09:02:30Z] engine_alive GREEN (pid 13272 etime 02:11:44)
[2026-05-30T09:02:34Z] G2_trivia_fires GREEN (12.87 ms)
[2026-05-30T09:02:34Z] G10_channel_routes GREEN (6/6)
[2026-05-30T09:02:34Z] G11_cost_ceiling GREEN (p95=0.0)
[2026-05-30T09:02:35Z] G12_failure_recovery GREEN (96 char SMS)
[2026-05-30T09:02:35Z] G3_silent_execute GREEN (age=926s)
[2026-05-30T09:02:35Z] verdict GREEN (elapsed 5s)
[2026-05-30T09:05:35Z] iteration start
[2026-05-30T09:05:35Z] engine_alive GREEN (pid 13272 etime 02:14:49)
[2026-05-30T09:05:39Z] G2_trivia_fires GREEN (13.74 ms)
[2026-05-30T09:05:40Z] G10_channel_routes GREEN (6/6)
[2026-05-30T09:05:40Z] G11_cost_ceiling GREEN (p95=0.0)
[2026-05-30T09:05:40Z] G12_failure_recovery GREEN (96 char SMS)
[2026-05-30T09:05:40Z] G3_silent_execute GREEN (age=1111s)
[2026-05-30T09:05:40Z] verdict GREEN (elapsed 5s)
[2026-05-30T09:08:40Z] iteration start
[2026-05-30T09:08:41Z] engine_alive GREEN (pid 13272 etime 02:17:55)
[2026-05-30T09:08:44Z] G2_trivia_fires GREEN (11.66 ms)
[2026-05-30T09:08:45Z] G10_channel_routes GREEN (6/6)
[2026-05-30T09:08:45Z] G11_cost_ceiling GREEN (p95=0.0)
[2026-05-30T09:08:45Z] G12_failure_recovery GREEN (96 char SMS)
[2026-05-30T09:08:45Z] G3_silent_execute GREEN (age=1296s)
[2026-05-30T09:08:46Z] verdict GREEN (elapsed 6s)
[2026-05-30T09:11:46Z] iteration start
[2026-05-30T09:11:46Z] engine_alive GREEN (pid 13272 etime 02:21:00)
[2026-05-30T09:11:50Z] G2_trivia_fires GREEN (12.40 ms)
[2026-05-30T09:11:50Z] G10_channel_routes GREEN (6/6)
[2026-05-30T09:11:50Z] G11_cost_ceiling GREEN (p95=0.0)
[2026-05-30T09:11:50Z] G12_failure_recovery GREEN (96 char SMS)
[2026-05-30T09:11:51Z] G3_silent_execute GREEN (age=1481s)
[2026-05-30T09:11:51Z] verdict GREEN (elapsed 5s)
[2026-05-30T09:14:51Z] iteration start
[2026-05-30T09:14:51Z] engine_alive GREEN (pid 13272 etime 02:24:05)
[2026-05-30T09:14:55Z] G2_trivia_fires GREEN (11.74 ms)
[2026-05-30T09:14:55Z] G10_channel_routes GREEN (6/6)
[2026-05-30T09:14:56Z] G11_cost_ceiling GREEN (p95=0.0)
[2026-05-30T09:14:56Z] G12_failure_recovery GREEN (96 char SMS)
[2026-05-30T09:14:56Z] deep iter: launching z001 harness (age=1667s)
[2026-05-30T09:15:43Z] G3_silent_execute GREEN (z001 PASS age=0s)
[2026-05-30T09:15:43Z] verdict GREEN (elapsed 52s)
[2026-05-30T09:18:43Z] iteration start
[2026-05-30T09:18:43Z] engine_alive GREEN (pid 13272 etime 02:27:57)
[2026-05-30T09:18:47Z] G2_trivia_fires GREEN (11.36 ms)
[2026-05-30T09:18:47Z] G10_channel_routes GREEN (6/6)
[2026-05-30T09:18:47Z] G11_cost_ceiling GREEN (p95=0.0)
[2026-05-30T09:18:48Z] G12_failure_recovery GREEN (96 char SMS)
[2026-05-30T09:18:48Z] G3_silent_execute GREEN (age=185s)
[2026-05-30T09:18:48Z] verdict GREEN (elapsed 5s)
[2026-05-30T09:21:48Z] iteration start
[2026-05-30T09:21:48Z] engine_alive GREEN (pid 13272 etime 02:31:02)
[2026-05-30T09:21:52Z] G2_trivia_fires GREEN (11.31 ms)
[2026-05-30T09:21:53Z] G10_channel_routes GREEN (6/6)
[2026-05-30T09:21:53Z] G11_cost_ceiling GREEN (p95=0.0)
[2026-05-30T09:21:53Z] G12_failure_recovery GREEN (96 char SMS)
[2026-05-30T09:21:53Z] G3_silent_execute GREEN (age=370s)
[2026-05-30T09:21:53Z] verdict GREEN (elapsed 5s)
[2026-05-30T09:24:54Z] iteration start
[2026-05-30T09:24:54Z] engine_alive GREEN (pid 13272 etime 02:34:08)
[2026-05-30T09:24:57Z] G2_trivia_fires GREEN (14.15 ms)
[2026-05-30T09:24:58Z] G10_channel_routes GREEN (6/6)
[2026-05-30T09:24:58Z] G11_cost_ceiling GREEN (p95=0.0)
[2026-05-30T09:24:58Z] G12_failure_recovery GREEN (96 char SMS)
[2026-05-30T09:24:58Z] G3_silent_execute GREEN (age=555s)
[2026-05-30T09:24:58Z] verdict GREEN (elapsed 4s)
[2026-05-30T09:27:59Z] iteration start
[2026-05-30T09:27:59Z] engine_alive GREEN (pid 13272 etime 02:37:13)
[2026-05-30T09:28:03Z] G2_trivia_fires GREEN (12.29 ms)
[2026-05-30T09:28:03Z] G10_channel_routes GREEN (6/6)
[2026-05-30T09:28:03Z] G11_cost_ceiling GREEN (p95=0.0)
[2026-05-30T09:28:04Z] G12_failure_recovery GREEN (96 char SMS)
[2026-05-30T09:28:04Z] G3_silent_execute GREEN (age=741s)
[2026-05-30T09:28:04Z] verdict GREEN (elapsed 5s)
[2026-05-30T09:31:04Z] iteration start
[2026-05-30T09:31:04Z] engine_alive GREEN (pid 13272 etime 02:40:18)
[2026-05-30T09:31:09Z] G2_trivia_fires GREEN (18.63 ms)
[2026-05-30T09:31:09Z] G10_channel_routes GREEN (6/6)
[2026-05-30T09:31:10Z] G11_cost_ceiling GREEN (p95=0.0)
[2026-05-30T09:31:10Z] G12_failure_recovery GREEN (96 char SMS)
[2026-05-30T09:31:10Z] G3_silent_execute GREEN (age=927s)
[2026-05-30T09:31:10Z] verdict GREEN (elapsed 6s)
[2026-05-30T09:34:10Z] iteration start
[2026-05-30T09:34:11Z] engine_alive GREEN (pid 13272 etime 02:43:25)
[2026-05-30T09:34:15Z] G2_trivia_fires GREEN (12.95 ms)
[2026-05-30T09:34:15Z] G10_channel_routes GREEN (6/6)
[2026-05-30T09:34:16Z] G11_cost_ceiling GREEN (p95=0.0)
[2026-05-30T09:34:16Z] G12_failure_recovery GREEN (96 char SMS)
[2026-05-30T09:34:16Z] G3_silent_execute GREEN (age=1113s)
[2026-05-30T09:34:16Z] verdict GREEN (elapsed 6s)
[2026-05-30T09:37:16Z] iteration start
[2026-05-30T09:37:17Z] engine_alive GREEN (pid 13272 etime 02:46:31)
[2026-05-30T09:37:21Z] G2_trivia_fires GREEN (13.76 ms)
[2026-05-30T09:37:22Z] G10_channel_routes GREEN (6/6)
[2026-05-30T09:37:22Z] G11_cost_ceiling GREEN (p95=0.0)
[2026-05-30T09:37:22Z] G12_failure_recovery GREEN (96 char SMS)
[2026-05-30T09:37:23Z] G3_silent_execute GREEN (age=1300s)
[2026-05-30T09:37:23Z] verdict GREEN (elapsed 7s)
[2026-05-30T09:40:23Z] iteration start
[2026-05-30T09:40:23Z] engine_alive GREEN (pid 13272 etime 02:49:37)
[2026-05-30T09:40:27Z] G2_trivia_fires GREEN (12.85 ms)
[2026-05-30T09:40:27Z] G10_channel_routes GREEN (6/6)
[2026-05-30T09:40:28Z] G11_cost_ceiling GREEN (p95=0.0)
[2026-05-30T09:40:28Z] G12_failure_recovery GREEN (96 char SMS)
[2026-05-30T09:40:28Z] G3_silent_execute GREEN (age=1485s)
[2026-05-30T09:40:28Z] verdict GREEN (elapsed 5s)
[2026-05-30T09:43:28Z] iteration start
[2026-05-30T09:43:29Z] engine_alive GREEN (pid 13272 etime 02:52:43)
[2026-05-30T09:43:35Z] G2_trivia_fires GREEN (12.98 ms)
[2026-05-30T09:43:35Z] G10_channel_routes GREEN (6/6)
[2026-05-30T09:43:35Z] G11_cost_ceiling GREEN (p95=0.0)
[2026-05-30T09:43:36Z] G12_failure_recovery GREEN (96 char SMS)
[2026-05-30T09:43:36Z] deep iter: launching z001 harness (age=1673s)
[2026-05-30T09:44:51Z] G3_silent_execute RED (rc=124)
[2026-05-30T09:44:51Z] verdict RED (elapsed 83s)
[2026-05-30T09:44:51Z] runner: iter exited non-zero (RED)
[2026-05-30T09:47:51Z] iteration start
[2026-05-30T09:47:51Z] engine_alive GREEN (pid 13272 etime 02:57:05)
[2026-05-30T09:47:55Z] G2_trivia_fires GREEN (12.99 ms)
[2026-05-30T09:47:55Z] G10_channel_routes GREEN (6/6)
[2026-05-30T09:47:56Z] G11_cost_ceiling GREEN (p95=0.0)
[2026-05-30T09:47:56Z] G12_failure_recovery GREEN (96 char SMS)
[2026-05-30T09:47:56Z] G3_silent_execute GREEN (age=250s)
[2026-05-30T09:47:56Z] verdict GREEN (elapsed 5s)
[2026-05-30T09:50:56Z] iteration start
[2026-05-30T09:50:57Z] engine_alive GREEN (pid 13272 etime 03:00:11)
[2026-05-30T09:51:00Z] G2_trivia_fires GREEN (14.03 ms)
[2026-05-30T09:51:01Z] G10_channel_routes GREEN (6/6)
[2026-05-30T09:51:01Z] G11_cost_ceiling GREEN (p95=0.0)
[2026-05-30T09:51:01Z] G12_failure_recovery GREEN (96 char SMS)
[2026-05-30T09:51:01Z] G3_silent_execute GREEN (age=435s)
[2026-05-30T09:51:01Z] verdict GREEN (elapsed 5s)
[2026-05-30T09:54:02Z] iteration start
[2026-05-30T09:54:02Z] engine_alive GREEN (pid 13272 etime 03:03:16)
[2026-05-30T09:54:06Z] G2_trivia_fires GREEN (12.47 ms)
[2026-05-30T09:54:06Z] G10_channel_routes GREEN (6/6)
[2026-05-30T09:54:06Z] G11_cost_ceiling GREEN (p95=0.0)
[2026-05-30T09:54:07Z] G12_failure_recovery GREEN (96 char SMS)
[2026-05-30T09:54:07Z] G3_silent_execute GREEN (age=620s)
[2026-05-30T09:54:07Z] verdict GREEN (elapsed 5s)
[2026-05-30T09:57:07Z] iteration start
[2026-05-30T09:57:07Z] engine_alive GREEN (pid 13272 etime 03:06:21)
[2026-05-30T09:57:11Z] G2_trivia_fires GREEN (11.68 ms)
[2026-05-30T09:57:11Z] G10_channel_routes GREEN (6/6)
[2026-05-30T09:57:12Z] G11_cost_ceiling GREEN (p95=0.0)
[2026-05-30T09:57:12Z] G12_failure_recovery GREEN (96 char SMS)
[2026-05-30T09:57:12Z] G3_silent_execute GREEN (age=806s)
[2026-05-30T09:57:12Z] verdict GREEN (elapsed 5s)
[2026-05-30T10:00:12Z] iteration start
[2026-05-30T10:00:12Z] engine_alive GREEN (pid 13272 etime 03:09:26)
[2026-05-30T10:00:17Z] G2_trivia_fires GREEN (13.34 ms)
[2026-05-30T10:00:17Z] G10_channel_routes GREEN (6/6)
[2026-05-30T10:00:17Z] G11_cost_ceiling GREEN (p95=0.0)
[2026-05-30T10:00:17Z] G12_failure_recovery GREEN (96 char SMS)
[2026-05-30T10:00:18Z] G3_silent_execute GREEN (age=991s)
[2026-05-30T10:00:18Z] verdict GREEN (elapsed 6s)
[2026-05-30T10:03:18Z] iteration start
[2026-05-30T10:03:18Z] engine_alive GREEN (pid 13272 etime 03:12:32)
[2026-05-30T10:03:21Z] G2_trivia_fires GREEN (11.28 ms)
[2026-05-30T10:03:22Z] G10_channel_routes GREEN (6/6)
[2026-05-30T10:03:22Z] G11_cost_ceiling GREEN (p95=0.0)
[2026-05-30T10:03:22Z] G12_failure_recovery GREEN (96 char SMS)
[2026-05-30T10:03:23Z] G3_silent_execute GREEN (age=1176s)
[2026-05-30T10:03:23Z] verdict GREEN (elapsed 5s)
[2026-05-30T10:06:23Z] iteration start
[2026-05-30T10:06:23Z] engine_alive GREEN (pid 13272 etime 03:15:37)
[2026-05-30T10:06:27Z] G2_trivia_fires GREEN (13.51 ms)
[2026-05-30T10:06:28Z] G10_channel_routes GREEN (6/6)
[2026-05-30T10:06:28Z] G11_cost_ceiling GREEN (p95=0.0)
[2026-05-30T10:06:28Z] G12_failure_recovery GREEN (96 char SMS)
[2026-05-30T10:06:29Z] G3_silent_execute GREEN (age=1362s)
[2026-05-30T10:06:29Z] verdict GREEN (elapsed 6s)
[2026-05-30T10:09:29Z] iteration start
[2026-05-30T10:09:29Z] engine_alive GREEN (pid 13272 etime 03:18:43)
[2026-05-30T10:09:33Z] G2_trivia_fires GREEN (12.39 ms)
[2026-05-30T10:09:33Z] G10_channel_routes GREEN (6/6)
[2026-05-30T10:09:33Z] G11_cost_ceiling GREEN (p95=0.0)
[2026-05-30T10:09:34Z] G12_failure_recovery GREEN (96 char SMS)
[2026-05-30T10:09:34Z] deep iter: launching z001 harness (age=1547s)
[2026-05-30T10:10:20Z] G3_silent_execute GREEN (z001 PASS age=0s)
[2026-05-30T10:10:20Z] verdict GREEN (elapsed 51s)
[2026-05-30T10:13:20Z] iteration start
[2026-05-30T10:13:21Z] engine_alive GREEN (pid 13272 etime 03:22:34)
[2026-05-30T10:13:24Z] G2_trivia_fires GREEN (12.19 ms)
[2026-05-30T10:13:24Z] G10_channel_routes GREEN (6/6)
[2026-05-30T10:13:25Z] G11_cost_ceiling GREEN (p95=0.0)
[2026-05-30T10:13:25Z] G12_failure_recovery GREEN (96 char SMS)
[2026-05-30T10:13:25Z] G3_silent_execute GREEN (age=185s)
[2026-05-30T10:13:25Z] verdict GREEN (elapsed 5s)
[2026-05-30T10:16:25Z] iteration start
[2026-05-30T10:16:26Z] engine_alive GREEN (pid 13272 etime 03:25:39)
[2026-05-30T10:16:30Z] G2_trivia_fires GREEN (12.83 ms)
[2026-05-30T10:16:31Z] G10_channel_routes GREEN (6/6)
[2026-05-30T10:16:31Z] G11_cost_ceiling GREEN (p95=0.0)
[2026-05-30T10:16:31Z] G12_failure_recovery GREEN (96 char SMS)
[2026-05-30T10:16:31Z] G3_silent_execute GREEN (age=371s)
[2026-05-30T10:16:32Z] verdict GREEN (elapsed 7s)
[2026-05-30T10:19:32Z] iteration start
[2026-05-30T10:19:32Z] engine_alive GREEN (pid 13272 etime 03:28:46)
[2026-05-30T10:19:36Z] G2_trivia_fires GREEN (12.14 ms)
[2026-05-30T10:19:36Z] G10_channel_routes GREEN (6/6)
[2026-05-30T10:19:36Z] G11_cost_ceiling GREEN (p95=0.0)
[2026-05-30T10:19:37Z] G12_failure_recovery GREEN (96 char SMS)
[2026-05-30T10:19:37Z] G3_silent_execute GREEN (age=556s)
[2026-05-30T10:19:37Z] verdict GREEN (elapsed 5s)
[2026-05-30T10:22:37Z] iteration start
[2026-05-30T10:22:37Z] engine_alive GREEN (pid 13272 etime 03:31:51)
[2026-05-30T10:22:41Z] G2_trivia_fires GREEN (11.34 ms)
[2026-05-30T10:22:41Z] G10_channel_routes GREEN (6/6)
[2026-05-30T10:22:41Z] G11_cost_ceiling GREEN (p95=0.0)
[2026-05-30T10:22:42Z] G12_failure_recovery GREEN (96 char SMS)
[2026-05-30T10:22:42Z] G3_silent_execute GREEN (age=741s)
[2026-05-30T10:22:42Z] verdict GREEN (elapsed 5s)
[2026-05-30T10:25:42Z] iteration start
[2026-05-30T10:25:42Z] engine_alive GREEN (pid 13272 etime 03:34:56)
[2026-05-30T10:25:46Z] G2_trivia_fires GREEN (11.97 ms)
[2026-05-30T10:25:47Z] G10_channel_routes GREEN (6/6)
[2026-05-30T10:25:47Z] G11_cost_ceiling GREEN (p95=0.0)
[2026-05-30T10:25:47Z] G12_failure_recovery GREEN (96 char SMS)
[2026-05-30T10:25:47Z] G3_silent_execute GREEN (age=927s)
[2026-05-30T10:25:48Z] verdict GREEN (elapsed 6s)
[2026-05-30T10:28:48Z] iteration start
[2026-05-30T10:28:48Z] engine_alive GREEN (pid 13272 etime 03:38:02)
[2026-05-30T10:28:52Z] G2_trivia_fires GREEN (11.87 ms)
[2026-05-30T10:28:52Z] G10_channel_routes GREEN (6/6)
[2026-05-30T10:28:52Z] G11_cost_ceiling GREEN (p95=0.0)
[2026-05-30T10:28:53Z] G12_failure_recovery GREEN (96 char SMS)
[2026-05-30T10:28:53Z] G3_silent_execute GREEN (age=1112s)
[2026-05-30T10:28:53Z] verdict GREEN (elapsed 5s)
[2026-05-30T10:31:53Z] iteration start
[2026-05-30T10:31:53Z] engine_alive GREEN (pid 13272 etime 03:41:07)
[2026-05-30T10:31:57Z] G2_trivia_fires GREEN (12.45 ms)
[2026-05-30T10:31:57Z] G10_channel_routes GREEN (6/6)
[2026-05-30T10:31:57Z] G11_cost_ceiling GREEN (p95=0.0)
[2026-05-30T10:31:58Z] G12_failure_recovery GREEN (96 char SMS)
[2026-05-30T10:31:58Z] G3_silent_execute GREEN (age=1297s)
[2026-05-30T10:31:58Z] verdict GREEN (elapsed 5s)
[2026-05-30T10:34:58Z] iteration start
[2026-05-30T10:34:58Z] engine_alive GREEN (pid 13272 etime 03:44:12)
[2026-05-30T10:35:02Z] G2_trivia_fires GREEN (12.35 ms)
[2026-05-30T10:35:02Z] G10_channel_routes GREEN (6/6)
[2026-05-30T10:35:03Z] G11_cost_ceiling GREEN (p95=0.0)
[2026-05-30T10:35:03Z] G12_failure_recovery GREEN (96 char SMS)
[2026-05-30T10:35:03Z] G3_silent_execute GREEN (age=1483s)
[2026-05-30T10:35:03Z] verdict GREEN (elapsed 5s)
[2026-05-30T10:38:03Z] iteration start
[2026-05-30T10:38:04Z] engine_alive GREEN (pid 13272 etime 03:47:17)
[2026-05-30T10:38:07Z] G2_trivia_fires GREEN (12.41 ms)
[2026-05-30T10:38:07Z] G10_channel_routes GREEN (6/6)
[2026-05-30T10:38:08Z] G11_cost_ceiling GREEN (p95=0.0)
[2026-05-30T10:38:08Z] G12_failure_recovery GREEN (96 char SMS)
[2026-05-30T10:38:08Z] deep iter: launching z001 harness (age=1668s)
[2026-05-30T10:38:54Z] G3_silent_execute GREEN (z001 PASS age=0s)
[2026-05-30T10:38:54Z] verdict GREEN (elapsed 51s)
[2026-05-30T10:41:54Z] iteration start
[2026-05-30T10:41:55Z] engine_alive GREEN (pid 13272 etime 03:51:09)
[2026-05-30T10:41:58Z] G2_trivia_fires GREEN (14.54 ms)
[2026-05-30T10:41:59Z] G10_channel_routes GREEN (6/6)
[2026-05-30T10:41:59Z] G11_cost_ceiling GREEN (p95=0.0)
[2026-05-30T10:41:59Z] G12_failure_recovery GREEN (96 char SMS)
[2026-05-30T10:42:00Z] G3_silent_execute GREEN (age=185s)
[2026-05-30T10:42:00Z] verdict GREEN (elapsed 6s)
[2026-05-30T10:45:00Z] iteration start
[2026-05-30T10:45:00Z] engine_alive GREEN (pid 13272 etime 03:54:14)
[2026-05-30T10:45:04Z] G2_trivia_fires GREEN (13.15 ms)
[2026-05-30T10:45:04Z] G10_channel_routes GREEN (6/6)
[2026-05-30T10:45:04Z] G11_cost_ceiling GREEN (p95=0.0)
[2026-05-30T10:45:05Z] G12_failure_recovery GREEN (96 char SMS)
[2026-05-30T10:45:05Z] G3_silent_execute GREEN (age=370s)
[2026-05-30T10:45:05Z] verdict GREEN (elapsed 5s)
[2026-05-30T10:48:05Z] iteration start
[2026-05-30T10:48:05Z] engine_alive GREEN (pid 13272 etime 03:57:19)
[2026-05-30T10:48:09Z] G2_trivia_fires GREEN (12.65 ms)
[2026-05-30T10:48:09Z] G10_channel_routes GREEN (6/6)
[2026-05-30T10:48:10Z] G11_cost_ceiling GREEN (p95=0.0)
[2026-05-30T10:48:10Z] G12_failure_recovery GREEN (96 char SMS)
[2026-05-30T10:48:10Z] G3_silent_execute GREEN (age=555s)
[2026-05-30T10:48:10Z] verdict GREEN (elapsed 5s)
[2026-05-30T10:51:10Z] iteration start
[2026-05-30T10:51:10Z] engine_alive GREEN (pid 13272 etime 04:00:24)
[2026-05-30T10:51:15Z] G2_trivia_fires GREEN (14.75 ms)
[2026-05-30T10:51:15Z] G10_channel_routes GREEN (6/6)
[2026-05-30T10:51:15Z] G11_cost_ceiling GREEN (p95=0.0)
[2026-05-30T10:51:16Z] G12_failure_recovery GREEN (96 char SMS)
[2026-05-30T10:51:16Z] G3_silent_execute GREEN (age=741s)
[2026-05-30T10:51:16Z] verdict GREEN (elapsed 6s)
[2026-05-30T10:54:16Z] iteration start
[2026-05-30T10:54:16Z] engine_alive GREEN (pid 13272 etime 04:03:30)
[2026-05-30T10:54:20Z] G2_trivia_fires GREEN (12.59 ms)
[2026-05-30T10:54:20Z] G10_channel_routes GREEN (6/6)
[2026-05-30T10:54:20Z] G11_cost_ceiling GREEN (p95=0.0)
[2026-05-30T10:54:21Z] G12_failure_recovery GREEN (96 char SMS)
[2026-05-30T10:54:21Z] G3_silent_execute GREEN (age=926s)
[2026-05-30T10:54:21Z] verdict GREEN (elapsed 5s)
[2026-05-30T10:57:21Z] iteration start
[2026-05-30T10:57:21Z] engine_alive GREEN (pid 13272 etime 04:06:35)
[2026-05-30T10:57:25Z] G2_trivia_fires GREEN (13.48 ms)
[2026-05-30T10:57:25Z] G10_channel_routes GREEN (6/6)
[2026-05-30T10:57:26Z] G11_cost_ceiling GREEN (p95=0.0)
[2026-05-30T10:57:26Z] G12_failure_recovery GREEN (96 char SMS)
[2026-05-30T10:57:26Z] G3_silent_execute GREEN (age=1112s)
[2026-05-30T10:57:26Z] verdict GREEN (elapsed 5s)
[2026-05-30T11:00:26Z] iteration start
[2026-05-30T11:00:27Z] engine_alive GREEN (pid 13272 etime 04:09:41)
[2026-05-30T11:00:30Z] G2_trivia_fires GREEN (11.08 ms)
[2026-05-30T11:00:31Z] G10_channel_routes GREEN (6/6)
[2026-05-30T11:00:31Z] G11_cost_ceiling GREEN (p95=0.0)
[2026-05-30T11:00:31Z] G12_failure_recovery GREEN (96 char SMS)
[2026-05-30T11:00:31Z] G3_silent_execute GREEN (age=1297s)
[2026-05-30T11:00:31Z] verdict GREEN (elapsed 5s)
[2026-05-30T11:03:31Z] iteration start
[2026-05-30T11:03:32Z] engine_alive GREEN (pid 13272 etime 04:12:46)
[2026-05-30T11:03:35Z] G2_trivia_fires GREEN (13.56 ms)
[2026-05-30T11:03:36Z] G10_channel_routes GREEN (6/6)
[2026-05-30T11:03:36Z] G11_cost_ceiling GREEN (p95=0.0)
[2026-05-30T11:03:36Z] G12_failure_recovery GREEN (96 char SMS)
[2026-05-30T11:03:36Z] G3_silent_execute GREEN (age=1482s)
[2026-05-30T11:03:36Z] verdict GREEN (elapsed 5s)
[2026-05-30T11:06:37Z] iteration start
[2026-05-30T11:06:37Z] engine_alive GREEN (pid 13272 etime 04:15:51)
[2026-05-30T11:06:41Z] G2_trivia_fires GREEN (12.74 ms)
[2026-05-30T11:06:42Z] G10_channel_routes GREEN (6/6)
[2026-05-30T11:06:42Z] G11_cost_ceiling GREEN (p95=0.0)
[2026-05-30T11:06:42Z] G12_failure_recovery GREEN (96 char SMS)
[2026-05-30T11:06:42Z] deep iter: launching z001 harness (age=1668s)
[2026-05-30T11:07:28Z] G3_silent_execute GREEN (z001 PASS age=0s)
[2026-05-30T11:07:28Z] verdict GREEN (elapsed 51s)
[2026-05-30T11:10:28Z] iteration start
[2026-05-30T11:10:29Z] engine_alive GREEN (pid 13272 etime 04:19:43)
[2026-05-30T11:10:33Z] G2_trivia_fires GREEN (12.76 ms)
[2026-05-30T11:10:33Z] G10_channel_routes GREEN (6/6)
[2026-05-30T11:10:33Z] G11_cost_ceiling GREEN (p95=0.0)
[2026-05-30T11:10:34Z] G12_failure_recovery GREEN (96 char SMS)
[2026-05-30T11:10:34Z] G3_silent_execute GREEN (age=185s)
[2026-05-30T11:10:34Z] verdict GREEN (elapsed 6s)
[2026-05-30T11:13:34Z] iteration start
[2026-05-30T11:13:34Z] engine_alive GREEN (pid 13272 etime 04:22:48)
[2026-05-30T11:13:38Z] G2_trivia_fires GREEN (11.89 ms)
[2026-05-30T11:13:38Z] G10_channel_routes GREEN (6/6)
[2026-05-30T11:13:38Z] G11_cost_ceiling GREEN (p95=0.0)
[2026-05-30T11:13:39Z] G12_failure_recovery GREEN (96 char SMS)
[2026-05-30T11:13:39Z] G3_silent_execute GREEN (age=370s)
[2026-05-30T11:13:39Z] verdict GREEN (elapsed 5s)
[2026-05-30T11:16:39Z] iteration start
[2026-05-30T11:16:39Z] engine_alive GREEN (pid 13272 etime 04:25:53)
[2026-05-30T11:16:44Z] G2_trivia_fires GREEN (12.66 ms)
[2026-05-30T11:16:44Z] G10_channel_routes GREEN (6/6)
[2026-05-30T11:16:45Z] G11_cost_ceiling GREEN (p95=0.0)
[2026-05-30T11:16:45Z] G12_failure_recovery GREEN (96 char SMS)
[2026-05-30T11:16:45Z] G3_silent_execute GREEN (age=557s)
[2026-05-30T11:16:45Z] verdict GREEN (elapsed 6s)
[2026-05-30T11:19:45Z] iteration start
[2026-05-30T11:19:46Z] engine_alive GREEN (pid 13272 etime 04:29:00)
[2026-05-30T11:19:49Z] G2_trivia_fires GREEN (11.62 ms)
[2026-05-30T11:19:50Z] G10_channel_routes GREEN (6/6)
[2026-05-30T11:19:50Z] G11_cost_ceiling GREEN (p95=0.0)
[2026-05-30T11:19:50Z] G12_failure_recovery GREEN (96 char SMS)
[2026-05-30T11:19:50Z] G3_silent_execute GREEN (age=742s)
[2026-05-30T11:19:50Z] verdict GREEN (elapsed 5s)
[2026-05-30T11:22:51Z] iteration start
[2026-05-30T11:22:51Z] engine_alive GREEN (pid 13272 etime 04:32:05)
[2026-05-30T11:22:54Z] G2_trivia_fires GREEN (12.17 ms)
[2026-05-30T11:22:55Z] G10_channel_routes GREEN (6/6)
[2026-05-30T11:22:55Z] G11_cost_ceiling GREEN (p95=0.0)
[2026-05-30T11:22:55Z] G12_failure_recovery GREEN (96 char SMS)
[2026-05-30T11:22:56Z] G3_silent_execute GREEN (age=927s)
[2026-05-30T11:22:56Z] verdict GREEN (elapsed 5s)
[2026-05-30T11:25:56Z] iteration start
[2026-05-30T11:25:56Z] engine_alive GREEN (pid 13272 etime 04:35:10)
[2026-05-30T11:26:00Z] G2_trivia_fires GREEN (11.58 ms)
[2026-05-30T11:26:00Z] G10_channel_routes GREEN (6/6)
[2026-05-30T11:26:01Z] G11_cost_ceiling GREEN (p95=0.0)
[2026-05-30T11:26:01Z] G12_failure_recovery GREEN (96 char SMS)
[2026-05-30T11:26:01Z] G3_silent_execute GREEN (age=1112s)
[2026-05-30T11:26:01Z] verdict GREEN (elapsed 5s)
[2026-05-30T11:29:01Z] iteration start
[2026-05-30T11:29:01Z] engine_alive GREEN (pid 13272 etime 04:38:15)
[2026-05-30T11:29:05Z] G2_trivia_fires GREEN (11.96 ms)
[2026-05-30T11:29:06Z] G10_channel_routes GREEN (6/6)
[2026-05-30T11:29:06Z] G11_cost_ceiling GREEN (p95=0.0)
[2026-05-30T11:29:06Z] G12_failure_recovery GREEN (96 char SMS)
[2026-05-30T11:29:07Z] G3_silent_execute GREEN (age=1298s)
[2026-05-30T11:29:07Z] verdict GREEN (elapsed 6s)
[2026-05-30T11:32:07Z] iteration start
[2026-05-30T11:32:07Z] engine_alive GREEN (pid 13272 etime 04:41:21)
[2026-05-30T11:32:11Z] G2_trivia_fires GREEN (12.75 ms)
[2026-05-30T11:32:12Z] G10_channel_routes GREEN (6/6)
[2026-05-30T11:32:12Z] G11_cost_ceiling GREEN (p95=0.0)
[2026-05-30T11:32:12Z] G12_failure_recovery GREEN (96 char SMS)
[2026-05-30T11:32:12Z] G3_silent_execute GREEN (age=1484s)
[2026-05-30T11:32:12Z] verdict GREEN (elapsed 5s)
[2026-05-30T11:35:12Z] iteration start
[2026-05-30T11:35:13Z] engine_alive GREEN (pid 13272 etime 04:44:27)
[2026-05-30T11:35:16Z] G2_trivia_fires GREEN (12.24 ms)
[2026-05-30T11:35:17Z] G10_channel_routes GREEN (6/6)
[2026-05-30T11:35:17Z] G11_cost_ceiling GREEN (p95=0.0)
[2026-05-30T11:35:17Z] G12_failure_recovery GREEN (96 char SMS)
[2026-05-30T11:35:17Z] deep iter: launching z001 harness (age=1669s)
[2026-05-30T11:36:04Z] G3_silent_execute GREEN (z001 PASS age=0s)
[2026-05-30T11:36:05Z] verdict GREEN (elapsed 53s)
[2026-05-30T11:39:05Z] iteration start
[2026-05-30T11:39:05Z] engine_alive GREEN (pid 13272 etime 04:48:19)
[2026-05-30T11:39:09Z] G2_trivia_fires GREEN (12.80 ms)
[2026-05-30T11:39:09Z] G10_channel_routes GREEN (6/6)
[2026-05-30T11:39:09Z] G11_cost_ceiling GREEN (p95=0.0)
[2026-05-30T11:39:10Z] G12_failure_recovery GREEN (96 char SMS)
[2026-05-30T11:39:10Z] G3_silent_execute GREEN (age=185s)
[2026-05-30T11:39:10Z] verdict GREEN (elapsed 5s)
[2026-05-30T11:42:10Z] iteration start
[2026-05-30T11:42:10Z] engine_alive GREEN (pid 13272 etime 04:51:24)
[2026-05-30T11:42:15Z] G2_trivia_fires GREEN (12.43 ms)
[2026-05-30T11:42:15Z] G10_channel_routes GREEN (6/6)
[2026-05-30T11:42:15Z] G11_cost_ceiling GREEN (p95=0.0)
[2026-05-30T11:42:16Z] G12_failure_recovery GREEN (96 char SMS)
[2026-05-30T11:42:16Z] G3_silent_execute GREEN (age=371s)
[2026-05-30T11:42:16Z] verdict GREEN (elapsed 6s)
[2026-05-30T11:45:16Z] iteration start
[2026-05-30T11:45:16Z] engine_alive GREEN (pid 13272 etime 04:54:30)
[2026-05-30T11:45:20Z] G2_trivia_fires GREEN (11.56 ms)
[2026-05-30T11:45:20Z] G10_channel_routes GREEN (6/6)
[2026-05-30T11:45:20Z] G11_cost_ceiling GREEN (p95=0.0)
[2026-05-30T11:45:21Z] G12_failure_recovery GREEN (96 char SMS)
[2026-05-30T11:45:21Z] G3_silent_execute GREEN (age=556s)
[2026-05-30T11:45:21Z] verdict GREEN (elapsed 5s)
[2026-05-30T11:48:21Z] iteration start
[2026-05-30T11:48:21Z] engine_alive GREEN (pid 13272 etime 04:57:35)
[2026-05-30T11:48:25Z] G2_trivia_fires GREEN (11.69 ms)
[2026-05-30T11:48:26Z] G10_channel_routes GREEN (6/6)
[2026-05-30T11:48:26Z] G11_cost_ceiling GREEN (p95=0.0)
[2026-05-30T11:48:26Z] G12_failure_recovery GREEN (96 char SMS)
[2026-05-30T11:48:26Z] G3_silent_execute GREEN (age=742s)
[2026-05-30T11:48:27Z] verdict GREEN (elapsed 6s)
[2026-05-30T11:51:27Z] iteration start
[2026-05-30T11:51:27Z] engine_alive GREEN (pid 13272 etime 05:00:41)
[2026-05-30T11:51:31Z] G2_trivia_fires GREEN (11.44 ms)
[2026-05-30T11:51:31Z] G10_channel_routes GREEN (6/6)
[2026-05-30T11:51:31Z] G11_cost_ceiling GREEN (p95=0.0)
[2026-05-30T11:51:32Z] G12_failure_recovery GREEN (96 char SMS)
[2026-05-30T11:51:32Z] G3_silent_execute GREEN (age=927s)
[2026-05-30T11:51:32Z] verdict GREEN (elapsed 5s)
[2026-05-30T11:54:32Z] iteration start
[2026-05-30T11:54:32Z] engine_alive GREEN (pid 13272 etime 05:03:46)
[2026-05-30T11:54:36Z] G2_trivia_fires GREEN (11.15 ms)
[2026-05-30T11:54:36Z] G10_channel_routes GREEN (6/6)
[2026-05-30T11:54:37Z] G11_cost_ceiling GREEN (p95=0.0)
[2026-05-30T11:54:37Z] G12_failure_recovery GREEN (96 char SMS)
[2026-05-30T11:54:37Z] G3_silent_execute GREEN (age=1112s)
[2026-05-30T11:54:37Z] verdict GREEN (elapsed 5s)
[2026-05-30T11:57:37Z] iteration start
[2026-05-30T11:57:38Z] engine_alive GREEN (pid 13272 etime 05:06:51)
[2026-05-30T11:57:41Z] G2_trivia_fires GREEN (12.24 ms)
[2026-05-30T11:57:42Z] G10_channel_routes GREEN (6/6)
[2026-05-30T11:57:42Z] G11_cost_ceiling GREEN (p95=0.0)
[2026-05-30T11:57:42Z] G12_failure_recovery GREEN (96 char SMS)
[2026-05-30T11:57:43Z] G3_silent_execute GREEN (age=1298s)
[2026-05-30T11:57:43Z] verdict GREEN (elapsed 6s)
[2026-05-30T12:00:43Z] iteration start
[2026-05-30T12:00:43Z] engine_alive GREEN (pid 13272 etime 05:09:57)
[2026-05-30T12:00:47Z] G2_trivia_fires GREEN (14.34 ms)
[2026-05-30T12:00:47Z] G10_channel_routes GREEN (6/6)
[2026-05-30T12:00:47Z] G11_cost_ceiling GREEN (p95=0.0)
[2026-05-30T12:00:48Z] G12_failure_recovery GREEN (96 char SMS)
[2026-05-30T12:00:48Z] G3_silent_execute GREEN (age=1483s)
[2026-05-30T12:00:48Z] verdict GREEN (elapsed 5s)
[2026-05-30T12:03:48Z] iteration start
[2026-05-30T12:03:48Z] engine_alive GREEN (pid 13272 etime 05:13:02)
[2026-05-30T12:03:52Z] G2_trivia_fires GREEN (14.06 ms)
[2026-05-30T12:03:52Z] G10_channel_routes GREEN (6/6)
[2026-05-30T12:03:53Z] G11_cost_ceiling GREEN (p95=0.0)
[2026-05-30T12:03:53Z] G12_failure_recovery GREEN (96 char SMS)
[2026-05-30T12:03:53Z] deep iter: launching z001 harness (age=1668s)
[2026-05-30T12:04:39Z] G3_silent_execute GREEN (z001 PASS age=0s)
[2026-05-30T12:04:39Z] verdict GREEN (elapsed 51s)
[2026-05-30T12:07:39Z] iteration start
[2026-05-30T12:07:39Z] engine_alive GREEN (pid 13272 etime 05:16:53)
[2026-05-30T12:07:43Z] G2_trivia_fires GREEN (11.02 ms)
[2026-05-30T12:07:43Z] G10_channel_routes GREEN (6/6)
[2026-05-30T12:07:44Z] G11_cost_ceiling GREEN (p95=0.0)
[2026-05-30T12:07:44Z] G12_failure_recovery GREEN (96 char SMS)
[2026-05-30T12:07:44Z] G3_silent_execute GREEN (age=185s)
[2026-05-30T12:07:44Z] verdict GREEN (elapsed 5s)
[2026-05-30T12:10:44Z] iteration start
[2026-05-30T12:10:45Z] engine_alive GREEN (pid 13272 etime 05:19:59)
[2026-05-30T12:10:49Z] G2_trivia_fires GREEN (10.79 ms)
[2026-05-30T12:10:50Z] G10_channel_routes GREEN (6/6)
[2026-05-30T12:10:50Z] G11_cost_ceiling GREEN (p95=0.0)
[2026-05-30T12:10:50Z] G12_failure_recovery GREEN (96 char SMS)
[2026-05-30T12:10:50Z] G3_silent_execute GREEN (age=371s)
[2026-05-30T12:10:51Z] verdict GREEN (elapsed 7s)
[2026-05-30T12:13:51Z] iteration start
[2026-05-30T12:13:51Z] engine_alive GREEN (pid 13272 etime 05:23:05)
[2026-05-30T12:13:54Z] G2_trivia_fires GREEN (11.98 ms)
[2026-05-30T12:13:55Z] G10_channel_routes GREEN (6/6)
[2026-05-30T12:13:55Z] G11_cost_ceiling GREEN (p95=0.0)
[2026-05-30T12:13:55Z] G12_failure_recovery GREEN (96 char SMS)
[2026-05-30T12:13:56Z] G3_silent_execute GREEN (age=556s)
[2026-05-30T12:13:56Z] verdict GREEN (elapsed 5s)
[2026-05-30T12:16:56Z] iteration start
[2026-05-30T12:16:56Z] engine_alive GREEN (pid 13272 etime 05:26:10)
[2026-05-30T12:17:00Z] G2_trivia_fires GREEN (11.66 ms)
[2026-05-30T12:17:00Z] G10_channel_routes GREEN (6/6)
[2026-05-30T12:17:00Z] G11_cost_ceiling GREEN (p95=0.0)
[2026-05-30T12:17:01Z] G12_failure_recovery GREEN (96 char SMS)
[2026-05-30T12:17:01Z] G3_silent_execute GREEN (age=742s)
[2026-05-30T12:17:01Z] verdict GREEN (elapsed 5s)
[2026-05-30T12:20:01Z] iteration start
[2026-05-30T12:20:01Z] engine_alive GREEN (pid 13272 etime 05:29:15)
[2026-05-30T12:20:05Z] G2_trivia_fires GREEN (13.25 ms)
[2026-05-30T12:20:05Z] G10_channel_routes GREEN (6/6)
[2026-05-30T12:20:06Z] G11_cost_ceiling GREEN (p95=0.0)
[2026-05-30T12:20:06Z] G12_failure_recovery GREEN (96 char SMS)
[2026-05-30T12:20:06Z] G3_silent_execute GREEN (age=927s)
[2026-05-30T12:20:06Z] verdict GREEN (elapsed 5s)
[2026-05-30T12:23:06Z] iteration start
[2026-05-30T12:23:07Z] engine_alive GREEN (pid 13272 etime 05:32:21)
[2026-05-30T12:23:10Z] G2_trivia_fires GREEN (12.61 ms)
[2026-05-30T12:23:11Z] G10_channel_routes GREEN (6/6)
[2026-05-30T12:23:11Z] G11_cost_ceiling GREEN (p95=0.0)
[2026-05-30T12:23:11Z] G12_failure_recovery GREEN (96 char SMS)
[2026-05-30T12:23:11Z] G3_silent_execute GREEN (age=1112s)
[2026-05-30T12:23:11Z] verdict GREEN (elapsed 5s)
[2026-05-30T12:26:11Z] iteration start
[2026-05-30T12:26:12Z] engine_alive GREEN (pid 13272 etime 05:35:26)
[2026-05-30T12:26:16Z] G2_trivia_fires GREEN (11.47 ms)
[2026-05-30T12:26:16Z] G10_channel_routes GREEN (6/6)
[2026-05-30T12:26:17Z] G11_cost_ceiling GREEN (p95=0.0)
[2026-05-30T12:26:17Z] G12_failure_recovery GREEN (96 char SMS)
[2026-05-30T12:26:17Z] G3_silent_execute GREEN (age=1298s)
[2026-05-30T12:26:17Z] verdict GREEN (elapsed 6s)
[2026-05-30T12:29:17Z] iteration start
[2026-05-30T12:29:17Z] engine_alive GREEN (pid 13272 etime 05:38:31)
[2026-05-30T12:29:22Z] G2_trivia_fires GREEN (12.76 ms)
[2026-05-30T12:29:22Z] G10_channel_routes GREEN (6/6)
[2026-05-30T12:29:22Z] G11_cost_ceiling GREEN (p95=0.0)
[2026-05-30T12:29:23Z] G12_failure_recovery GREEN (96 char SMS)
[2026-05-30T12:29:23Z] G3_silent_execute GREEN (age=1483s)
[2026-05-30T12:29:23Z] verdict GREEN (elapsed 6s)
[2026-05-30T12:32:23Z] iteration start
[2026-05-30T12:32:23Z] engine_alive GREEN (pid 13272 etime 05:41:37)
[2026-05-30T12:32:27Z] G2_trivia_fires GREEN (11.35 ms)
[2026-05-30T12:32:27Z] G10_channel_routes GREEN (6/6)
[2026-05-30T12:32:28Z] G11_cost_ceiling GREEN (p95=0.0)
[2026-05-30T12:32:28Z] G12_failure_recovery GREEN (96 char SMS)
[2026-05-30T12:32:28Z] deep iter: launching z001 harness (age=1669s)
[2026-05-30T12:33:15Z] G3_silent_execute GREEN (z001 PASS age=0s)
[2026-05-30T12:33:15Z] verdict GREEN (elapsed 52s)
[2026-05-30T12:36:15Z] iteration start
[2026-05-30T12:36:16Z] engine_alive GREEN (pid 13272 etime 05:45:30)
[2026-05-30T12:36:20Z] G2_trivia_fires GREEN (25.50 ms)
[2026-05-30T12:36:20Z] G10_channel_routes GREEN (6/6)
[2026-05-30T12:36:21Z] G11_cost_ceiling GREEN (p95=0.0)
[2026-05-30T12:36:21Z] G12_failure_recovery GREEN (96 char SMS)
[2026-05-30T12:36:21Z] G3_silent_execute GREEN (age=185s)
[2026-05-30T12:36:21Z] verdict GREEN (elapsed 6s)
[2026-05-30T12:39:21Z] iteration start
[2026-05-30T12:39:22Z] engine_alive GREEN (pid 13272 etime 05:48:35)
[2026-05-30T12:39:25Z] G2_trivia_fires GREEN (12.92 ms)
[2026-05-30T12:39:25Z] G10_channel_routes GREEN (6/6)
[2026-05-30T12:39:26Z] G11_cost_ceiling GREEN (p95=0.0)
[2026-05-30T12:39:26Z] G12_failure_recovery GREEN (96 char SMS)
[2026-05-30T12:39:26Z] G3_silent_execute GREEN (age=371s)
[2026-05-30T12:39:26Z] verdict GREEN (elapsed 5s)
[2026-05-30T12:42:26Z] iteration start
[2026-05-30T12:42:27Z] engine_alive GREEN (pid 13272 etime 05:51:40)
[2026-05-30T12:42:31Z] G2_trivia_fires GREEN (12.32 ms)
[2026-05-30T12:42:31Z] G10_channel_routes GREEN (6/6)
[2026-05-30T12:42:32Z] G11_cost_ceiling GREEN (p95=0.0)
[2026-05-30T12:42:32Z] G12_failure_recovery GREEN (96 char SMS)
[2026-05-30T12:42:32Z] G3_silent_execute GREEN (age=556s)
[2026-05-30T12:42:32Z] verdict GREEN (elapsed 6s)
[2026-05-30T12:45:32Z] iteration start
[2026-05-30T12:45:33Z] engine_alive GREEN (pid 13272 etime 05:54:46)
[2026-05-30T12:45:36Z] G2_trivia_fires GREEN (12.55 ms)
[2026-05-30T12:45:36Z] G10_channel_routes GREEN (6/6)
[2026-05-30T12:45:37Z] G11_cost_ceiling GREEN (p95=0.0)
[2026-05-30T12:45:37Z] G12_failure_recovery GREEN (96 char SMS)
[2026-05-30T12:45:37Z] G3_silent_execute GREEN (age=742s)
[2026-05-30T12:45:37Z] verdict GREEN (elapsed 5s)
[2026-05-30T12:48:37Z] iteration start
[2026-05-30T12:48:38Z] engine_alive GREEN (pid 13272 etime 05:57:51)
[2026-05-30T12:48:41Z] G2_trivia_fires GREEN (13.90 ms)
[2026-05-30T12:48:42Z] G10_channel_routes GREEN (6/6)
[2026-05-30T12:48:42Z] G11_cost_ceiling GREEN (p95=0.0)
[2026-05-30T12:48:42Z] G12_failure_recovery GREEN (96 char SMS)
[2026-05-30T12:48:42Z] G3_silent_execute GREEN (age=927s)
[2026-05-30T12:48:42Z] verdict GREEN (elapsed 5s)
[2026-05-30T12:51:42Z] iteration start
[2026-05-30T12:51:43Z] engine_alive GREEN (pid 13272 etime 06:00:57)
[2026-05-30T12:51:46Z] G2_trivia_fires GREEN (12.36 ms)
[2026-05-30T12:51:47Z] G10_channel_routes GREEN (6/6)
[2026-05-30T12:51:47Z] G11_cost_ceiling GREEN (p95=0.0)
[2026-05-30T12:51:47Z] G12_failure_recovery GREEN (96 char SMS)
[2026-05-30T12:51:48Z] G3_silent_execute GREEN (age=1112s)
[2026-05-30T12:51:48Z] verdict GREEN (elapsed 6s)
[2026-05-30T12:54:48Z] iteration start
[2026-05-30T12:54:48Z] engine_alive GREEN (pid 13272 etime 06:04:02)
[2026-05-30T12:54:52Z] G2_trivia_fires GREEN (11.38 ms)
[2026-05-30T12:54:52Z] G10_channel_routes GREEN (6/6)
[2026-05-30T12:54:52Z] G11_cost_ceiling GREEN (p95=0.0)
[2026-05-30T12:54:53Z] G12_failure_recovery GREEN (96 char SMS)
[2026-05-30T12:54:53Z] G3_silent_execute GREEN (age=1297s)
[2026-05-30T12:54:53Z] verdict GREEN (elapsed 5s)
[2026-05-30T12:57:53Z] iteration start
[2026-05-30T12:57:53Z] engine_alive GREEN (pid 13272 etime 06:07:07)
[2026-05-30T12:57:57Z] G2_trivia_fires GREEN (13.91 ms)
[2026-05-30T12:57:57Z] G10_channel_routes GREEN (6/6)
[2026-05-30T12:57:58Z] G11_cost_ceiling GREEN (p95=0.0)
[2026-05-30T12:57:58Z] G12_failure_recovery GREEN (96 char SMS)
[2026-05-30T12:57:58Z] G3_silent_execute GREEN (age=1482s)
[2026-05-30T12:57:58Z] verdict GREEN (elapsed 5s)
[2026-05-30T13:00:58Z] iteration start
[2026-05-30T13:00:58Z] engine_alive GREEN (pid 13272 etime 06:10:12)
[2026-05-30T13:01:02Z] G2_trivia_fires GREEN (12.92 ms)
[2026-05-30T13:01:03Z] G10_channel_routes GREEN (6/6)
[2026-05-30T13:01:03Z] G11_cost_ceiling GREEN (p95=0.0)
[2026-05-30T13:01:03Z] G12_failure_recovery GREEN (96 char SMS)
[2026-05-30T13:01:03Z] deep iter: launching z001 harness (age=1668s)
[2026-05-30T13:01:52Z] G3_silent_execute GREEN (z001 PASS age=0s)
[2026-05-30T13:01:52Z] verdict GREEN (elapsed 54s)
[2026-05-30T13:04:53Z] iteration start
[2026-05-30T13:04:53Z] engine_alive GREEN (pid 13272 etime 06:14:07)
[2026-05-30T13:04:56Z] G2_trivia_fires GREEN (12.71 ms)
[2026-05-30T13:04:57Z] G10_channel_routes GREEN (6/6)
[2026-05-30T13:04:57Z] G11_cost_ceiling GREEN (p95=0.0)
[2026-05-30T13:04:57Z] G12_failure_recovery GREEN (96 char SMS)
[2026-05-30T13:04:57Z] G3_silent_execute GREEN (age=185s)
[2026-05-30T13:04:58Z] verdict GREEN (elapsed 5s)
[2026-05-30T13:07:58Z] iteration start
[2026-05-30T13:07:58Z] engine_alive GREEN (pid 13272 etime 06:17:12)
[2026-05-30T13:08:02Z] G2_trivia_fires GREEN (12.33 ms)
[2026-05-30T13:08:02Z] G10_channel_routes GREEN (6/6)
[2026-05-30T13:08:03Z] G11_cost_ceiling GREEN (p95=0.0)
[2026-05-30T13:08:03Z] G12_failure_recovery GREEN (96 char SMS)
[2026-05-30T13:08:03Z] G3_silent_execute GREEN (age=370s)
[2026-05-30T13:08:03Z] verdict GREEN (elapsed 5s)
[2026-05-30T13:11:03Z] iteration start
[2026-05-30T13:11:03Z] engine_alive GREEN (pid 13272 etime 06:20:17)
[2026-05-30T13:11:08Z] G2_trivia_fires GREEN (12.96 ms)
[2026-05-30T13:11:08Z] G10_channel_routes GREEN (6/6)
[2026-05-30T13:11:08Z] G11_cost_ceiling GREEN (p95=0.0)
[2026-05-30T13:11:09Z] G12_failure_recovery GREEN (96 char SMS)
[2026-05-30T13:11:09Z] G3_silent_execute GREEN (age=556s)
[2026-05-30T13:11:09Z] verdict GREEN (elapsed 6s)
[2026-05-30T13:14:09Z] iteration start
[2026-05-30T13:14:09Z] engine_alive GREEN (pid 13272 etime 06:23:23)
[2026-05-30T13:14:14Z] G2_trivia_fires GREEN (11.64 ms)
[2026-05-30T13:14:15Z] G10_channel_routes GREEN (6/6)
[2026-05-30T13:14:15Z] G11_cost_ceiling GREEN (p95=0.0)
[2026-05-30T13:14:15Z] G12_failure_recovery GREEN (96 char SMS)
[2026-05-30T13:14:15Z] G3_silent_execute GREEN (age=743s)
[2026-05-30T13:14:16Z] verdict GREEN (elapsed 7s)
[2026-05-30T13:17:16Z] iteration start
[2026-05-30T13:17:16Z] engine_alive GREEN (pid 13272 etime 06:26:30)
[2026-05-30T13:17:20Z] G2_trivia_fires GREEN (11.38 ms)
[2026-05-30T13:17:20Z] G10_channel_routes GREEN (6/6)
[2026-05-30T13:17:21Z] G11_cost_ceiling GREEN (p95=0.0)
[2026-05-30T13:17:21Z] G12_failure_recovery GREEN (96 char SMS)
[2026-05-30T13:17:21Z] G3_silent_execute GREEN (age=928s)
[2026-05-30T13:17:21Z] verdict GREEN (elapsed 5s)
[2026-05-30T13:20:21Z] iteration start
[2026-05-30T13:20:21Z] engine_alive GREEN (pid 13272 etime 06:29:35)
[2026-05-30T13:20:25Z] G2_trivia_fires GREEN (11.82 ms)
[2026-05-30T13:20:26Z] G10_channel_routes GREEN (6/6)
[2026-05-30T13:20:26Z] G11_cost_ceiling GREEN (p95=0.0)
[2026-05-30T13:20:26Z] G12_failure_recovery GREEN (96 char SMS)
[2026-05-30T13:20:26Z] G3_silent_execute GREEN (age=1114s)
[2026-05-30T13:20:26Z] verdict GREEN (elapsed 5s)
[2026-05-30T13:23:26Z] iteration start
[2026-05-30T13:23:27Z] engine_alive GREEN (pid 13272 etime 06:32:41)
[2026-05-30T13:23:32Z] G2_trivia_fires RED (no G2 PASS line; tail=FAIL: inject 0: {'error': 'TimeoutError: timed out'})
[2026-05-30T13:23:33Z] G10_channel_routes GREEN (6/6)
[2026-05-30T13:23:33Z] G11_cost_ceiling GREEN (p95=0.0)
[2026-05-30T13:23:33Z] G12_failure_recovery GREEN (96 char SMS)
[2026-05-30T13:23:33Z] G3_silent_execute GREEN (age=1301s)
[2026-05-30T13:23:33Z] verdict RED (elapsed 7s)
[2026-05-30T13:23:33Z] runner: iter exited non-zero (RED)
[2026-05-30T13:26:33Z] iteration start
[2026-05-30T13:26:34Z] engine_alive GREEN (pid 13272 etime 06:35:48)
[2026-05-30T13:26:38Z] G2_trivia_fires GREEN (12.24 ms)
[2026-05-30T13:26:38Z] G10_channel_routes GREEN (6/6)
[2026-05-30T13:26:38Z] G11_cost_ceiling GREEN (p95=0.0)
[2026-05-30T13:26:39Z] G12_failure_recovery GREEN (96 char SMS)
[2026-05-30T13:26:39Z] G3_silent_execute GREEN (age=1486s)
[2026-05-30T13:26:39Z] verdict GREEN (elapsed 6s)
[2026-05-30T13:29:39Z] iteration start
[2026-05-30T13:29:39Z] engine_alive GREEN (pid 13272 etime 06:38:53)
[2026-05-30T13:29:43Z] G2_trivia_fires GREEN (12.38 ms)
[2026-05-30T13:29:44Z] G10_channel_routes GREEN (6/6)
[2026-05-30T13:29:44Z] G11_cost_ceiling GREEN (p95=0.0)
[2026-05-30T13:29:44Z] G12_failure_recovery GREEN (96 char SMS)
[2026-05-30T13:29:44Z] deep iter: launching z001 harness (age=1672s)
[2026-05-30T13:30:33Z] G3_silent_execute GREEN (z001 PASS age=0s)
[2026-05-30T13:30:33Z] verdict GREEN (elapsed 54s)
[2026-05-30T13:33:33Z] iteration start
[2026-05-30T13:33:34Z] engine_alive GREEN (pid 13272 etime 06:42:47)
[2026-05-30T13:33:37Z] G2_trivia_fires GREEN (13.05 ms)
[2026-05-30T13:33:37Z] G10_channel_routes GREEN (6/6)
[2026-05-30T13:33:38Z] G11_cost_ceiling GREEN (p95=0.0)
[2026-05-30T13:33:38Z] G12_failure_recovery GREEN (96 char SMS)
[2026-05-30T13:33:38Z] G3_silent_execute GREEN (age=185s)
[2026-05-30T13:33:38Z] verdict GREEN (elapsed 5s)
[2026-05-30T13:36:38Z] iteration start
[2026-05-30T13:36:39Z] engine_alive GREEN (pid 13272 etime 06:45:52)
[2026-05-30T13:36:42Z] G2_trivia_fires GREEN (11.90 ms)
[2026-05-30T13:36:42Z] G10_channel_routes GREEN (6/6)
[2026-05-30T13:36:43Z] G11_cost_ceiling GREEN (p95=0.0)
[2026-05-30T13:36:43Z] G12_failure_recovery GREEN (96 char SMS)
[2026-05-30T13:36:43Z] G3_silent_execute GREEN (age=370s)
[2026-05-30T13:36:43Z] verdict GREEN (elapsed 5s)
[2026-05-30T13:39:43Z] iteration start
[2026-05-30T13:39:44Z] engine_alive GREEN (pid 13272 etime 06:48:58)
[2026-05-30T13:39:47Z] G2_trivia_fires GREEN (15.28 ms)
[2026-05-30T13:39:48Z] G10_channel_routes GREEN (6/6)
[2026-05-30T13:39:48Z] G11_cost_ceiling GREEN (p95=0.0)
[2026-05-30T13:39:48Z] G12_failure_recovery GREEN (96 char SMS)
[2026-05-30T13:39:48Z] G3_silent_execute GREEN (age=555s)
[2026-05-30T13:39:48Z] verdict GREEN (elapsed 5s)
[2026-05-30T13:42:48Z] iteration start
[2026-05-30T13:42:49Z] engine_alive GREEN (pid 13272 etime 06:52:03)
[2026-05-30T13:42:52Z] G2_trivia_fires GREEN (11.61 ms)
[2026-05-30T13:42:53Z] G10_channel_routes GREEN (6/6)
[2026-05-30T13:42:53Z] G11_cost_ceiling GREEN (p95=0.0)
[2026-05-30T13:42:53Z] G12_failure_recovery GREEN (96 char SMS)
[2026-05-30T13:42:53Z] G3_silent_execute GREEN (age=740s)
[2026-05-30T13:42:53Z] verdict GREEN (elapsed 5s)
[2026-05-30T13:45:53Z] iteration start
[2026-05-30T13:45:54Z] engine_alive GREEN (pid 13272 etime 06:55:08)
[2026-05-30T13:45:57Z] G2_trivia_fires GREEN (11.38 ms)
[2026-05-30T13:45:58Z] G10_channel_routes GREEN (6/6)
[2026-05-30T13:45:58Z] G11_cost_ceiling GREEN (p95=0.0)
[2026-05-30T13:45:58Z] G12_failure_recovery GREEN (96 char SMS)
[2026-05-30T13:45:58Z] G3_silent_execute GREEN (age=925s)
[2026-05-30T13:45:58Z] verdict GREEN (elapsed 5s)
[2026-05-30T13:48:58Z] iteration start
[2026-05-30T13:48:59Z] engine_alive GREEN (pid 13272 etime 06:58:13)
[2026-05-30T13:49:03Z] G2_trivia_fires GREEN (11.37 ms)
[2026-05-30T13:49:03Z] G10_channel_routes GREEN (6/6)
[2026-05-30T13:49:04Z] G11_cost_ceiling GREEN (p95=0.0)
[2026-05-30T13:49:04Z] G12_failure_recovery GREEN (96 char SMS)
[2026-05-30T13:49:04Z] G3_silent_execute GREEN (age=1111s)
[2026-05-30T13:49:04Z] verdict GREEN (elapsed 6s)
[2026-05-30T13:52:04Z] iteration start
[2026-05-30T13:52:05Z] engine_alive GREEN (pid 13272 etime 07:01:18)
[2026-05-30T13:52:10Z] G2_trivia_fires GREEN (12.35 ms)
[2026-05-30T13:52:10Z] G10_channel_routes GREEN (6/6)
[2026-05-30T13:52:10Z] G11_cost_ceiling GREEN (p95=0.0)
[2026-05-30T13:52:10Z] G12_failure_recovery GREEN (96 char SMS)
[2026-05-30T13:52:11Z] G3_silent_execute GREEN (age=1297s)
[2026-05-30T13:52:11Z] verdict GREEN (elapsed 7s)
[2026-05-30T13:55:11Z] iteration start
[2026-05-30T13:55:11Z] engine_alive GREEN (pid 13272 etime 07:04:25)
[2026-05-30T13:55:15Z] G2_trivia_fires GREEN (11.73 ms)
[2026-05-30T13:55:16Z] G10_channel_routes GREEN (6/6)
[2026-05-30T13:55:16Z] G11_cost_ceiling GREEN (p95=0.0)
[2026-05-30T13:55:16Z] G12_failure_recovery GREEN (96 char SMS)
[2026-05-30T13:55:16Z] G3_silent_execute GREEN (age=1483s)
[2026-05-30T13:55:17Z] verdict GREEN (elapsed 6s)
[2026-05-30T13:58:17Z] iteration start
[2026-05-30T13:58:17Z] engine_alive GREEN (pid 13272 etime 07:07:31)
[2026-05-30T13:58:21Z] G2_trivia_fires GREEN (11.07 ms)
[2026-05-30T13:58:21Z] G10_channel_routes GREEN (6/6)
[2026-05-30T13:58:21Z] G11_cost_ceiling GREEN (p95=0.0)
[2026-05-30T13:58:22Z] G12_failure_recovery GREEN (96 char SMS)
[2026-05-30T13:58:22Z] deep iter: launching z001 harness (age=1668s)
[2026-05-30T13:59:11Z] G3_silent_execute GREEN (z001 PASS age=0s)
[2026-05-30T13:59:11Z] verdict GREEN (elapsed 54s)
[2026-05-30T14:02:11Z] iteration start
[2026-05-30T14:02:12Z] engine_alive GREEN (pid 13272 etime 07:11:25)
[2026-05-30T14:02:16Z] G2_trivia_fires GREEN (11.53 ms)
[2026-05-30T14:02:16Z] G10_channel_routes GREEN (6/6)
[2026-05-30T14:02:16Z] G11_cost_ceiling GREEN (p95=0.0)
[2026-05-30T14:02:17Z] G12_failure_recovery GREEN (96 char SMS)
[2026-05-30T14:02:17Z] G3_silent_execute GREEN (age=185s)
[2026-05-30T14:02:17Z] verdict GREEN (elapsed 6s)
[2026-05-30T14:05:17Z] iteration start
[2026-05-30T14:05:17Z] engine_alive GREEN (pid 13272 etime 07:14:31)
[2026-05-30T14:05:22Z] G2_trivia_fires GREEN (11.23 ms)
[2026-05-30T14:05:22Z] G10_channel_routes GREEN (6/6)
[2026-05-30T14:05:23Z] G11_cost_ceiling GREEN (p95=0.0)
[2026-05-30T14:05:23Z] G12_failure_recovery GREEN (96 char SMS)
[2026-05-30T14:05:23Z] G3_silent_execute GREEN (age=372s)
[2026-05-30T14:05:23Z] verdict GREEN (elapsed 6s)
[2026-05-30T14:08:23Z] iteration start
[2026-05-30T14:08:24Z] engine_alive GREEN (pid 13272 etime 07:17:37)
[2026-05-30T14:08:27Z] G2_trivia_fires GREEN (11.06 ms)
[2026-05-30T14:08:28Z] G10_channel_routes GREEN (6/6)
[2026-05-30T14:08:28Z] G11_cost_ceiling GREEN (p95=0.0)
[2026-05-30T14:08:28Z] G12_failure_recovery GREEN (96 char SMS)
[2026-05-30T14:08:28Z] G3_silent_execute GREEN (age=557s)
[2026-05-30T14:08:28Z] verdict GREEN (elapsed 5s)
[2026-05-30T14:11:28Z] iteration start
[2026-05-30T14:11:29Z] engine_alive GREEN (pid 13272 etime 07:20:43)
[2026-05-30T14:11:33Z] G2_trivia_fires GREEN (11.25 ms)
[2026-05-30T14:11:33Z] G10_channel_routes GREEN (6/6)
[2026-05-30T14:11:33Z] G11_cost_ceiling GREEN (p95=0.0)
[2026-05-30T14:11:33Z] G12_failure_recovery GREEN (96 char SMS)
[2026-05-30T14:11:34Z] G3_silent_execute GREEN (age=742s)
[2026-05-30T14:11:34Z] verdict GREEN (elapsed 6s)
[2026-05-30T14:14:34Z] iteration start
[2026-05-30T14:14:34Z] engine_alive GREEN (pid 13272 etime 07:23:48)
[2026-05-30T14:14:38Z] G2_trivia_fires GREEN (15.13 ms)
[2026-05-30T14:14:38Z] G10_channel_routes GREEN (6/6)
[2026-05-30T14:14:38Z] G11_cost_ceiling GREEN (p95=0.0)
[2026-05-30T14:14:39Z] G12_failure_recovery GREEN (96 char SMS)
[2026-05-30T14:14:39Z] G3_silent_execute GREEN (age=927s)
[2026-05-30T14:14:39Z] verdict GREEN (elapsed 5s)
[2026-05-30T14:17:39Z] iteration start
[2026-05-30T14:17:39Z] engine_alive GREEN (pid 13272 etime 07:26:53)
[2026-05-30T14:17:43Z] G2_trivia_fires GREEN (15.09 ms)
[2026-05-30T14:17:44Z] G10_channel_routes GREEN (6/6)
[2026-05-30T14:17:44Z] G11_cost_ceiling GREEN (p95=0.0)
[2026-05-30T14:17:44Z] G12_failure_recovery GREEN (96 char SMS)
[2026-05-30T14:17:44Z] G3_silent_execute GREEN (age=1113s)
[2026-05-30T14:17:44Z] verdict GREEN (elapsed 5s)
[2026-05-30T14:20:45Z] iteration start
[2026-05-30T14:20:45Z] engine_alive GREEN (pid 13272 etime 07:29:59)
[2026-05-30T14:20:49Z] G2_trivia_fires GREEN (15.06 ms)
[2026-05-30T14:20:49Z] G10_channel_routes GREEN (6/6)
[2026-05-30T14:20:49Z] G11_cost_ceiling GREEN (p95=0.0)
[2026-05-30T14:20:49Z] G12_failure_recovery GREEN (96 char SMS)
[2026-05-30T14:20:50Z] G3_silent_execute GREEN (age=1298s)
[2026-05-30T14:20:50Z] verdict GREEN (elapsed 5s)
[2026-05-30T14:23:50Z] iteration start
[2026-05-30T14:23:50Z] engine_alive GREEN (pid 13272 etime 07:33:04)
[2026-05-30T14:23:54Z] G2_trivia_fires GREEN (13.25 ms)
[2026-05-30T14:23:54Z] G10_channel_routes GREEN (6/6)
[2026-05-30T14:23:54Z] G11_cost_ceiling GREEN (p95=0.0)
[2026-05-30T14:23:55Z] G12_failure_recovery GREEN (96 char SMS)
[2026-05-30T14:23:55Z] G3_silent_execute GREEN (age=1484s)
[2026-05-30T14:23:55Z] verdict GREEN (elapsed 5s)
[2026-05-30T14:26:55Z] iteration start
[2026-05-30T14:26:55Z] engine_alive GREEN (pid 13272 etime 07:36:09)
[2026-05-30T14:26:59Z] G2_trivia_fires GREEN (11.35 ms)
[2026-05-30T14:26:59Z] G10_channel_routes GREEN (6/6)
[2026-05-30T14:27:00Z] G11_cost_ceiling GREEN (p95=0.0)
[2026-05-30T14:27:00Z] G12_failure_recovery GREEN (96 char SMS)
[2026-05-30T14:27:00Z] deep iter: launching z001 harness (age=1669s)
[2026-05-30T14:27:47Z] G3_silent_execute GREEN (z001 PASS age=0s)
[2026-05-30T14:27:47Z] verdict GREEN (elapsed 52s)
[2026-05-30T14:30:47Z] iteration start
[2026-05-30T14:30:47Z] engine_alive GREEN (pid 13272 etime 07:40:01)
[2026-05-30T14:30:52Z] G2_trivia_fires GREEN (11.28 ms)
[2026-05-30T14:30:52Z] G10_channel_routes GREEN (6/6)
[2026-05-30T14:30:53Z] G11_cost_ceiling GREEN (p95=0.0)
[2026-05-30T14:30:53Z] G12_failure_recovery GREEN (96 char SMS)
[2026-05-30T14:30:53Z] G3_silent_execute GREEN (age=186s)
[2026-05-30T14:30:53Z] verdict GREEN (elapsed 6s)
[2026-05-30T14:33:53Z] iteration start
[2026-05-30T14:33:54Z] engine_alive GREEN (pid 13272 etime 07:43:07)
[2026-05-30T14:33:57Z] G2_trivia_fires GREEN (11.49 ms)
[2026-05-30T14:33:58Z] G10_channel_routes GREEN (6/6)
[2026-05-30T14:33:58Z] G11_cost_ceiling GREEN (p95=0.0)
[2026-05-30T14:33:58Z] G12_failure_recovery GREEN (96 char SMS)
[2026-05-30T14:33:58Z] G3_silent_execute GREEN (age=372s)
[2026-05-30T14:33:58Z] verdict GREEN (elapsed 5s)
[2026-05-30T14:36:59Z] iteration start
[2026-05-30T14:36:59Z] engine_alive GREEN (pid 13272 etime 07:46:13)
[2026-05-30T14:37:03Z] G2_trivia_fires GREEN (12.30 ms)
[2026-05-30T14:37:03Z] G10_channel_routes GREEN (6/6)
[2026-05-30T14:37:03Z] G11_cost_ceiling GREEN (p95=0.0)
[2026-05-30T14:37:04Z] G12_failure_recovery GREEN (96 char SMS)
[2026-05-30T14:37:04Z] G3_silent_execute GREEN (age=557s)
[2026-05-30T14:37:04Z] verdict GREEN (elapsed 5s)
[2026-05-30T14:40:04Z] iteration start
[2026-05-30T14:40:04Z] engine_alive GREEN (pid 13272 etime 07:49:18)
[2026-05-30T14:40:08Z] G2_trivia_fires GREEN (11.30 ms)
[2026-05-30T14:40:08Z] G10_channel_routes GREEN (6/6)
[2026-05-30T14:40:09Z] G11_cost_ceiling GREEN (p95=0.0)
[2026-05-30T14:40:09Z] G12_failure_recovery GREEN (96 char SMS)
[2026-05-30T14:40:09Z] G3_silent_execute GREEN (age=742s)
[2026-05-30T14:40:09Z] verdict GREEN (elapsed 5s)
[2026-05-30T14:43:09Z] iteration start
[2026-05-30T14:43:10Z] engine_alive GREEN (pid 13272 etime 07:52:23)
[2026-05-30T14:43:14Z] G2_trivia_fires GREEN (11.69 ms)
[2026-05-30T14:43:14Z] G10_channel_routes GREEN (6/6)
[2026-05-30T14:43:14Z] G11_cost_ceiling GREEN (p95=0.0)
[2026-05-30T14:43:14Z] G12_failure_recovery GREEN (96 char SMS)
[2026-05-30T14:43:15Z] G3_silent_execute GREEN (age=928s)
[2026-05-30T14:43:15Z] verdict GREEN (elapsed 6s)
[2026-05-30T14:46:15Z] iteration start
[2026-05-30T14:46:15Z] engine_alive GREEN (pid 13272 etime 07:55:29)
[2026-05-30T14:46:20Z] G2_trivia_fires GREEN (11.23 ms)
[2026-05-30T14:46:20Z] G10_channel_routes GREEN (6/6)
[2026-05-30T14:46:20Z] G11_cost_ceiling GREEN (p95=0.0)
[2026-05-30T14:46:20Z] G12_failure_recovery GREEN (96 char SMS)
[2026-05-30T14:46:21Z] G3_silent_execute GREEN (age=1114s)
[2026-05-30T14:46:21Z] verdict GREEN (elapsed 6s)
[2026-05-30T14:49:21Z] iteration start
[2026-05-30T14:49:21Z] engine_alive GREEN (pid 13272 etime 07:58:35)
[2026-05-30T14:49:25Z] G2_trivia_fires GREEN (13.45 ms)
[2026-05-30T14:49:26Z] G10_channel_routes GREEN (6/6)
[2026-05-30T14:49:26Z] G11_cost_ceiling GREEN (p95=0.0)
[2026-05-30T14:49:26Z] G12_failure_recovery GREEN (96 char SMS)
[2026-05-30T14:49:26Z] G3_silent_execute GREEN (age=1300s)
[2026-05-30T14:49:26Z] verdict GREEN (elapsed 5s)
[2026-05-30T14:52:27Z] iteration start
[2026-05-30T14:52:27Z] engine_alive GREEN (pid 13272 etime 08:01:41)
[2026-05-30T14:52:31Z] G2_trivia_fires GREEN (10.97 ms)
[2026-05-30T14:52:31Z] G10_channel_routes GREEN (6/6)
[2026-05-30T14:52:32Z] G11_cost_ceiling GREEN (p95=0.0)
[2026-05-30T14:52:32Z] G12_failure_recovery GREEN (96 char SMS)
[2026-05-30T14:52:32Z] G3_silent_execute GREEN (age=1485s)
[2026-05-30T14:52:32Z] verdict GREEN (elapsed 5s)
[2026-05-30T14:55:32Z] iteration start
[2026-05-30T14:55:33Z] engine_alive GREEN (pid 13272 etime 08:04:46)
[2026-05-30T14:55:37Z] G2_trivia_fires GREEN (11.08 ms)
[2026-05-30T14:55:37Z] G10_channel_routes GREEN (6/6)
[2026-05-30T14:55:38Z] G11_cost_ceiling GREEN (p95=0.0)
[2026-05-30T14:55:38Z] G12_failure_recovery GREEN (96 char SMS)
[2026-05-30T14:55:38Z] deep iter: launching z001 harness (age=1671s)
[2026-05-30T14:56:25Z] G3_silent_execute GREEN (z001 PASS age=0s)
[2026-05-30T14:56:25Z] verdict GREEN (elapsed 53s)
[2026-05-30T14:59:25Z] iteration start
[2026-05-30T14:59:25Z] engine_alive GREEN (pid 13272 etime 08:08:39)
[2026-05-30T14:59:29Z] G2_trivia_fires GREEN (11.44 ms)
[2026-05-30T14:59:30Z] G10_channel_routes GREEN (6/6)
[2026-05-30T14:59:30Z] G11_cost_ceiling GREEN (p95=0.0)
[2026-05-30T14:59:30Z] G12_failure_recovery GREEN (96 char SMS)
[2026-05-30T14:59:31Z] G3_silent_execute GREEN (age=185s)
[2026-05-30T14:59:31Z] verdict GREEN (elapsed 6s)
[2026-05-30T15:02:31Z] iteration start
[2026-05-30T15:02:31Z] engine_alive GREEN (pid 13272 etime 08:11:45)
[2026-05-30T15:02:35Z] G2_trivia_fires GREEN (11.43 ms)
[2026-05-30T15:02:35Z] G10_channel_routes GREEN (6/6)
[2026-05-30T15:02:35Z] G11_cost_ceiling GREEN (p95=0.0)
[2026-05-30T15:02:36Z] G12_failure_recovery GREEN (96 char SMS)
[2026-05-30T15:02:36Z] G3_silent_execute GREEN (age=371s)
[2026-05-30T15:02:36Z] verdict GREEN (elapsed 5s)
[2026-05-30T15:05:36Z] iteration start
[2026-05-30T15:05:36Z] engine_alive GREEN (pid 13272 etime 08:14:50)
[2026-05-30T15:05:40Z] G2_trivia_fires GREEN (15.32 ms)
[2026-05-30T15:05:40Z] G10_channel_routes GREEN (6/6)
[2026-05-30T15:05:41Z] G11_cost_ceiling GREEN (p95=0.0)
[2026-05-30T15:05:41Z] G12_failure_recovery GREEN (96 char SMS)
[2026-05-30T15:05:41Z] G3_silent_execute GREEN (age=556s)
[2026-05-30T15:05:41Z] verdict GREEN (elapsed 5s)
[2026-05-30T15:08:41Z] iteration start
[2026-05-30T15:08:42Z] engine_alive GREEN (pid 13272 etime 08:17:55)
[2026-05-30T15:08:45Z] G2_trivia_fires GREEN (13.22 ms)
[2026-05-30T15:08:46Z] G10_channel_routes GREEN (6/6)
[2026-05-30T15:08:46Z] G11_cost_ceiling GREEN (p95=0.0)
[2026-05-30T15:08:46Z] G12_failure_recovery GREEN (96 char SMS)
[2026-05-30T15:08:47Z] G3_silent_execute GREEN (age=741s)
[2026-05-30T15:08:47Z] verdict GREEN (elapsed 6s)
[2026-05-30T15:11:47Z] iteration start
[2026-05-30T15:11:47Z] engine_alive GREEN (pid 13272 etime 08:21:01)
[2026-05-30T15:11:51Z] G2_trivia_fires GREEN (12.26 ms)
[2026-05-30T15:11:52Z] G10_channel_routes GREEN (6/6)
[2026-05-30T15:11:52Z] G11_cost_ceiling GREEN (p95=0.0)
[2026-05-30T15:11:52Z] G12_failure_recovery GREEN (96 char SMS)
[2026-05-30T15:11:52Z] G3_silent_execute GREEN (age=927s)
[2026-05-30T15:11:53Z] verdict GREEN (elapsed 6s)
[2026-05-30T15:14:53Z] iteration start
[2026-05-30T15:14:53Z] engine_alive GREEN (pid 13272 etime 08:24:07)
[2026-05-30T15:14:57Z] G2_trivia_fires GREEN (11.97 ms)
[2026-05-30T15:14:57Z] G10_channel_routes GREEN (6/6)
[2026-05-30T15:14:58Z] G11_cost_ceiling GREEN (p95=0.0)
[2026-05-30T15:14:58Z] G12_failure_recovery GREEN (96 char SMS)
[2026-05-30T15:14:58Z] G3_silent_execute GREEN (age=1113s)
[2026-05-30T15:14:59Z] verdict GREEN (elapsed 6s)
[2026-05-30T15:17:59Z] iteration start
[2026-05-30T15:17:59Z] engine_alive GREEN (pid 13272 etime 08:27:13)
[2026-05-30T15:18:04Z] G2_trivia_fires GREEN (12.64 ms)
[2026-05-30T15:18:04Z] G10_channel_routes GREEN (6/6)
[2026-05-30T15:18:05Z] G11_cost_ceiling GREEN (p95=0.0)
[2026-05-30T15:18:05Z] G12_failure_recovery GREEN (96 char SMS)
[2026-05-30T15:18:05Z] G3_silent_execute GREEN (age=1300s)
[2026-05-30T15:18:05Z] verdict GREEN (elapsed 6s)
[2026-05-30T15:21:05Z] iteration start
[2026-05-30T15:21:06Z] engine_alive GREEN (pid 13272 etime 08:30:19)
[2026-05-30T15:21:09Z] G2_trivia_fires GREEN (13.23 ms)
[2026-05-30T15:21:10Z] G10_channel_routes GREEN (6/6)
[2026-05-30T15:21:10Z] G11_cost_ceiling GREEN (p95=0.0)
[2026-05-30T15:21:10Z] G12_failure_recovery GREEN (96 char SMS)
[2026-05-30T15:21:11Z] G3_silent_execute GREEN (age=1485s)
[2026-05-30T15:21:11Z] verdict GREEN (elapsed 6s)
[2026-05-30T15:24:11Z] iteration start
[2026-05-30T15:24:11Z] engine_alive GREEN (pid 13272 etime 08:33:25)
[2026-05-30T15:24:15Z] G2_trivia_fires GREEN (12.46 ms)
[2026-05-30T15:24:15Z] G10_channel_routes GREEN (6/6)
[2026-05-30T15:24:16Z] G11_cost_ceiling GREEN (p95=0.0)
[2026-05-30T15:24:16Z] G12_failure_recovery GREEN (96 char SMS)
[2026-05-30T15:24:16Z] deep iter: launching z001 harness (age=1671s)
[2026-05-30T15:25:06Z] G3_silent_execute GREEN (z001 PASS age=0s)
[2026-05-30T15:25:06Z] verdict GREEN (elapsed 55s)
[2026-05-30T15:28:06Z] iteration start
[2026-05-30T15:28:06Z] engine_alive GREEN (pid 13272 etime 08:37:20)
[2026-05-30T15:28:10Z] G2_trivia_fires GREEN (12.20 ms)
[2026-05-30T15:28:11Z] G10_channel_routes GREEN (6/6)
[2026-05-30T15:28:11Z] G11_cost_ceiling GREEN (p95=0.0)
[2026-05-30T15:28:11Z] G12_failure_recovery GREEN (96 char SMS)
[2026-05-30T15:28:11Z] G3_silent_execute GREEN (age=185s)
[2026-05-30T15:28:11Z] verdict GREEN (elapsed 5s)
[2026-05-30T15:31:11Z] iteration start
[2026-05-30T15:31:12Z] engine_alive GREEN (pid 13272 etime 08:40:26)
[2026-05-30T15:31:16Z] G2_trivia_fires GREEN (12.79 ms)
[2026-05-30T15:31:16Z] G10_channel_routes GREEN (6/6)
[2026-05-30T15:31:16Z] G11_cost_ceiling GREEN (p95=0.0)
[2026-05-30T15:31:17Z] G12_failure_recovery GREEN (96 char SMS)
[2026-05-30T15:31:17Z] G3_silent_execute GREEN (age=371s)
[2026-05-30T15:31:17Z] verdict GREEN (elapsed 6s)
[2026-05-30T15:34:17Z] iteration start
[2026-05-30T15:34:17Z] engine_alive GREEN (pid 13272 etime 08:43:31)
[2026-05-30T15:34:21Z] G2_trivia_fires GREEN (11.87 ms)
[2026-05-30T15:34:21Z] G10_channel_routes GREEN (6/6)
[2026-05-30T15:34:22Z] G11_cost_ceiling GREEN (p95=0.0)
[2026-05-30T15:34:22Z] G12_failure_recovery GREEN (96 char SMS)
[2026-05-30T15:34:22Z] G3_silent_execute GREEN (age=556s)
[2026-05-30T15:34:22Z] verdict GREEN (elapsed 5s)
[2026-05-30T15:37:22Z] iteration start
[2026-05-30T15:37:23Z] engine_alive GREEN (pid 13272 etime 08:46:36)
[2026-05-30T15:37:26Z] G2_trivia_fires GREEN (12.49 ms)
[2026-05-30T15:37:27Z] G10_channel_routes GREEN (6/6)
[2026-05-30T15:37:27Z] G11_cost_ceiling GREEN (p95=0.0)
[2026-05-30T15:37:27Z] G12_failure_recovery GREEN (96 char SMS)
[2026-05-30T15:37:27Z] G3_silent_execute GREEN (age=741s)
[2026-05-30T15:37:27Z] verdict GREEN (elapsed 5s)
[2026-05-30T15:40:27Z] iteration start
[2026-05-30T15:40:28Z] engine_alive GREEN (pid 13272 etime 08:49:42)
[2026-05-30T15:40:32Z] G2_trivia_fires GREEN (18.86 ms)
[2026-05-30T15:40:32Z] G10_channel_routes GREEN (6/6)
[2026-05-30T15:40:33Z] G11_cost_ceiling GREEN (p95=0.0)
[2026-05-30T15:40:33Z] G12_failure_recovery GREEN (96 char SMS)
[2026-05-30T15:40:33Z] G3_silent_execute GREEN (age=927s)
[2026-05-30T15:40:33Z] verdict GREEN (elapsed 6s)
[2026-05-30T15:43:33Z] iteration start
[2026-05-30T15:43:33Z] engine_alive GREEN (pid 13272 etime 08:52:47)
[2026-05-30T15:43:37Z] G2_trivia_fires GREEN (14.18 ms)
[2026-05-30T15:43:38Z] G10_channel_routes GREEN (6/6)
[2026-05-30T15:43:38Z] G11_cost_ceiling GREEN (p95=0.0)
[2026-05-30T15:43:38Z] G12_failure_recovery GREEN (96 char SMS)
[2026-05-30T15:43:39Z] G3_silent_execute GREEN (age=1113s)
[2026-05-30T15:43:39Z] verdict GREEN (elapsed 6s)
