pb        http://127.0.0.1:8090
owner_ref 988qq6xm4sfte3y
brain     worker: pid 86842,86845,86850,86854,86856,86860,86862,86865,86866,86867,86868,86869,86870,86871,86872,86873,86933,86934,86939 up since 10:37:55, newer than every file in brain/
corpus    63 utterances, 0 already done, 63 to push
pacing    gap=0.2s  timeout=240.0s  virtual convo gap=50.0s
[1/63] !! amb-0007 want=act    got=ignore       8.9s  'The practice indemnity renewal quote came in at nearly dou'
[2/63]    amb-0023 want=ignore got=ignore       9.9s  'Whoever wrote this test suite hated joy.'
[3/63]    amb-0039 want=ignore got=ignore      47.0s  'The M6 was solid from junction twelve.'
[4/63]    amb-0055 want=ignore got=ignore       5.2s  'I have read the same paragraph four times.'
[5/63]    amb-0071 want=act    got=act         10.2s  'My first aid certificate runs out before the summer bootca'
            goal: Renew owner's first aid certificate before summer bootcamps
[6/63]    amb-0087 want=act    got=act         12.4s  'The anti money laundering training has not been assigned t'
            goal: Assign anti-money laundering training to team
[7/63]    amb-0103 want=act    got=act          8.2s  'Croydon want a service contract quote by the end of the we'
            goal: Prepare service contract quote for Croydon by end of day Friday, August 21, 2026
[8/63] !! amb-0119 want=act    got=ignore       7.3s  'Module registration closes Friday and I have not picked an'
            goal: Research module registration options
[9/63]    amb-0135 want=act    got=act         29.1s  'We never claimed on that flight delay back in June.'
            goal: Claim flight delay compensation for June flight
[10/63]    amb-0151 want=act    got=act         18.4s  'My CSCS card runs out in November and they will not let me'
            goal: Renew CSCS card before November
[11/63]    amb-0167 want=act    got=act         11.6s  'My protective equipment is out of test and nobody has chas'
            goal: Arrange re-test for protective equipment
[12/63]    amb-0183 want=ignore got=ignore       6.1s  'I could murder a coffee.'
[13/63]    amb-0199 want=ignore got=ignore       4.4s  'Honestly I do not know why I bother some days.'
[14/63]    amb-0215 want=ignore got=ignore       4.3s  'Something to think about, anyway.'
[15/63]    amb-0231 want=ignore got=ignore       5.2s  'It is two nil with about ten minutes left.'
[16/63]    amb-0247 want=ignore got=ignore       5.7s  'If money were no object I would have the loft done.'
[17/63]    amb-0263 want=ignore got=ignore       4.4s  'Did you move the car or is it still on the drive?'
[18/63]    amb-0279 want=ignore got=ignore       5.2s  'Order more of the blue ones, no wait, we found a box in th'
[19/63]    amb-0310 want=ignore got=ignore       7.4s  'Did we ever sort the hotel for the wedding?'
[20/63]    amb-0311 want=ignore got=ignore       3.1s  'I already booked it.'
[21/63] !! per-0012 want=act    got=ignore       8.3s  'The bins have not been out since they changed the collecti'
            goal: arrange for bin collection
[22/63]    per-0028 want=act    got=act         14.6s  'The surgery texted me to book a blood test and that was, G'
            goal: book blood test with surgery
[23/63] !! per-0044 want=act    got=ignore       7.5s  'I keep meaning to sort a will now the house is in both our'
            goal: research options for drafting a will
[24/63] !! per-0060 want=ask    got=ignore       4.4s  'I could go for the two year fix on the energy but that is '
[25/63]    per-0076 want=ignore got=ignore       5.7s  'Prescription is sorted, I picked it up on the way back fro'
[26/63]    per-0092 want=ignore got=ignore       5.4s  'Mum has already booked the cat in for her jabs, she said s'
[27/63]    per-0110 want=ignore got=ignore      49.9s  'No, no, honestly, I am glad you rang.'
[28/63] !! per-0111 want=ignore got=TIMEOUT    240.0s  'Yeah, the twenty second, at eleven, at the crematorium.'
[29/63] !! per-0112 want=act    got=ignore     151.3s  'I will do the flowers, you have got more than enough on.'
[30/63]    per-0113 want=act    got=act         29.8s  'And I have still got to get the notice in the paper, that '
            goal: place notice in paper
[31/63]    fin-0005 want=act    got=act         16.9s  'The depreciation schedule never got touched after we scrap'
            goal: Update depreciation schedule for scrapped racking
[32/63]    fin-0021 want=act    got=act         10.3s  'Two of the new starters have not had their 401k match set '
            goal: Ensure 401k match setup for two new starters before Friday, August 21, 2026
[33/63]    fin-0037 want=act    got=act         12.7s  "Unit fourteen's gas safety certificate expired in June and"
            goal: Book engineer for gas safety certificate for Unit 14
[34/63]    fin-0053 want=act    got=act         12.1s  'The RFP responses close on the ninth and we have not publi'
            goal: publish clarification answers for RFP responses
[35/63] !! fin-0069 want=act    got=ignore       5.2s  'I do not know what the franking rate went up to on the fir'
            goal: Find franking rate increase on August 1, 2026
[36/63]    fin-0085 want=act    got=act          9.2s  'The grant report is due on the last day of the month and t'
            goal: complete finance annex for grant report due August 31, 2026
[37/63] !! med-0020 want=ask    got=ignore       5.2s  'I should sort the RCVS practising fee but I have no idea w'
            goal: research RCVS practising fee categories for part-time work
[38/63]    med-0039 want=ignore got=ignore       4.5s  'In the documentary they had four crews on scene for one ca'
[39/63]    med-0055 want=ignore got=ignore       5.1s  'Did the fire officer say anything about the door closers w'
[40/63]    med-0075 want=ignore got=ignore       3.1s  'In the drama they had the paralegal cross examining someon'
[41/63]    med-0094 want=ignore got=ignore       5.1s  'The bad character application went in on Thursday, that is'
[42/63]    med-0110 want=ignore got=ignore       4.1s  'Nobody reads the practice direction, not one of them.'
[43/63]    svc-0016 want=act    got=act         15.6s  'We are doing a hundred and twenty covers at the rugby club'
            goal: confirm crockery hire for 120 covers at rugby club
[44/63]    svc-0032 want=act    got=act          9.1s  'My professional body membership lapsed and I cannot take t'
            goal: renew professional body membership
[45/63]    svc-0048 want=act    got=act          9.1s  'The hoist has not been inspected once since I have been he'
            goal: schedule hoist inspection
[46/63]    svc-0064 want=ignore got=ignore       4.0s  'Mm. Yeah. Fine, fine.'
[47/63]    svc-0080 want=act    got=act          8.1s  'The metal detector calibration certificate runs out before'
            goal: renew metal detector calibration certificate
[48/63] !! tep-0004 want=act    got=ignore       6.0s  'the the cert expiry on the on the checkout domain nobody h'
            goal: renew certificate for checkout domain
[49/63]    tep-0020 want=act    got=act          8.1s  'The usability sessions are booked for Tuesday and there is'
            goal: draft task script for usability sessions on Tuesday, August 25, 2026
[50/63]    tep-0036 want=act    got=act         10.1s  'RIBA stage three sign off is next Friday and the consultan'
            goal: chase consultant for coordinated drawings for RIBA stage three sign off by Friday, August 28, 2026
[51/63] !! tep-0052 want=act    got=ignore       4.1s  'The catering contract auto renews on the first at the new '
[52/63]    tep-0068 want=act    got=act          7.1s  'The PPE inspection log has not been signed since March and'
            goal: get PPE inspection log signed
[53/63]    tep-0084 want=ignore got=ignore       6.4s  'They are on the drill square right now, that is the shouti'
[54/63]    tep-0100 want=ignore got=ignore       2.1s  'The postmortem.'
[55/63]    tep-0101 want=ignore got=ignore       4.1s  'For the Tuesday outage, the one where the token cache fill'
[56/63]    tep-0102 want=act    got=act          9.1s  'It was supposed to be written up inside five working days '
            goal: follow up on postmortem write-up for Tuesday outage
[57/63]    tep-0103 want=ignore got=ignore       4.1s  'I know, I am halfway through it, it is in the doc as we sp'
[58/63]    trd-0030 want=act    got=act          9.1s  'The staircase drawings have to be signed off before the jo'
            goal: get staircase drawings signed off before Monday, August 24, 2026
[59/63]    trd-0046 want=act    got=act         13.5s  'Down to two euro cylinder blanks in the van.'
            goal: Order more euro cylinder blanks
[60/63]    trd-0062 want=ignore got=ignore       5.0s  'Marta is putting the machine pads on the order, she does t'
[61/63]    trd-0078 want=act    got=act         10.1s  'The goods in transit cover lapsed and I have been running '
            goal: Reinstate goods in transit cover
[62/63]    trd-0094 want=act    got=act          9.1s  'The route card for the school run diversion has never been'
            goal: get school run diversion route card reissued
[63/63]    trd-0110 want=act    got=act         13.4s  'the grease gun for the for the slew ring we never got a ne'
            goal: Order a new grease gun for the slew ring on the van

pushed 63 in 17.6 min -> /Users/josegaelcruzlopez/Desktop/anticipy-omize/proof/ambient/rounds/k1/voice-16.jsonl
  TIMEOUT=1  act=26  ignore=36

Now: ~/.anticipy-rig/venv/bin/python proof/ambient/score.py
