pb        http://127.0.0.1:8090
owner_ref 15i3kxezkt1qwto
brain     worker: pid 86842,86845,86850,86854,86856,86860,86862,86865,86866,86867,86868,86869,86870,86871,86872,86873,86918,86920 up since 10:37:55, newer than every file in brain/
corpus    62 utterances, 0 already done, 62 to push
pacing    gap=0.2s  timeout=240.0s  virtual convo gap=50.0s
[1/62] !! amb-0008 want=act    got=ignore      10.1s  'My medical indemnity lapses next month and I have not look'
            goal: research medical indemnity renewal options
[2/62]    amb-0024 want=act    got=act         56.8s  'Parents evening slots go live tomorrow and I have not set '
            goal: Set availability for parents evening slots
[3/62] !! amb-0040 want=act    got=ignore       6.2s  'If the BPS claim is not in by the fifteenth I lose the who'
            goal: check BPS claim status
[4/62]    amb-0056 want=act    got=act         10.4s  'World book day is Thursday and we have not got a costume.'
            goal: get World Book Day costume for Thursday, August 27, 2026
[5/62]    amb-0072 want=ignore got=ignore       4.2s  'Three clients cancelled on me this week.'
[6/62]    amb-0088 want=act    got=act         11.6s  "Counsel's fee note is unpaid and they will stop taking my "
            goal: pay counsel's fee note
[7/62] !! amb-0104 want=act    got=ignore       5.1s  'The card machine contract auto renews in a fortnight at a '
            goal: research card machine contract renewal options
[8/62]    amb-0120 want=act    got=act         23.1s  'My railcard expired so every journey has cost me a fortune'
            goal: Renew Alex's railcard
[9/62]    amb-0136 want=act    got=act         21.7s  'The freezer is making that clicking noise and it is full o'
            goal: get freezer repaired
[10/62]    amb-0152 want=act    got=act         11.7s  'That last invoice is forty days overdue now.'
            goal: chase overdue invoice
[11/62] !! amb-0168 want=act    got=ignore       5.2s  'The court warning for Thursday lands on my rest day.'
[12/62]    amb-0184 want=ignore got=ignore       4.2s  'Long week already and it is only Tuesday.'
[13/62]    amb-0200 want=ignore got=ignore       8.6s  'They changed the system again without telling anyone.'
[14/62]    amb-0216 want=ignore got=ignore       5.2s  'We will see how it goes I suppose.'
[15/62]    amb-0232 want=ignore got=ignore       4.4s  'Coming up, we will be taking your calls on the housing cri'
[16/62]    amb-0248 want=ignore got=ignore       5.8s  'Say we did go for the bigger unit, we would need the three'
[17/62] !! amb-0264 want=ignore got=ask          8.3s  'Do you know if the bins went out last night?'
[18/62]    amb-0280 want=ignore got=ignore       5.4s  'The hotel is booked, the trains are booked, we are actuall'
[19/62]    amb-0312 want=ignore got=ignore       6.2s  'And after the break, we will have the latest from the coas'
[20/62]    amb-0313 want=ignore got=ignore       5.4s  'God, turn that down a bit.'
[21/62]    per-0013 want=act    got=act         12.2s  'I need to get that deposit dispute to the scheme before th'
            goal: Draft deposit dispute for scheme
[22/62] !! per-0029 want=act    got=ignore       9.5s  'My screening letter has been in the drawer since before Ch'
            goal: Draft deposit dispute letter for scheme
[23/62]    per-0045 want=act    got=act         11.0s  'The rent goes up in April and I have not read a word of th'
            goal: Review rent increase letter by April 2027
[24/62] !! per-0061 want=ask    got=ignore       7.5s  'Somebody has to be in for the delivery and I honestly do n'
            goal: Find out whose day off it is the week of April 1, 2027 for delivery coverage
[25/62]    per-0077 want=ignore got=ignore      13.5s  'The permission slip went in on Monday, she handed it over '
[26/62]    per-0093 want=ignore got=ignore     130.6s  'My sister is dealing with all the funeral notices, she is '
[27/62]    per-0114 want=ignore got=ignore      76.0s  'The car.'
[28/62]    per-0115 want=ignore got=ignore     153.3s  'It is due, is it not, the MOT, end of the month sometime.'
            goal: find out when the MOT is due for the car
[29/62]    per-0116 want=act    got=act         25.3s  'And that noise it makes turning right has not gone away, i'
            goal: book car in for repair of noise when turning right
[30/62]    per-0117 want=ignore got=ignore      33.0s  'Do not book anything though, my dad said he would run it i'
[31/62] !! fin-0006 want=act    got=ignore       5.1s  'The accounts receivable ageing is a horror show and nobody'
[32/62] !! fin-0022 want=act    got=ignore       6.3s  'I never checked what the contribution threshold went up to'
            goal: Research contribution threshold for April
[33/62] !! fin-0038 want=act    got=ignore       5.8s  'Three tenants paid early this month and two have not paid '
[34/62]    fin-0054 want=act    got=act         11.6s  'The purchase order for the chairs never got raised and the'
            goal: Raise purchase order for chairs
[35/62] !! fin-0070 want=ignore got=act          8.1s  'can you order the the ones for the the printer the'
            goal: Order printer toner
[36/62]    fin-0086 want=act    got=act         10.2s  'The insurance for the summer fete has not been arranged an'
            goal: arrange insurance for summer fete
[37/62]    med-0024 want=act    got=act         10.4s  'The responsible pharmacist record has gaps from when I was'
            goal: address responsible pharmacist record gaps for Wigan
[38/62]    med-0040 want=ignore got=ignore       4.1s  'The HART application is in, they said six weeks for the ou'
[39/62]    med-0056 want=act    got=act         14.6s  'The entonox scavenging service is overdue and they will sh'
            goal: schedule entonox scavenging service
[40/62]    med-0076 want=act    got=act          9.2s  'My notarial commission needs renewing and the faculty offi'
            goal: renew notarial commission
[41/62]    med-0095 want=ignore got=ignore       6.5s  'Have you had the custody record through from the station y'
[42/62]    svc-0001 want=act    got=act         15.3s  'The stock count is Sunday night and I have not asked a sou'
            goal: arrange staff for Sunday night stock count
[43/62]    svc-0017 want=ignore got=ignore       4.2s  'I should ring the fishmonger about Saturday, actually no, '
[44/62] !! svc-0033 want=ask    got=ignore       3.0s  'I want a sixty minute pregnancy massage on the price list,'
[45/62]    svc-0049 want=ignore got=ignore       3.1s  'her her tablets the pink ones i think she said something a'
[46/62]    svc-0065 want=act    got=act          9.1s  'The licence for the show music is not in place and we open'
            goal: Secure license for show music
[47/62]    svc-0081 want=ignore got=ignore       4.1s  'If we ever took the whole range gluten free we would need '
[48/62]    tep-0005 want=act    got=act          8.0s  'I am on the on-call rota from Saturday and I never swapped'
            goal: arrange for Priya to cover Sunday on-call shift
[49/62]    tep-0021 want=ignore got=ignore       7.1s  'This design system has four different greys all called neu'
            goal: email Priya to swap Sunday on-call rota
[50/62]    tep-0037 want=act    got=act          8.1s  'The Part L overheating assessment was never commissioned f'
            goal: commission Part L overheating assessment for Beckwith scheme
[51/62]    tep-0053 want=ignore got=ignore       3.0s  'The fire drill is happening right now, that is why they ar'
[52/62]    tep-0069 want=ignore got=ignore       4.1s  'autoclave the log the cycle log nobody has has signed some'
[53/62]    tep-0085 want=act    got=act         10.2s  'The disclosure schedule for the Barrow file has to be with'
            goal: prepare disclosure schedule for Barrow file for CPS before PTPH
[54/62]    tep-0107 want=ignore got=ignore       6.2s  'If the client went for the timber frame instead.'
[55/62]    tep-0108 want=ignore got=ignore       4.0s  'We would have to redo the whole Part L package, and stage '
[56/62]    tep-0109 want=ignore got=ignore       6.1s  'Which would be tight, but not actually impossible.'
[57/62]    tep-0110 want=ignore got=ignore       5.1s  'They will not go for it though, they never do.'
[58/62]    trd-0031 want=act    got=act          9.1s  'the the architrave for the for the master bedroom we we ne'
            goal: order extra architrave lengths for master bedroom
[59/62]    trd-0047 want=ignore got=ignore       3.1s  'Kev is taking the lockout in Sneinton, he is five minutes '
[60/62]    trd-0063 want=ignore got=ignore       5.1s  'I ought to ring the hygiene supplier, actually no, leave i'
[61/62]    trd-0079 want=ignore got=ignore       7.5s  'I will drop depot a note about the missed collection, no, '
[62/62]    trd-0095 want=ignore got=ignore       4.0s  'And that is the traffic and travel, back to the studio.'

pushed 62 in 17.0 min -> /Users/josegaelcruzlopez/Desktop/anticipy-omize/proof/ambient/rounds/k1/voice-2.jsonl
  act=21  ask=1  ignore=40

Now: ~/.anticipy-rig/venv/bin/python proof/ambient/score.py
