[strangers 2026-05-27T15:14:52Z] start run_until_100 (current=21)
[strangers 2026-05-27T15:35:47Z] start run_until_100 (current=21)
[strangers 2026-05-27T16:17:20Z] start run_until_100 (current=21)
tools/anticipy_supervisor.sh: line 48: 70699 Killed: 9               bash scripts/v7/run_until_100.sh 100 >> "$LOG_DIR/strangers.log" 2>&1
[strangers 2026-05-27T16:18:56Z] batch exited; sleeping 30
[strangers 2026-05-27T16:25:21Z] start run_until_100 (current=22)
[strangers 2026-05-27T18:58:49Z] batch exited; sleeping 30
[strangers 2026-05-27T18:59:19Z] start run_until_100 (current=43)
[strangers 2026-05-27T19:18:04Z] batch exited; sleeping 30
[strangers 2026-05-27T19:18:35Z] start run_until_100 (current=43)
[strangers 2026-05-27T19:28:16Z] batch exited; sleeping 30
[strangers 2026-05-27T19:28:46Z] start run_until_100 (current=43)
[strangers 2026-05-27T20:30:09Z] batch exited; sleeping 30
[strangers 2026-05-27T20:30:39Z] start run_until_100 (current=43)
[strangers 2026-05-27T20:31:23Z] batch exited; sleeping 30
[strangers 2026-05-27T20:31:53Z] start run_until_100 (current=43)
[strangers 2026-05-27T20:53:01Z] batch exited; sleeping 30
[strangers 2026-05-27T20:53:31Z] start run_until_100 (current=43)
[strangers 2026-05-27T20:54:43Z] batch exited; sleeping 30
[strangers 2026-05-27T20:55:13Z] start run_until_100 (current=43)
[strangers 2026-05-27T20:55:55Z] batch exited; sleeping 30
[strangers 2026-05-27T20:56:25Z] start run_until_100 (current=43)
[strangers 2026-05-27T20:58:33Z] batch exited; sleeping 30
[strangers 2026-05-27T20:59:03Z] start run_until_100 (current=43)
[strangers 2026-05-27T20:59:40Z] batch exited; sleeping 30
[strangers 2026-05-27T21:00:10Z] start run_until_100 (current=43)
[strangers 2026-05-27T21:01:18Z] batch exited; sleeping 30
[strangers 2026-05-27T21:01:48Z] start run_until_100 (current=43)
[strangers 2026-05-27T21:02:31Z] batch exited; sleeping 30
[strangers 2026-05-27T21:03:01Z] start run_until_100 (current=43)
[strangers 2026-05-27T21:05:07Z] batch exited; sleeping 30
[strangers 2026-05-27T21:05:37Z] start run_until_100 (current=43)
[strangers 2026-05-27T21:06:46Z] batch exited; sleeping 30
[strangers 2026-05-27T21:07:16Z] start run_until_100 (current=43)
[strangers 2026-05-27T21:07:58Z] batch exited; sleeping 30
[strangers 2026-05-27T21:08:28Z] start run_until_100 (current=43)
[strangers 2026-05-27T21:09:02Z] batch exited; sleeping 30
[strangers 2026-05-27T21:09:32Z] start run_until_100 (current=43)
[strangers 2026-05-27T21:11:03Z] batch exited; sleeping 30
[strangers 2026-05-27T21:11:33Z] start run_until_100 (current=43)
[strangers 2026-05-27T21:12:28Z] batch exited; sleeping 30
[strangers 2026-05-27T21:12:59Z] start run_until_100 (current=43)
[strangers 2026-05-27T21:13:24Z] batch exited; sleeping 30
[strangers 2026-05-27T21:13:55Z] start run_until_100 (current=43)
[strangers 2026-05-27T21:15:01Z] batch exited; sleeping 30
[strangers 2026-05-27T21:15:31Z] start run_until_100 (current=43)
[strangers 2026-05-27T21:16:08Z] batch exited; sleeping 30
[strangers 2026-05-27T21:16:38Z] start run_until_100 (current=43)
[strangers 2026-05-27T21:20:20Z] batch exited; sleeping 30
[strangers 2026-05-27T21:20:50Z] start run_until_100 (current=43)
[strangers 2026-05-27T21:21:28Z] batch exited; sleeping 30
[strangers 2026-05-27T21:21:58Z] start run_until_100 (current=43)
[strangers 2026-05-27T21:23:09Z] batch exited; sleeping 30
[strangers 2026-05-27T21:23:39Z] start run_until_100 (current=43)
[strangers 2026-05-27T21:24:19Z] batch exited; sleeping 30
[strangers 2026-05-27T21:24:49Z] start run_until_100 (current=43)
[strangers 2026-05-27T21:25:44Z] batch exited; sleeping 30
[strangers 2026-05-27T21:26:14Z] start run_until_100 (current=43)
[strangers 2026-05-27T21:27:53Z] batch exited; sleeping 30
[strangers 2026-05-27T21:28:23Z] start run_until_100 (current=43)
[strangers 2026-05-27T21:30:29Z] batch exited; sleeping 30
[strangers 2026-05-27T21:31:00Z] start run_until_100 (current=43)
[strangers 2026-05-27T21:32:02Z] batch exited; sleeping 30
[strangers 2026-05-27T21:32:32Z] start run_until_100 (current=43)
tools/anticipy_supervisor.sh: line 67: echo: write error: No space left on device
tools/anticipy_supervisor.sh: line 69: echo: write error: No space left on device
[strangers 2026-05-27T21:33:47Z] batch exited; sleeping 30
[strangers 2026-05-27T21:34:18Z

[strangers 2026-05-27T21:35:06Z

[strangers 2026-05-27T21:35:36Z

[strangers 2026-05-27T21:36:38Z

[strangers 2026-05-27T21:37:10Z

[strangers 2026-05-27T21:37:58Z

[strangers 2026-05-27T21:38:28Z

[strangers 2026-05-27T21:39:26Z

[strangers 2026-05-27T21:39:56Z

[strangers 2026-05-27T21:41:19Z

[strangers 2026-05-27T21:41:50Z

[strangers 2026-05-27T21:43:24Z

[strangers 2026-05-27T21:43:54Z

[strangers 2026-05-27T21:45:51Z

[strangers 2026-05-27T21:46:21Z

[strangers 2026-05-27T21:47:47Z

[strangers 2026-05-27T21:48:19Z

[strangers 2026-05-27T21:48:29Z

[strangers 2026-05-27T21:48:59Z

[strangers 2026-05-27T21:49:01Z

[strangers 2026-05-27T21:49:31Z

[strangers 2026-05-27T21:49:33Z

[strangers 2026-05-27T21:50:05Z

[strangers 2026-05-27T21:50:09Z

[strangers 2026-05-27T21:50:39Z

[strangers 2026-05-27T21:50:45Z

[strangers 2026-05-27T21:51:15Z

[strangers 2026-05-27T21:51:22Z

[strangers 2026-05-27T21:51:53Z

[strange[strangers 2026-05-27T22:29:52Z
[strangers 2026-05-27T21:33:47Z] batch exited; sleeping 30
[strangers 2026-05-27T21:34:18Z

[strangers 2026-05-27T21:35:06Z

[strangers 2026-05-27T21:35:36Z

[strangers 2026-05-27T21:36:38Z

[strangers 2026-05-27T21:37:10Z

[strangers 2026-05-27T21:37:58Z

[strangers 2026-05-27T21:38:28Z

[strangers 2026-05-27T21:39:26Z

[strangers 2026-05-27T21:39:56Z

[strangers 2026-05-27T21:41:19Z

[strangers 2026-05-27T21:41:50Z

[strangers 2026-05-27T21:43:24Z

[strangers 2026-05-27T21:43:54Z

[strangers 2026-05-27T21:45:51Z

[strangers 2026-05-27T21:46:21Z

[strangers 2026-05-27T21:47:47Z

[strangers 2026-05-27T21:48:19Z

[strangers 2026-05-27T21:48:29Z

[strangers 2026-05-27T21:48:59Z

[strangers 2026-05-27T21:49:01Z

[strangers 2026-05-27T21:49:31Z

[strangers 2026-05-27T21:49:33Z

[strangers 2026-05-27T21:50:05Z

[strangers 2026-05-27T21:50:09Z

[strangers 2026-05-27T21:50:39Z

[strangers 2026-05-27T21:50:45Z

[strangers 2026-05-27T21:51:15Z

[strangers 2026-05-27T21:51:22Z

[strangers 2026-05-27T21:51:53Z

[strange] start run_until_100 (current=43
[strangers 2026-05-27T21:33:47Z] batch exited; sleeping 30
[strangers 2026-05-27T21:34:18Z

[strangers 2026-05-27T21:35:06Z

[strangers 2026-05-27T21:35:36Z

[strangers 2026-05-27T21:36:38Z

[strangers 2026-05-27T21:37:10Z

[strangers 2026-05-27T21:37:58Z

[strangers 2026-05-27T21:38:28Z

[strangers 2026-05-27T21:39:26Z

[strangers 2026-05-27T21:39:56Z

[strangers 2026-05-27T21:41:19Z

[strangers 2026-05-27T21:41:50Z

[strangers 2026-05-27T21:43:24Z

[strangers 2026-05-27T21:43:54Z

[strangers 2026-05-27T21:45:51Z

[strangers 2026-05-27T21:46:21Z

[strangers 2026-05-27T21:47:47Z

[strangers 2026-05-27T21:48:19Z

[strangers 2026-05-27T21:48:29Z

[strangers 2026-05-27T21:48:59Z

[strangers 2026-05-27T21:49:01Z

[strangers 2026-05-27T21:49:31Z

[strangers 2026-05-27T21:49:33Z

[strangers 2026-05-27T21:50:05Z

[strangers 2026-05-27T21:50:09Z

[strangers 2026-05-27T21:50:39Z

[strangers 2026-05-27T21:50:45Z

[strangers 2026-05-27T21:51:15Z

[strangers 2026-05-27T21:51:22Z

[strangers 2026-05-27T21:51:53Z

[strange)
[strangers 2026-05-27T22:29:54Z] batch exited; sleeping 30
[strangers 2026-05-27T22:30:24Z] start run_until_100 (current=43)
[strangers 2026-05-27T22:30:26Z] batch exited; sleeping 30
[strangers 2026-05-27T22:30:57Z] start run_until_100 (current=43)
[strangers 2026-05-27T22:31:09Z] batch exited; sleeping 30
[strangers 2026-05-27T22:31:40Z] start run_until_100 (current=43)
[strangers 2026-05-27T22:31:45Z] batch exited; sleeping 30
[strangers 2026-05-27T22:32:16Z] start run_until_100 (current=43)
[strangers 2026-05-27T22:32:23Z] batch exited; sleeping 30
[strangers 2026-05-27T22:32:55Z] start run_until_100 (current=43)
[strangers 2026-05-27T22:33:00Z] batch exited; sleeping 30
[strangers 2026-05-27T22:33:30Z] start run_until_100 (current=43)
tools/anticipy_supervisor.sh: line 67: echo: write error: No space left on device
tools/anticipy_supervisor.sh: line 69: echo: write error: No space left on device
[strangers 2026-05-27T22:33:32Z] batch exited; sleeping 30
[strangers 2026-05-27T22:34:02Z

[strangers 2026-05-27T22:34:05Z

[strangers 2026-05-27T22:34:35Z

[strangers 2026-05-27T22:34:38Z

[strangers 2026-05-27T22:35:09Z

[strangers 2026-05-27T22:35:15Z

[strangers 2026-05-27T22:35:45Z

[strangers 2026-05-27T22:35:54Z

[strangers 2026-05-27T22:36:24Z

[strangers 2026-05-27T22:36:25Z

[strangers 2026-05-27T22:36:56Z

[strangers 2026-05-27T22:36:58Z

[strangers 2026-05-27T22:37:28Z

[strangers 2026-05-27T22:37:34Z

[strangers 2026-05-27T22:38:05Z

[strangers 2026-05-27T22:38:16Z

[strangers 2026-05-27T22:38:46Z

[strangers 2026-05-27T22:38:57Z

[strangers 2026-05-27T22:39:27Z

[strangers 2026-05-27T22:39:36Z

[strangers 2026-05-27T22:40:06Z

[strangers 2026-05-27T22:40:09Z

[strangers 2026-05-27T22:40:39Z

[strangers 2026-05-27T22:40:42Z

[strangers 2026-05-27T22:41:12Z

[strangers 2026-05-27T22:41:19Z

[strangers 2026-05-27T22:41:52Z

[strangers 2026-05-27T22:42:00Z

[strangers 2026-05-27T22:42:30Z

[strange[strangers 2026-05-27T22:58:59Z
[strangers 2026-05-27T22:33:32Z] batch exited; sleeping 30
[strangers 2026-05-27T22:34:02Z

[strangers 2026-05-27T22:34:05Z

[strangers 2026-05-27T22:34:35Z

[strangers 2026-05-27T22:34:38Z

[strangers 2026-05-27T22:35:09Z

[strangers 2026-05-27T22:35:15Z

[strangers 2026-05-27T22:35:45Z

[strangers 2026-05-27T22:35:54Z

[strangers 2026-05-27T22:36:24Z

[strangers 2026-05-27T22:36:25Z

[strangers 2026-05-27T22:36:56Z

[strangers 2026-05-27T22:36:58Z

[strangers 2026-05-27T22:37:28Z

[strangers 2026-05-27T22:37:34Z

[strangers 2026-05-27T22:38:05Z

[strangers 2026-05-27T22:38:16Z

[strangers 2026-05-27T22:38:46Z

[strangers 2026-05-27T22:38:57Z

[strangers 2026-05-27T22:39:27Z

[strangers 2026-05-27T22:39:36Z

[strangers 2026-05-27T22:40:06Z

[strangers 2026-05-27T22:40:09Z

[strangers 2026-05-27T22:40:39Z

[strangers 2026-05-27T22:40:42Z

[strangers 2026-05-27T22:41:12Z

[strangers 2026-05-27T22:41:19Z

[strangers 2026-05-27T22:41:52Z

[strangers 2026-05-27T22:42:00Z

[strangers 2026-05-27T22:42:30Z

[strange] start run_until_100 (current=43
[strangers 2026-05-27T22:33:32Z] batch exited; sleeping 30
[strangers 2026-05-27T22:34:02Z

[strangers 2026-05-27T22:34:05Z

[strangers 2026-05-27T22:34:35Z

[strangers 2026-05-27T22:34:38Z

[strangers 2026-05-27T22:35:09Z

[strangers 2026-05-27T22:35:15Z

[strangers 2026-05-27T22:35:45Z

[strangers 2026-05-27T22:35:54Z

[strangers 2026-05-27T22:36:24Z

[strangers 2026-05-27T22:36:25Z

[strangers 2026-05-27T22:36:56Z

[strangers 2026-05-27T22:36:58Z

[strangers 2026-05-27T22:37:28Z

[strangers 2026-05-27T22:37:34Z

[strangers 2026-05-27T22:38:05Z

[strangers 2026-05-27T22:38:16Z

[strangers 2026-05-27T22:38:46Z

[strangers 2026-05-27T22:38:57Z

[strangers 2026-05-27T22:39:27Z

[strangers 2026-05-27T22:39:36Z

[strangers 2026-05-27T22:40:06Z

[strangers 2026-05-27T22:40:09Z

[strangers 2026-05-27T22:40:39Z

[strangers 2026-05-27T22:40:42Z

[strangers 2026-05-27T22:41:12Z

[strangers 2026-05-27T22:41:19Z

[strangers 2026-05-27T22:41:52Z

[strangers 2026-05-27T22:42:00Z

[strangers 2026-05-27T22:42:30Z

[strange)
