[15:14:52] iter=1 current=21 verb=email_draft_for_send_decline
[15:19:33] FAIL uuid=c6608bfa-9534-41ef-acde-bfc4c6516779 verb=email_draft_for_send_decline rc=1 -- deleting
[15:19:33] iter=2 current=21 verb=task_or_todo_add_ack
[15:22:33] FAIL uuid=ecbcfb7a-0fff-4bdc-9e95-fa2fc90fb22f verb=task_or_todo_add_ack rc=1 -- deleting
[15:22:33] iter=3 current=21 verb=notes_or_memo_create_act
[15:26:26] FAIL uuid=c4ab538f-d71b-44f2-86b3-b74c777f108b verb=notes_or_memo_create_act rc=1 -- deleting
[15:26:26] iter=4 current=21 verb=recipe_or_meal_plan_act
[15:29:47] FAIL uuid=7b621aa9-10a2-4586-8d11-45739d80e494 verb=recipe_or_meal_plan_act rc=1 -- deleting
[15:29:48] iter=5 current=21 verb=health_or_workout_log_ack
[15:33:22] FAIL uuid=119da7d1-1438-4488-b598-4061f72c5ba3 verb=health_or_workout_log_ack rc=1 -- deleting
[15:33:22] iter=6 current=21 verb=expense_or_budget_track_decline
[15:34:56] FAIL uuid=935def81-7b14-414d-82f8-4358550fa91a verb=expense_or_budget_track_decline rc=5 -- deleting
[15:34:57] iter=7 current=21 verb=web_research_summarize_decline
[16:17:20] iter=1 current=21 verb=email_draft_for_send_decline
scripts/v7/run_until_100.sh: line 110: 71198 Killed: 9               STRANGER_DIR="$stranger_dir" bash scripts/v7/run_one_stranger.sh > "$stranger_dir/run.log" 2>&1
[16:18:56] FAIL uuid=797c3065-8410-4e64-8564-2943cb93d389 verb=email_draft_for_send_decline rc=137 -- deleting
[16:25:21] iter=1 current=22 verb=email_draft_for_send_decline
[16:28:38] PASS uuid=24f86230-fc4c-42a5-a611-11ef7bcc0d64 verb=email_draft_for_send_decline (pass=1 fail=0)
[16:28:38] iter=2 current=23 verb=task_or_todo_add_ack
[16:31:52] PASS uuid=bb829f6c-f974-4ada-ac40-5a81b633db9b verb=task_or_todo_add_ack (pass=2 fail=0)
[16:31:52] iter=3 current=24 verb=notes_or_memo_create_act
[16:36:29] FAIL uuid=0dbcec68-d668-4c3b-aa26-f628fa96b4d8 verb=notes_or_memo_create_act rc=1 -- deleting
[16:36:31] iter=4 current=24 verb=recipe_or_meal_plan_act
[16:40:20] PASS uuid=af52442a-19e6-4b17-8741-d112aad2da93 verb=recipe_or_meal_plan_act (pass=3 fail=1)
[16:40:20] iter=5 current=25 verb=health_or_workout_log_ack
[16:44:00] PASS uuid=1a63650d-0d62-4b2a-b533-56e2716f1991 verb=health_or_workout_log_ack (pass=4 fail=1)
[16:44:00] iter=6 current=26 verb=expense_or_budget_track_decline
[16:47:42] PASS uuid=ccb50a84-1b2c-4be3-a641-63e21618cdee verb=expense_or_budget_track_decline (pass=5 fail=1)
[16:47:42] iter=7 current=27 verb=web_research_summarize_decline
[16:51:05] PASS uuid=f40f9a07-357f-4d80-aed3-8366d1bf1f24 verb=web_research_summarize_decline (pass=6 fail=1)
[16:51:05] iter=8 current=28 verb=news_or_message_summary_decline
[16:55:00] PASS uuid=5d2cce7a-e856-4aa3-8197-3d3f62782355 verb=news_or_message_summary_decline (pass=7 fail=1)
[16:55:01] iter=9 current=29 verb=file_search_or_open_decline
[16:59:10] FAIL uuid=84e640dd-34b6-4c1f-bdd3-5922cf4157b3 verb=file_search_or_open_decline rc=1 -- deleting
[16:59:11] iter=10 current=29 verb=phone_text_message_draft_decline
[17:04:37] PASS uuid=8b200433-7bdc-4a77-88ff-a53ca7ca32d5 verb=phone_text_message_draft_decline (pass=8 fail=2)
[17:04:37] iter=11 current=30 verb=code_or_terminal_run_decline
[17:08:32] PASS uuid=b501f884-3db0-4434-88aa-eeeb8aa66cb2 verb=code_or_terminal_run_decline (pass=9 fail=2)
[17:08:32] iter=12 current=31 verb=asana_task_update_decline
[17:12:02] FAIL uuid=20fa843f-0265-4f53-9c8a-053a9828d112 verb=asana_task_update_decline rc=1 -- deleting
[17:12:02] iter=13 current=31 verb=jira_issue_comment_decline
[17:16:08] FAIL uuid=3f3dc0a0-4134-4f11-8f81-63fe44fb8a8c verb=jira_issue_comment_decline rc=1 -- deleting
[17:16:09] iter=14 current=31 verb=airtable_record_edit_decline
[17:20:06] PASS uuid=8afcd693-1511-4c6c-8f15-1f42dba102bb verb=airtable_record_edit_decline (pass=10 fail=4)
[17:20:06] iter=15 current=32 verb=salesforce_lead_log_decline
[17:23:26] PASS uuid=9efa2d39-c41a-4c87-94d9-9343e7a4bde2 verb=salesforce_lead_log_decline (pass=11 fail=4)
[17:23:27] iter=16 current=33 verb=zendesk_ticket_comment_decline
[17:28:04] FAIL uuid=a9c36609-cd0c-4d5e-a44b-be27568e267e verb=zendesk_ticket_comment_decline rc=1 -- deleting
[17:28:05] iter=17 current=33 verb=trello_card_move_decline
[17:32:46] FAIL uuid=6a5e72ba-5445-4118-96ff-2d279e6499a3 verb=trello_card_move_decline rc=1 -- deleting
[17:32:46] iter=18 current=33 verb=calendar_event_create_clarify
[17:37:03] FAIL uuid=342eaac1-5e30-45ad-a5cf-18305df1503d verb=calendar_event_create_clarify rc=1 -- deleting
[17:37:03] iter=19 current=33 verb=ambient_buried_intent
[17:40:24] PASS uuid=f7d63d79-5243-446d-ac73-29ef8d65fec9 verb=ambient_buried_intent (pass=12 fail=7)
[17:40:24] iter=20 current=34 verb=canvas_design_edit_decline
[17:44:53] PASS uuid=9b33f731-e484-4ade-9c68-1655149f9731 verb=canvas_design_edit_decline (pass=13 fail=7)
[17:44:53] iter=21 current=35 verb=figma_design_edit_decline
[17:49:11] FAIL uuid=69280196-f672-486e-8fd5-a2817e5f5361 verb=figma_design_edit_decline rc=1 -- deleting
[17:49:11] iter=22 current=35 verb=amazon_order_refund_decline
[17:53:25] PASS uuid=34e9e417-460b-4146-80fb-d3c6b4d0f822 verb=amazon_order_refund_decline (pass=14 fail=8)
[17:53:25] iter=23 current=36 verb=shopify_admin_reply_decline
[17:57:16] PASS uuid=207da1c8-64ee-4fbd-90c8-841cebbbe5ca verb=shopify_admin_reply_decline (pass=15 fail=8)
[17:57:16] iter=24 current=37 verb=purchase_lookup_decline
[18:02:04] PASS uuid=7a240edb-4141-452b-97db-4931ddeaaa2d verb=purchase_lookup_decline (pass=16 fail=8)
[18:02:04] iter=25 current=38 verb=travel_research_compare_decline
[18:06:08] PASS uuid=b7ba64e9-4048-43b9-8582-34e2e8be1645 verb=travel_research_compare_decline (pass=17 fail=8)
[18:06:08] iter=26 current=39 verb=email_draft_for_send_decline
[18:11:40] PASS uuid=ba605816-fee2-4c6d-9087-a21a0e59b24c verb=email_draft_for_send_decline (pass=18 fail=8)
[18:11:40] iter=27 current=40 verb=task_or_todo_add_ack
[18:15:40] PASS uuid=cc99d0b1-6bcf-41a7-81f6-00ae0672cb29 verb=task_or_todo_add_ack (pass=19 fail=8)
[18:15:40] iter=28 current=41 verb=notes_or_memo_create_act
[18:20:29] FAIL uuid=adea993f-7ddf-4015-ba80-f3c90134c944 verb=notes_or_memo_create_act rc=1 -- deleting
[18:20:30] iter=29 current=41 verb=recipe_or_meal_plan_act
[18:24:28] PASS uuid=9ba71637-36bb-4b73-9c3f-1c6e1ec48c5f verb=recipe_or_meal_plan_act (pass=20 fail=9)
[18:24:28] committing checkpoint
[18:24:29] iter=30 current=42 verb=health_or_workout_log_ack
[18:28:18] PASS uuid=a1307179-eabe-4765-b825-ca15432db527 verb=health_or_workout_log_ack (pass=21 fail=9)
[18:28:18] iter=31 current=43 verb=expense_or_budget_track_decline
[18:38:12] FAIL uuid=06da66cd-92ff-4dcb-8201-9778509c1b86 verb=expense_or_budget_track_decline rc=1 -- deleting
[18:38:13] iter=32 current=43 verb=web_research_summarize_decline
[18:49:03] FAIL uuid=1535c1bd-bf54-4aa8-a14c-305e5d31e084 verb=web_research_summarize_decline rc=1 -- deleting
[18:49:04] iter=33 current=43 verb=news_or_message_summary_decline
[18:57:24] FAIL uuid=f12949f1-3560-41ba-aab8-3acb91f77779 verb=news_or_message_summary_decline rc=1 -- deleting
[18:57:24] iter=34 current=43 verb=file_search_or_open_decline
[18:59:19] iter=1 current=43 verb=email_draft_for_send_decline
[19:08:20] FAIL uuid=2c9c3147-2057-48cd-81b0-a373934d7e45 verb=email_draft_for_send_decline rc=1 -- deleting
[19:08:22] iter=2 current=43 verb=task_or_todo_add_ack
[19:17:20] FAIL uuid=f93574e2-46b5-4388-a7dc-fe199a923567 verb=task_or_todo_add_ack rc=1 -- deleting
[19:17:21] iter=3 current=43 verb=notes_or_memo_create_act
[19:18:37] iter=1 current=43 verb=email_draft_for_send_decline
[19:27:47] FAIL uuid=ba2997a9-7b1e-4cfd-9a66-150b7de10af1 verb=email_draft_for_send_decline rc=1 -- deleting
[19:27:47] iter=2 current=43 verb=task_or_todo_add_ack
[19:28:47] iter=1 current=43 verb=email_draft_for_send_decline
[19:37:37] FAIL uuid=0e402f65-cca8-4534-bc6a-e1ac0a8f9eb5 verb=email_draft_for_send_decline rc=1 -- deleting
[19:37:38] iter=2 current=43 verb=task_or_todo_add_ack
[19:46:16] FAIL uuid=505f5a3f-15c4-462c-b4ad-d758aef351ad verb=task_or_todo_add_ack rc=1 -- deleting
[19:46:16] iter=3 current=43 verb=notes_or_memo_create_act
[19:55:10] FAIL uuid=4d8f669d-b092-48ae-a8a9-7a7ba314b775 verb=notes_or_memo_create_act rc=1 -- deleting
[19:55:11] iter=4 current=43 verb=recipe_or_meal_plan_act
[20:04:58] FAIL uuid=63174430-6c12-45cb-b63c-134a6cc99924 verb=recipe_or_meal_plan_act rc=1 -- deleting
[20:04:59] iter=5 current=43 verb=health_or_workout_log_ack
[20:14:02] FAIL uuid=58bbebfe-f519-4518-913a-034c44f3b0a9 verb=health_or_workout_log_ack rc=1 -- deleting
[20:14:03] iter=6 current=43 verb=expense_or_budget_track_decline
[20:15:45] FAIL uuid=d8fe5b74-251b-4828-aeae-611db5fcf346 verb=expense_or_budget_track_decline rc=1 -- deleting
[20:15:46] iter=7 current=43 verb=web_research_summarize_decline
[20:25:00] FAIL uuid=15b195c2-0409-4708-ae78-6e23b8035342 verb=web_research_summarize_decline rc=1 -- deleting
[20:25:01] iter=8 current=43 verb=news_or_message_summary_decline
[20:27:17] FAIL uuid=93d105ca-4a0a-48e5-9e17-6cf23d8f4ef8 verb=news_or_message_summary_decline rc=1 -- deleting
[20:27:18] iter=9 current=43 verb=file_search_or_open_decline
[20:29:15] FAIL uuid=26dbe06e-9980-4eef-b811-b0ef29920f91 verb=file_search_or_open_decline rc=5 -- deleting
[20:29:15] iter=10 current=43 verb=phone_text_message_draft_decline
[20:30:40] iter=1 current=43 verb=email_draft_for_send_decline
[20:31:54] iter=1 current=43 verb=email_draft_for_send_decline
[20:41:13] FAIL uuid=5d82095a-41eb-49eb-9917-cc908dbc00b3 verb=email_draft_for_send_decline rc=1 -- deleting
[20:41:16] iter=2 current=43 verb=task_or_todo_add_ack
[20:48:44] FAIL uuid=59d7066c-1849-4075-ac6c-5ec9188089a1 verb=task_or_todo_add_ack rc=1 -- deleting
[20:48:45] iter=3 current=43 verb=notes_or_memo_create_act
[20:51:46] FAIL uuid=14e69123-a0a4-4c27-8e8f-549df9643eae verb=notes_or_memo_create_act rc=1 -- deleting
[20:51:47] iter=4 current=43 verb=recipe_or_meal_plan_act
[20:53:32] iter=1 current=43 verb=email_draft_for_send_decline
[20:55:14] iter=1 current=43 verb=email_draft_for_send_decline
[20:56:26] iter=1 current=43 verb=email_draft_for_send_decline
[20:59:04] iter=1 current=43 verb=email_draft_for_send_decline
[21:00:10] iter=1 current=43 verb=email_draft_for_send_decline
[21:01:48] iter=1 current=43 verb=email_draft_for_send_decline
[21:03:01] iter=1 current=43 verb=email_draft_for_send_decline
[21:04:23] FAIL uuid=e3b40452-9ebb-4b11-ba1c-34be928d672e verb=email_draft_for_send_decline rc=1 -- deleting
[21:04:24] iter=2 current=43 verb=task_or_todo_add_ack
[21:05:37] iter=1 current=43 verb=email_draft_for_send_decline
[21:07:17] iter=1 current=43 verb=email_draft_for_send_decline
[21:08:32] iter=1 current=43 verb=email_draft_for_send_decline
[21:09:33] iter=1 current=43 verb=email_draft_for_send_decline
[21:11:36] iter=1 current=43 verb=email_draft_for_send_decline
[21:13:00] iter=1 current=43 verb=email_draft_for_send_decline
[21:13:57] iter=1 current=43 verb=email_draft_for_send_decline
[21:15:33] iter=1 current=43 verb=email_draft_for_send_decline
[21:16:39] iter=1 current=43 verb=email_draft_for_send_decline
[21:19:12] FAIL uuid=b11981ff-7394-44d3-8039-c01449372ff6 verb=email_draft_for_send_decline rc=5 -- deleting
[21:19:20] iter=2 current=43 verb=task_or_todo_add_ack
[21:20:50] iter=1 current=43 verb=email_draft_for_send_decline
[21:21:59] iter=1 current=43 verb=email_draft_for_send_decline
[21:23:41] iter=1 current=43 verb=email_draft_for_send_decline
[21:24:58] iter=1 current=43 verb=email_draft_for_send_decline
[21:26:15] iter=1 current=43 verb=email_draft_for_send_decline
[21:28:31] iter=1 current=43 verb=email_draft_for_send_decline
[21:31:04] iter=1 current=43 verb=email_draft_for_send_decline
[21:32:34] iter=1 current=43 verb=email_draft_for_send_decline
[21:34:24] iter=1 current=43 verb=email_draft_for_send_decline
[21:35:39] iter=1 current=43 verb=email_draft_for_send_decline
[21:37:17] iter=1 current=43 verb=email_draft_for_send_decline
[21:38:39] iter=1 current=43 verb=email_draft_for_send_decline
[21:39:58] iter=1 current=43 verb=email_draft_for_send_decline
[21:41:53] iter=1 current=43 verb=email_draft_for_send_decline
[21:43:59] iter=1 current=43 verb=email_draft_for_send_decline
[21:46:23] iter=1 current=43 verb=email_draft_for_send_decline
[22:59:10] iter=1 current=43 verb=email_draft_for_send_decline
