pb        http://127.0.0.1:8090
owner_ref 1x6zqi1nd6udn36
brain     worker: pid 6220,6221,6222,6223,6224,6225,6226,6227,6228,6229,6230,6231,6232,6233,6234,6235,6295 up since 11:37:51, newer than every file in brain/
corpus    62 utterances, 0 already done, 62 to push
pacing    gap=0.2s  timeout=240.0s  virtual convo gap=50.0s
[1/62]    amb-0014 want=act    got=act          7.3s  'The bundle for the Prentice hearing has to be filed by fou'
            goal: file the bundle for the Prentice hearing by 4 PM PDT
[2/62] !! amb-0030 want=act    got=ignore       4.0s  'My eighteenth edition update expires this year and courses'
            goal: research 18th edition update course options and dates
[3/62]    amb-0046 want=act    got=act          7.1s  'The EPC on the Kingsway flat expired, I cannot list it wit'
            goal: renew EPC for Kingsway flat
[4/62] !! amb-0062 want=act    got=ignore       5.0s  'I have just realised the car insurance ran out on the twel'
            goal: renew car insurance
[5/62] !! amb-0078 want=act    got=ignore       4.0s  'The Charity Commission annual return is open and nobody ha'
            goal: check status of Charity Commission annual return
[6/62] !! amb-0094 want=act    got=ignore       4.0s  'The on call rota has me down for Christmas week again.'
[7/62]    amb-0110 want=act    got=act          7.0s  'The hygiene re-inspection could come any week and the frid'
            goal: fix fridge log for hygiene re-inspection
[8/62] !! amb-0126 want=act    got=ignore       4.0s  'The passport expires in four months and Spain want six.'
            goal: research passport renewal process for Spain travel
[9/62] !! amb-0142 want=ask    got=ignore       3.0s  'I want to move my pension somewhere sensible.'
[10/62]    amb-0158 want=act    got=act         10.0s  'We are out of the paediatric amoxicillin and the wholesale'
            goal: Order paediatric amoxicillin from an alternative wholesaler
[11/62]    amb-0174 want=act    got=act          7.1s  'The COSHH sheets for the new degreaser never arrived.'
            goal: get COSHH sheets for new degreaser
[12/62]    amb-0190 want=ignore got=ignore       4.1s  'You would not believe the queue in there.'
[13/62]    amb-0206 want=ignore got=ignore       4.1s  'Everyone wants everything yesterday.'
[14/62]    amb-0222 want=ignore got=ignore       5.0s  'Bullet point, review the schedule. Bullet point, confirm t'
[15/62]    amb-0238 want=ignore got=ignore       3.0s  'Give me the reference and I will call them myself.'
[16/62]    amb-0254 want=ignore got=ignore       4.1s  'The inspection passed, no actions.'
[17/62]    amb-0270 want=ignore got=ignore       3.1s  'the the sorry no I mean the other one the'
[18/62]    amb-0292 want=ignore got=ignore       4.1s  'The van.'
[19/62]    amb-0293 want=act    got=act         18.5s  'It is due its service, it has been flashing at me for a fo'
            goal: book van service
[20/62] !! amb-0294 want=act    got=ignore      25.1s  'And the front tyres are borderline as well.'
            goal: Arrange van service and tyre replacement
[21/62] !! per-0003 want=act    got=ignore      18.0s  'The car tax runs out on the thirty first and I have not lo'
            goal: Renew car tax for the van by August 31, 2026
[22/62]    per-0019 want=act    got=act         23.7s  'My railcard is done and I am still standing there buying f'
            goal: renew railcard
[23/62]    per-0035 want=act    got=act         20.6s  'Apparently that interview travel expenses form has to go i'
            goal: Submit interview travel expenses form by August 28, 2026
[24/62] !! per-0051 want=act    got=ignore      20.1s  'I said I would take Auntie Pat to her hospital appointment'
            goal: Find Auntie Pat's hospital appointment details
[25/62]    per-0067 want=act    got=act         29.1s  'school thing tomorrow the slip the permission one needs si'
            goal: sign school permission slip for tomorrow, Saturday, August 22, 2026
[26/62]    per-0083 want=ignore got=ignore      12.9s  'She told him if he does not sign those papers by Friday th'
            goal: remind Alex to sign school permission slip by Friday, August 21, 2026
[27/62]    per-0126 want=ignore got=ignore      10.2s  'Honestly, I miss when the whole summer was just being outs'
[28/62]    fin-0012 want=act    got=act         36.2s  'the trellis the trellis file letter i need that out before'
            goal: send the Trellis file letter
[29/62]    fin-0028 want=ignore got=ignore      10.5s  'Get a quote in two minutes and see how much you could save'
[30/62] !! fin-0044 want=ask    got=ignore      54.9s  'Somebody needs to order a replacement security token but I'
            goal: Find whose name the old security token is in
[31/62]    fin-0060 want=ignore got=ignore       4.5s  'Priya, is the NDA with the Danish lot signed or still in r'
[32/62]    fin-0076 want=act    got=act         59.9s  'The franchisor wants the refit signed off this quarter and'
            goal: get builder's quote for franchisor refit
[33/62]    med-0011 want=act    got=act         24.1s  'My GDC retention fee comes out at the end of December and '
            goal: update GDC retention fee payment method
[34/62]    med-0030 want=ignore got=ignore      11.2s  'Half my referrals turn up with no imaging and no history w'
[35/62]    med-0046 want=act    got=act         22.8s  'The audit is due and the dose reference levels have not be'
            goal: review dose reference levels for audit
[36/62]    med-0062 want=act    got=act         23.4s  'The tonometer has not been calibrated since the day we bou'
            goal: Arrange tonometer calibration
[37/62]    med-0066 want=act    got=act         26.5s  'The discovery deadline on the Ballantyne matter is the twe'
            goal: index disclosure for Ballantyne matter by August 12, 2026
[38/62]    med-0067 want=ignore got=ignore       3.0s  'Although, hang on, that is the one that settled at mediati'
[39/62]    med-0068 want=ignore got=ignore       5.0s  'So forget the Ballantyne index, there is no deadline left '
[40/62]    med-0069 want=ignore got=ignore       4.2s  'Amazing what a week does to a list.'
[41/62]    med-0081 want=ignore got=ignore       3.0s  'The Adeyemi appeal.'
[42/62]    med-0082 want=act    got=act          8.6s  'The bundle has to be lodged fourteen days before the heari'
            goal: lodge Adeyemi appeal bundle by August 23, 2026
[43/62]    med-0083 want=ignore got=ignore       4.0s  'No, wait, Farida took the lodging over when she picked the'
[44/62] !! med-0085 want=ask    got=ignore       4.1s  'I want the accreditation assessment booked before the fees'
            goal: Research current accreditation level for Alex
[45/62] !! med-0101 want=act    got=ignore       6.0s  'The anti money laundering policy review is annual and the '
            goal: Find current anti-money laundering policy
[46/62]    svc-0007 want=ignore got=ignore       4.0s  'And after the break, we take a hidden camera into a kitche'
[47/62]    svc-0023 want=act    got=act          8.0s  'The deposit on the string quartet was due Friday and I hav'
            goal: Send deposit for string quartet
[48/62]    svc-0039 want=ignore got=ignore       4.0s  'If I ever got a unit of my own I would want a sled track d'
[49/62]    svc-0055 want=act    got=act          8.0s  'The Hallam album proof has been sat with me three weeks pa'
            goal: Send Hallam album proof
[50/62] !! svc-0071 want=act    got=ignore       4.0s  'The prover thermostat is drifting and the overnight doughs'
            goal: Research thermostat repair for prover
[51/62]    svc-0087 want=act    got=act          7.0s  'The glycol chiller is short cycling again and we are brewi'
            goal: Contact technician for glycol chiller repair
[52/62]    tep-0011 want=act    got=act          7.3s  'Half the laptops in finance are still on the old build and'
            goal: Remind finance about old build license expiring August 31, 2026
[53/62] !! tep-0027 want=ask    got=act         10.3s  'I want the replacement bearings on order today but I canno'
            goal: Order replacement bearings
[54/62]    tep-0043 want=act    got=act          8.1s  'Safeguarding training renewal was due at half term and min'
            goal: Renew safeguarding training
[55/62] !! tep-0059 want=act    got=ignore       5.0s  'My DBS renewal is the thing the agency keep emailing about'
            goal: Renew Alex's DBS
[56/62]    tep-0075 want=ignore got=ignore       5.0s  'Mm, yeah, noted.'
            goal: Renew Alex's DBS
[57/62]    trd-0021 want=act    got=act          8.0s  'My Gas Safe reassessment slot has gone and the certificate'
            goal: Book Gas Safe reassessment
[58/62] !! trd-0037 want=ask    got=ignore       5.0s  'I need the cherry picker hiring for the gable but I am not'
[59/62] !! trd-0053 want=act    got=ignore       4.0s  'That oak is in a conservation area, the six week notice ha'
[60/62]    trd-0069 want=ignore got=ignore       3.1s  'If we ever went all in on resin we would need a different '
[61/62]    trd-0085 want=act    got=act         10.2s  'The BOL for the Rotterdam consignment has the wrong consig'
            goal: correct consignee on BOL for Rotterdam consignment
[62/62]    trd-0101 want=ignore got=ignore       4.0s  'Did the loadsheet come through for the Malaga or not.'

pushed 62 in 12.4 min -> /Users/josegaelcruzlopez/Desktop/anticipy-omize/proof/ambient/rounds/k5/voice-8.jsonl
  act=24  ignore=38

Now: ~/.anticipy-rig/venv/bin/python proof/ambient/score.py
