2026-07-31 07:39:33 +0000 [MT] Initial pipeline context: <IDEDistributionProcessingPipelineContext: 0x9e0a44300; archive(resolved)="<IDEArchive: 0x9de7782a0>", distributionTask(resolved)="2", distributionDestination(resolved)="1", distributionMethod(resolved)="<IDEDistributionMethodiOSAppStoreDistribution: 0x9de7c6d60>", team(resolved)="<IDEProvisioningBasicTeam: 0x9de1a8de0; teamID='49T86P9XGW', teamName='(null)'>">
	Chain (15, self inclusive):
	<IDEDistributionProcessingPipelineContext: 0x9e0a44300; archive = "<IDEArchive: 0x9de7782a0>", distributionMethod="<IDEDistributionMethodiOSAppStoreDistribution: 0x9de7c6d60>", team="<IDEProvisioningBasicTeam: 0x9de1a8de0; teamID='49T86P9XGW', teamName='(null)'>">
	<IDEDistributionProcessingPipelineContext: 0x9e0a44600; archive = "<IDEArchive: 0x9de7782a0>", distributionMethod="<IDEDistributionMethodiOSAppStoreDistribution: 0x9de7c6d60>", team="<IDEProvisioningBasicTeam: 0x9de1a8de0; teamID='49T86P9XGW', teamName='(null)'>">
	<IDEDistributionContext: 0x9de192580; archive = "<IDEArchive: 0x9de7782a0>", distributionMethod="<IDEDistributionMethodiOSAppStoreDistribution: 0x9de7c6d60>", team="<IDEProvisioningBasicTeam: 0x9de1a8de0; teamID='49T86P9XGW', teamName='(null)'>">
	<IDEDistributionContext: 0x9de192300; archive = "<IDEArchive: 0x9de7782a0>", distributionMethod="<IDEDistributionMethodiOSAppStoreDistribution: 0x9de7c6d60>", team="<IDEProvisioningBasicTeam: 0x9de1a8de0; teamID='49T86P9XGW', teamName='(null)'>">
	<IDEDistributionContext: 0x9de192080; archive = "<IDEArchive: 0x9de7782a0>", distributionMethod="<IDEDistributionMethodiOSAppStoreDistribution: 0x9de7c6d60>", team="<IDEProvisioningBasicTeam: 0x9de1a8de0; teamID='49T86P9XGW', teamName='(null)'>">
	<IDEDistributionContext: 0x9de191e00; archive = "<IDEArchive: 0x9de7782a0>", distributionMethod="<IDEDistributionMethodiOSAppStoreDistribution: 0x9de7c6d60>", team="<IDEProvisioningBasicTeam: 0x9de1a8de0; teamID='49T86P9XGW', teamName='(null)'>">
	<IDEDistributionContext: 0x9de191b80; archive = "<IDEArchive: 0x9de7782a0>", distributionMethod="<IDEDistributionMethodiOSAppStoreDistribution: 0x9de7c6d60>", team="<IDEProvisioningBasicTeam: 0x9de1a8de0; teamID='49T86P9XGW', teamName='(null)'>">
	<IDEDistributionContext: 0x9de191900; archive = "<IDEArchive: 0x9de7782a0>", distributionMethod="<IDEDistributionMethodiOSAppStoreDistribution: 0x9de7c6d60>", team="<IDEProvisioningBasicTeam: 0x9de1a8de0; teamID='49T86P9XGW', teamName='(null)'>">
	<IDEDistributionContext: 0x9de191680; archive = "<IDEArchive: 0x9de7782a0>", distributionMethod="<IDEDistributionMethodiOSAppStoreDistribution: 0x9de7c6d60>", team="<IDEProvisioningBasicTeam: 0x9de1a8de0; teamID='49T86P9XGW', teamName='(null)'>">
	<IDEDistributionContext: 0x9de190780; archive = "<IDEArchive: 0x9de7782a0>", distributionMethod="<IDEDistributionMethodiOSAppStoreDistribution: 0x9de7c6d60>", team="<IDEProvisioningBasicTeam: 0x9de1a8de0; teamID='49T86P9XGW', teamName='(null)'>">
	<IDEDistributionContext: 0x9de190500; archive = "<IDEArchive: 0x9de7782a0>", distributionMethod="<IDEDistributionMethodiOSAppStoreDistribution: 0x9de7c6d60>", team="<IDEProvisioningBasicTeam: 0x9de1a8de0; teamID='49T86P9XGW', teamName='(null)'>">
	<IDEDistributionContext: 0x9de190280; archive = "<IDEArchive: 0x9de7782a0>", distributionMethod="<IDEDistributionMethodiOSAppStoreDistribution: 0x9de7c6d60>", team="<IDEProvisioningBasicTeam: 0x9de1a8de0; teamID='49T86P9XGW', teamName='(null)'>">
	<IDEDistributionContext: 0x9de190000; archive = "<IDEArchive: 0x9de7782a0>", distributionMethod="<IDEDistributionMethodiOSAppStoreDistribution: 0x9de7c6d60>", team="(null)">
	<IDEDistributionContext: 0x1057789b0; archive = "<IDEArchive: 0x9de7782a0>", distributionMethod="<IDEDistributionMethodiOSAppStoreDistribution: 0x9de7c6d60>", team="(null)">
	<IDEDistributionContext: 0x105790010; archive = "<IDEArchive: 0x9de7782a0>", distributionMethod="(null)", team="(null)">
</IDEDistributionProcessingPipelineContext: 0x9e0a44300>
2026-07-31 07:39:33 +0000 [MT] Processing step: IDEDistributionCreateDestRootStep
2026-07-31 07:39:33 +0000 [MT] Processing step: IDEDistributionCopyItemStep
2026-07-31 07:39:33 +0000 [MT] Running /usr/bin/ditto '-V' '/Users/omarebrahim/Anticipy-pendant/app/ios/build/Anticipy-b21.xcarchive/Products/Applications/Anticipy.app' '/var/folders/y0/kpml_mf10911r9vt3n1gqt900000gn/T/XcodeDistPipeline.~~~p8NSkc/Root/Payload/Anticipy.app'
2026-07-31 07:39:33 +0000  >>> Copying /Users/omarebrahim/Anticipy-pendant/app/ios/build/Anticipy-b21.xcarchive/Products/Applications/Anticipy.app 
2026-07-31 07:39:33 +0000  copying file ./_CodeSignature/CodeResources ... 
2026-07-31 07:39:33 +0000  2775 bytes for ./_CodeSignature/CodeResources
2026-07-31 07:39:33 +0000  copying file ./Anticipy ... 
2026-07-31 07:39:33 +0000  513856 bytes for ./Anticipy
2026-07-31 07:39:33 +0000  copying file ./AppIcon60x60@2x.png ... 
2026-07-31 07:39:33 +0000  2876 bytes for ./AppIcon60x60@2x.png
2026-07-31 07:39:33 +0000  copying file ./Assets.car ... 
2026-07-31 07:39:33 +0000  44248 bytes for ./Assets.car
2026-07-31 07:39:33 +0000  copying file ./AppIcon76x76@2x~ipad.png ... 
2026-07-31 07:39:33 +0000  3618 bytes for ./AppIcon76x76@2x~ipad.png
2026-07-31 07:39:33 +0000  copying file ./embedded.mobileprovision ... 
2026-07-31 07:39:33 +0000  12088 bytes for ./embedded.mobileprovision
2026-07-31 07:39:33 +0000  copying file ./Info.plist ... 
2026-07-31 07:39:33 +0000  1736 bytes for ./Info.plist
2026-07-31 07:39:33 +0000  copying file ./PkgInfo ... 
2026-07-31 07:39:33 +0000  8 bytes for ./PkgInfo
2026-07-31 07:39:33 +0000 [MT] /usr/bin/ditto exited with 0
2026-07-31 07:39:33 +0000 [MT] Processing step: IDEDistributionEmbedProfileStep
2026-07-31 07:39:33 +0000 [MT] Processing step: IDEDistributionInfoPlistStep
2026-07-31 07:39:33 +0000 [MT] Skipping setting DTXcodeBuildDistribution because toolsBuildVersionName was nil.
2026-07-31 07:39:33 +0000 [MT] Processing step: IDEDistributionItemRemovalStep
2026-07-31 07:39:33 +0000 [MT] Processing step: IDEDistributionAppThinningPlistStep
2026-07-31 07:39:33 +0000 [MT] Skipping step: IDEDistributionAppThinningPlistStep because it said so
2026-07-31 07:39:33 +0000 [MT] Processing step: IDEDistributionSymbolsStep
2026-07-31 07:39:33 +0000 [MT] Writing /var/folders/y0/kpml_mf10911r9vt3n1gqt900000gn/T/XcodeDistPipeline.~~~p8NSkc/Symbols/7D396155-C3BD-39C4-9D88-8FE6CEB75DCE.symbols
2026-07-31 07:39:33 +0000 [MT] Processing step: IDEDistributionCopyAppleProvidedContentStep
2026-07-31 07:39:33 +0000 [MT] Processing step: IDEDistributionAppThinningStep
2026-07-31 07:39:33 +0000 [MT] Skipping step: IDEDistributionAppThinningStep because it said so
2026-07-31 07:39:33 +0000 [MT] Processing step: IDEDistributionArchThinningStep
2026-07-31 07:39:33 +0000 [MT] Archs to thin for item /Users/omarebrahim/Anticipy-pendant/app/ios/build/Anticipy-b21.xcarchive/Products/Applications/Anticipy.app are []
2026-07-31 07:39:33 +0000 [MT] Processing step: IDEDistributionODRStep
2026-07-31 07:39:33 +0000 [MT] Processing step: IDEDistributionStripXattrsStep
2026-07-31 07:39:33 +0000 [MT] Skipping stripping extended attributes because the codesign step will strip them.
2026-07-31 07:39:33 +0000 [MT] Processing step: IDEDistributionCodesignStep
2026-07-31 07:39:33 +0000 [MT] Entitlements for <IDEDistributionItem: 0x9e07b9c80; bundleID='ai.anticipy.app', path='<DVTFilePath:0x9df838900:'/Users/omarebrahim/Anticipy-pendant/app/ios/build/Anticipy-b21.xcarchive/Products/Applications/Anticipy.app'>', codeSigningInfo='<_DVTCodeSigningInformation_Path: 0x9e07b9740; isSigned='1', isAdHocSigned='0', signingCertificate='<DVTSigningCertificate: 0x9de6dbe40; name='iPhone Distribution: Omar Ebrahim (49T86P9XGW)', hash='CD9B570D33E2BB12B0938EAC1AE6F6100A6BDD94', serialNumber='5DB18151D6DF8E5725CCE97DCFA2318E', certificateKinds='(
    "1.2.840.113635.100.6.1.4"
), issueDate='2026-07-21 01:21:16 +0000''>', entitlements='{
    "application-identifier" = "49T86P9XGW.ai.anticipy.app";
    "beta-reports-active" = 1;
    "com.apple.developer.team-identifier" = 49T86P9XGW;
    "get-task-allow" = 0;
}', teamID='49T86P9XGW', identifier='ai.anticipy.app', executablePath='<DVTFilePath:0x9e07b8ea0:'/Users/omarebrahim/Anticipy-pendant/app/ios/build/Anticipy-b21.xcarchive/Products/Applications/Anticipy.app/Anticipy'>', hardenedRuntime='0'>'>: {
    "application-identifier" = "49T86P9XGW.ai.anticipy.app";
    "beta-reports-active" = 1;
    "com.apple.developer.team-identifier" = 49T86P9XGW;
    "get-task-allow" = 0;
}
2026-07-31 07:39:33 +0000 [MT] Associated App Clip Identifiers Filter: Skipping because "com.apple.developer.associated-appclip-app-identifiers" is not present
2026-07-31 07:39:33 +0000 [MT] Entitlements for <IDEDistributionItem: 0x9e07b9c80; bundleID='ai.anticipy.app', path='<DVTFilePath:0x9df838900:'/Users/omarebrahim/Anticipy-pendant/app/ios/build/Anticipy-b21.xcarchive/Products/Applications/Anticipy.app'>', codeSigningInfo='<_DVTCodeSigningInformation_Path: 0x9e07b9740; isSigned='1', isAdHocSigned='0', signingCertificate='<DVTSigningCertificate: 0x9de6db180; name='iPhone Distribution: Omar Ebrahim (49T86P9XGW)', hash='CD9B570D33E2BB12B0938EAC1AE6F6100A6BDD94', serialNumber='5DB18151D6DF8E5725CCE97DCFA2318E', certificateKinds='(
    "1.2.840.113635.100.6.1.4"
), issueDate='2026-07-21 01:21:16 +0000''>', entitlements='{
    "application-identifier" = "49T86P9XGW.ai.anticipy.app";
    "beta-reports-active" = 1;
    "com.apple.developer.team-identifier" = 49T86P9XGW;
    "get-task-allow" = 0;
}', teamID='49T86P9XGW', identifier='ai.anticipy.app', executablePath='<DVTFilePath:0x9e07b8ea0:'/Users/omarebrahim/Anticipy-pendant/app/ios/build/Anticipy-b21.xcarchive/Products/Applications/Anticipy.app/Anticipy'>', hardenedRuntime='0'>'> are: {
    "application-identifier" = "49T86P9XGW.ai.anticipy.app";
    "beta-reports-active" = 1;
    "com.apple.developer.team-identifier" = 49T86P9XGW;
    "get-task-allow" = 0;
}
2026-07-31 07:39:33 +0000 [MT] Writing entitlements for <IDEDistributionItem: 0x9e07b9c80; bundleID='ai.anticipy.app', path='<DVTFilePath:0x9df838900:'/Users/omarebrahim/Anticipy-pendant/app/ios/build/Anticipy-b21.xcarchive/Products/Applications/Anticipy.app'>', codeSigningInfo='<_DVTCodeSigningInformation_Path: 0x9e07b9740; isSigned='1', isAdHocSigned='0', signingCertificate='<DVTSigningCertificate: 0x9de6db180; name='iPhone Distribution: Omar Ebrahim (49T86P9XGW)', hash='CD9B570D33E2BB12B0938EAC1AE6F6100A6BDD94', serialNumber='5DB18151D6DF8E5725CCE97DCFA2318E', certificateKinds='(
    "1.2.840.113635.100.6.1.4"
), issueDate='2026-07-21 01:21:16 +0000''>', entitlements='{
    "application-identifier" = "49T86P9XGW.ai.anticipy.app";
    "beta-reports-active" = 1;
    "com.apple.developer.team-identifier" = 49T86P9XGW;
    "get-task-allow" = 0;
}', teamID='49T86P9XGW', identifier='ai.anticipy.app', executablePath='<DVTFilePath:0x9e07b8ea0:'/Users/omarebrahim/Anticipy-pendant/app/ios/build/Anticipy-b21.xcarchive/Products/Applications/Anticipy.app/Anticipy'>', hardenedRuntime='0'>'> to: /var/folders/y0/kpml_mf10911r9vt3n1gqt900000gn/T/XcodeDistPipeline.~~~p8NSkc/entitlements~~~Ae7In3
2026-07-31 07:39:33 +0000 [MT] invoking codesign: <NSConcreteTask: 0x9e0ba7390; launchPath='/usr/bin/codesign', arguments='(
    "-f",
    "-s",
    CD9B570D33E2BB12B0938EAC1AE6F6100A6BDD94,
    "--entitlements",
    "/var/folders/y0/kpml_mf10911r9vt3n1gqt900000gn/T/XcodeDistPipeline.~~~p8NSkc/entitlements~~~Ae7In3",
    "--preserve-metadata=identifier,flags,runtime,launch-constraints,library-constraints",
    "--generate-entitlement-der",
    "--strip-disallowed-xattrs",
    "-vvv",
    "/var/folders/y0/kpml_mf10911r9vt3n1gqt900000gn/T/XcodeDistPipeline.~~~p8NSkc/Root/Payload/Anticipy.app"
)'>
2026-07-31 07:39:33 +0000 [MT] codesign output: /var/folders/y0/kpml_mf10911r9vt3n1gqt900000gn/T/XcodeDistPipeline.~~~p8NSkc/Root/Payload/Anticipy.app: replacing existing signature
/var/folders/y0/kpml_mf10911r9vt3n1gqt900000gn/T/XcodeDistPipeline.~~~p8NSkc/Root/Payload/Anticipy.app: signed app bundle with Mach-O thin (arm64) [ai.anticipy.app]
2026-07-31 07:39:33 +0000 [MT] Processing step: IDEDistributionZipODRItemStep
2026-07-31 07:39:33 +0000 [MT] Skipping step: IDEDistributionZipODRItemStep because it said so
2026-07-31 07:39:33 +0000 [MT] Processing step: IDEDistributionCreateIPAStep
2026-07-31 07:39:33 +0000 [MT] Running /usr/bin/rsync '-8aPhhE' '/var/folders/y0/kpml_mf10911r9vt3n1gqt900000gn/T/XcodeDistPipeline.~~~p8NSkc/Symbols' '--link-dest' '/var/folders/y0/kpml_mf10911r9vt3n1gqt900000gn/T/XcodeDistPipeline.~~~p8NSkc' '/var/folders/y0/kpml_mf10911r9vt3n1gqt900000gn/T/XcodeDistPipeline.~~~p8NSkc/Root'
2026-07-31 07:39:33 +0000  Symbols/
._Symbols
            163 170%    1.32MB/s   00:00:00 (xfer#1, to-check=0/4)
2026-07-31 07:39:33 +0000  Symbols/7D396155-C3BD-39C4-9D88-8FE6CEB75DCE.symbols
Symbols/._7D396155-C3BD-39C4-9D88-8FE6CEB75DCE.symbols
            163   0%  242.69KB/s   00:00:00 (xfer#2, to-check=2/4)
2026-07-31 07:39:33 +0000 [MT] /usr/bin/rsync exited with 0
2026-07-31 07:39:33 +0000 [MT] Running /usr/bin/ditto '-V' '-c' '-k' '--norsrc' '/var/folders/y0/kpml_mf10911r9vt3n1gqt900000gn/T/XcodeDistPipeline.~~~p8NSkc/Root' '/var/folders/y0/kpml_mf10911r9vt3n1gqt900000gn/T/XcodeDistPipeline.~~~p8NSkc/Packages/Anticipy.ipa'
2026-07-31 07:39:33 +0000  >>> Copying /var/folders/y0/kpml_mf10911r9vt3n1gqt900000gn/T/XcodeDistPipeline.~~~p8NSkc/Root 
2026-07-31 07:39:33 +0000  copying file ./Payload/Anticipy.app/_CodeSignature/CodeResources ... 
2026-07-31 07:39:33 +0000  2775 bytes for ./Payload/Anticipy.app/_CodeSignature/CodeResources
2026-07-31 07:39:33 +0000  copying file ./Payload/Anticipy.app/Anticipy ... 
2026-07-31 07:39:33 +0000  513856 bytes for ./Payload/Anticipy.app/Anticipy
2026-07-31 07:39:33 +0000  copying file ./Payload/Anticipy.app/AppIcon60x60@2x.png ... 
2026-07-31 07:39:33 +0000  2876 bytes for ./Payload/Anticipy.app/AppIcon60x60@2x.png
2026-07-31 07:39:33 +0000  copying file ./Payload/Anticipy.app/Assets.car ... 
2026-07-31 07:39:33 +0000  44248 bytes for ./Payload/Anticipy.app/Assets.car
2026-07-31 07:39:33 +0000  copying file ./Payload/Anticipy.app/AppIcon76x76@2x~ipad.png ... 
2026-07-31 07:39:33 +0000  3618 bytes for ./Payload/Anticipy.app/AppIcon76x76@2x~ipad.png
2026-07-31 07:39:33 +0000  copying file ./Payload/Anticipy.app/embedded.mobileprovision ... 
2026-07-31 07:39:33 +0000  12088 bytes for ./Payload/Anticipy.app/embedded.mobileprovision
2026-07-31 07:39:33 +0000  copying file ./Payload/Anticipy.app/Info.plist ... 
2026-07-31 07:39:33 +0000  1736 bytes for ./Payload/Anticipy.app/Info.plist
2026-07-31 07:39:33 +0000  copying file ./Payload/Anticipy.app/PkgInfo ... 
2026-07-31 07:39:33 +0000  8 bytes for ./Payload/Anticipy.app/PkgInfo
2026-07-31 07:39:33 +0000  copying file ./Symbols/7D396155-C3BD-39C4-9D88-8FE6CEB75DCE.symbols ... 
2026-07-31 07:39:33 +0000  1376724 bytes for ./Symbols/7D396155-C3BD-39C4-9D88-8FE6CEB75DCE.symbols
2026-07-31 07:39:33 +0000 [MT] /usr/bin/ditto exited with 0
2026-07-31 07:39:33 +0000 [MT] Processing step: IDEDistributionAppStoreInformationStep
2026-07-31 07:39:33 +0000 [MT] Skipping step: IDEDistributionAppStoreInformationStep because it said so
2026-07-31 07:39:33 +0000 [MT] Processing step: IDEDistributionGenerateProcessedDistributionItems
2026-07-31 07:39:33 +0000 [MT] IDEDistributionItem init <DVTFilePath:0x9e0bad620:'/var/folders/y0/kpml_mf10911r9vt3n1gqt900000gn/T/XcodeDistPipeline.~~~p8NSkc/Root/Payload/Anticipy.app'>
2026-07-31 07:39:33 +0000 [MT] Processing step: IDEDistributionCreateManifestStep
2026-07-31 07:39:33 +0000 [MT] Skipping step: IDEDistributionCreateManifestStep because it said so
