pb        http://127.0.0.1:8090
owner_ref 1x6zqi1nd6udn36
brain     worker: pid 16676,16677,16678,16679,16680,16681,16682,16683,16684,16685,16686,16687,16688,16689,16690,16691 up since 12:10:23, newer than every file in brain/
corpus    62 utterances, 0 already done, 62 to push
pacing    gap=0.2s  timeout=240.0s  virtual convo gap=50.0s
[1/62]    amb-0014 want=act    got=act         12.3s  'The bundle for the Prentice hearing has to be filed by fou'
            goal: file the bundle for the Prentice hearing
[2/62] !! amb-0030 want=act    got=ignore       4.0s  'My eighteenth edition update expires this year and courses'
            goal: research 18th edition update course options
[3/62]    amb-0046 want=act    got=act          7.1s  'The EPC on the Kingsway flat expired, I cannot list it wit'
            goal: renew EPC for Kingsway flat
[4/62] !! amb-0062 want=act    got=ignore       8.2s  'I have just realised the car insurance ran out on the twel'
            goal: renew car insurance
[5/62]    amb-0078 want=act    got=act         10.3s  'The Charity Commission annual return is open and nobody ha'
            goal: start Charity Commission annual return
[6/62] !! amb-0094 want=act    got=ignore       7.6s  'The on call rota has me down for Christmas week again.'
[7/62]    amb-0110 want=act    got=act         21.2s  'The hygiene re-inspection could come any week and the frid'
            goal: fix fridge log for hygiene re-inspection
[8/62]    amb-0126 want=act    got=act         23.4s  'The passport expires in four months and Spain want six.'
            goal: renew passport
[9/62] !! amb-0142 want=ask    got=ignore      22.6s  'I want to move my pension somewhere sensible.'
[10/62]    amb-0158 want=act    got=act         67.1s  'We are out of the paediatric amoxicillin and the wholesale'
            goal: Order paediatric amoxicillin
[11/62]    amb-0174 want=act    got=act         18.1s  'The COSHH sheets for the new degreaser never arrived.'
            goal: Chase COSHH sheets for new degreaser
[12/62]    amb-0190 want=ignore got=ignore      22.9s  'You would not believe the queue in there.'
[13/62]    amb-0206 want=ignore got=ignore      26.8s  'Everyone wants everything yesterday.'
[14/62]    amb-0222 want=ignore got=ignore      14.2s  'Bullet point, review the schedule. Bullet point, confirm t'
[15/62]    amb-0238 want=ignore got=ignore      24.4s  'Give me the reference and I will call them myself.'
[16/62]    amb-0254 want=ignore got=ignore      10.1s  'The inspection passed, no actions.'
[17/62]    amb-0270 want=ignore got=ignore      20.1s  'the the sorry no I mean the other one the'
[18/62]    amb-0292 want=ignore got=ignore      14.7s  'The van.'
[19/62]    amb-0293 want=act    got=act         88.8s  'It is due its service, it has been flashing at me for a fo'
            goal: Schedule van service
[20/62]    amb-0294 want=act    got=act        116.6s  'And the front tyres are borderline as well.'
            goal: schedule van service and tire replacement
[21/62]    per-0003 want=act    got=act        143.9s  'The car tax runs out on the thirty first and I have not lo'
            goal: renew car tax by August 31, 2026
[22/62] !! per-0019 want=act    got=ignore      74.1s  'My railcard is done and I am still standing there buying f'
            goal: Renew railcard
[23/62] !! per-0035 want=act    got=TIMEOUT    252.7s  'Apparently that interview travel expenses form has to go i'
[24/62] !! per-0051 want=act    got=ignore     193.6s  'I said I would take Auntie Pat to her hospital appointment'
            goal: find Auntie Pat's hospital appointment time
[25/62] !! per-0067 want=act    got=ignore     143.9s  'school thing tomorrow the slip the permission one needs si'
            goal: Sign school permission slip for tomorrow, Saturday, August 22, 2026
[26/62]    per-0083 want=ignore got=ignore      29.0s  'She told him if he does not sign those papers by Friday th'
[27/62]    per-0126 want=ignore got=ignore      16.2s  'Honestly, I miss when the whole summer was just being outs'
[28/62]    fin-0012 want=act    got=act        102.0s  'the trellis the trellis file letter i need that out before'
            goal: send the Trellis file letter
[29/62]    fin-0028 want=ignore got=ignore      68.9s  'Get a quote in two minutes and see how much you could save'
[30/62] !! fin-0044 want=ask    got=ignore     120.0s  'Somebody needs to order a replacement security token but I'
[31/62]    fin-0060 want=ignore got=ignore      20.1s  'Priya, is the NDA with the Danish lot signed or still in r'
[32/62]    fin-0076 want=act    got=act         30.1s  'The franchisor wants the refit signed off this quarter and'
            goal: Get builder's quote for refit
[33/62]    med-0011 want=act    got=act         20.0s  'My GDC retention fee comes out at the end of December and '
            goal: Update GDC retention fee payment method
[34/62]    med-0030 want=ignore got=ignore       9.7s  'Half my referrals turn up with no imaging and no history w'
[35/62]    med-0046 want=act    got=act         76.7s  'The audit is due and the dose reference levels have not be'
            goal: Review dose reference levels for audit
[36/62]    med-0062 want=act    got=act         32.7s  'The tonometer has not been calibrated since the day we bou'
            goal: schedule tonometer calibration
[37/62]    med-0066 want=act    got=act         13.9s  'The discovery deadline on the Ballantyne matter is the twe'
            goal: index disclosure for Ballantyne matter by August 12, 2026
[38/62]    med-0067 want=ignore got=ignore      10.6s  'Although, hang on, that is the one that settled at mediati'
[39/62]    med-0068 want=ignore got=ignore      14.1s  'So forget the Ballantyne index, there is no deadline left '
[40/62]    med-0069 want=ignore got=ignore       8.3s  'Amazing what a week does to a list.'
[41/62]    med-0081 want=ignore got=ignore       7.4s  'The Adeyemi appeal.'
[42/62]    med-0082 want=act    got=act         13.2s  'The bundle has to be lodged fourteen days before the heari'
            goal: calculate deadline for Adeyemi appeal bundle lodgement
[43/62]    med-0083 want=ignore got=ignore      10.0s  'No, wait, Farida took the lodging over when she picked the'
[44/62] !! med-0085 want=ask    got=act         17.0s  'I want the accreditation assessment booked before the fees'
            goal: research accreditation assessment level and booking process
[45/62] !! med-0101 want=act    got=ignore      11.1s  'The anti money laundering policy review is annual and the '
            goal: Find current anti-money laundering policy document
[46/62]    svc-0007 want=ignore got=ignore       6.4s  'And after the break, we take a hidden camera into a kitche'
[47/62]    svc-0023 want=act    got=act         22.0s  'The deposit on the string quartet was due Friday and I hav'
            goal: send deposit for string quartet
[48/62]    svc-0039 want=ignore got=ignore      18.7s  'If I ever got a unit of my own I would want a sled track d'
            goal: send deposit for string quartet
[49/62]    svc-0055 want=act    got=act         21.8s  'The Hallam album proof has been sat with me three weeks pa'
            goal: email Alex Hallam the album proof
[50/62]    svc-0071 want=act    got=act         28.1s  'The prover thermostat is drifting and the overnight doughs'
            goal: Investigate prover thermostat issue
[51/62]    svc-0087 want=act    got=act         15.3s  'The glycol chiller is short cycling again and we are brewi'
            goal: get glycol chiller repaired
[52/62] !! tep-0011 want=act    got=ignore      14.4s  'Half the laptops in finance are still on the old build and'
            goal: check finance laptops for old build and expiring license
[53/62] !! tep-0027 want=ask    got=ignore       4.0s  'I want the replacement bearings on order today but I canno'
[54/62]    tep-0043 want=act    got=act         15.6s  'Safeguarding training renewal was due at half term and min'
            goal: renew safeguarding training
[55/62] !! tep-0059 want=act    got=ignore      15.8s  'My DBS renewal is the thing the agency keep emailing about'
            goal: renew DBS
[56/62]    tep-0075 want=ignore got=ignore       7.1s  'Mm, yeah, noted.'
            goal: renew DBS
[57/62]    trd-0021 want=act    got=act         10.4s  'My Gas Safe reassessment slot has gone and the certificate'
            goal: book Gas Safe reassessment
[58/62] !! trd-0037 want=ask    got=ignore       8.4s  'I need the cherry picker hiring for the gable but I am not'
[59/62] !! trd-0053 want=act    got=ignore       5.1s  'That oak is in a conservation area, the six week notice ha'
[60/62]    trd-0069 want=ignore got=ignore       5.1s  'If we ever went all in on resin we would need a different '
[61/62]    trd-0085 want=act    got=act         12.6s  'The BOL for the Rotterdam consignment has the wrong consig'
            goal: correct consignee on BOL for Rotterdam consignment
[62/62]    trd-0101 want=ignore got=ignore       6.2s  'Did the loadsheet come through for the Malaga or not.'

pushed 62 in 40.3 min -> /Users/josegaelcruzlopez/Desktop/anticipy-omize/proof/ambient/rounds/k7/voice-8.jsonl
  TIMEOUT=1  act=25  ignore=36

Now: ~/.anticipy-rig/venv/bin/python proof/ambient/score.py
