pb        http://127.0.0.1:8090
owner_ref fnw0pvulizndqze
brain     worker: pid 16676,16677,16678,16679,16680,16681,16682,16683,16684,16685,16686,16687,16688,16689,16690,16691 up since 12:10:23, newer than every file in brain/
corpus    62 utterances, 0 already done, 62 to push
pacing    gap=0.2s  timeout=240.0s  virtual convo gap=50.0s
[1/62]    amb-0012 want=act    got=act         13.5s  'I am on nights all next week and I have not sorted anythin'
            goal: arrange childcare/meals for kids next week
[2/62]    amb-0028 want=act    got=act          9.1s  "The van's MOT is end of the month and I have not rung anyo"
            goal: book MOT for the van before August 31, 2026
[3/62] !! amb-0044 want=ask    got=act         12.2s  'Someone really should chase the linen company about Tuesda'
            goal: Chase linen company about Tuesday delivery
[4/62]    amb-0060 want=act    got=act         16.6s  'That TV licence renewal letter has been on the side a fort'
            goal: renew TV license
[5/62]    amb-0076 want=act    got=act         15.6s  'The CD cabinet key audit has not been signed off since I w'
            goal: get CD cabinet key audit signed off
[6/62]    amb-0092 want=act    got=act         22.1s  'That gearbox supplier never sent the datasheet.'
            goal: get datasheet from gearbox supplier
[7/62] !! amb-0108 want=act    got=ignore      21.3s  'The sprayer test certificate runs out before harvest.'
            goal: check sprayer test certificate expiry date
[8/62]    amb-0124 want=act    got=act         38.0s  'The boiler service plan letter says they will cancel if I '
            goal: reply to boiler service plan letter
[9/62] !! amb-0140 want=ask    got=ignore      45.0s  'I should probably sort life insurance now there is a mortg'
            goal: research life insurance options
[10/62]    amb-0156 want=act    got=act         18.5s  'The club want the annual fee before the end of the month.'
            goal: pay annual club fee
[11/62]    amb-0172 want=act    got=act         37.0s  'The invoice to the Berlin client is ninety days out now.'
            goal: chase Berlin client for invoice payment
[12/62]    amb-0188 want=ignore got=ignore      14.3s  'Right, I am going to make a brew.'
[13/62]    amb-0204 want=ignore got=ignore      24.1s  'The phone has not stopped since half seven.'
[14/62]    amb-0220 want=ignore got=ignore      10.9s  'Send, reply all, include the attachment, remove item four '
[15/62]    amb-0236 want=ignore got=ignore      26.7s  'I have already spoken to them, I will chase it tomorrow.'
[16/62]    amb-0252 want=ignore got=ignore      28.3s  'We got the tickets in the end, front section.'
[17/62]    amb-0268 want=ignore got=ignore      35.9s  'Dave, is the scaffold going up Monday or Tuesday?'
[18/62]    amb-0286 want=ignore got=ignore      38.4s  'There is that thing on Saturday.'
[19/62]    amb-0287 want=ignore got=ignore     112.8s  'The christening, right.'
[20/62] !! amb-0288 want=act    got=ignore      67.3s  'And we have not got them anything at all.'
[21/62] !! per-0001 want=act    got=ignore      44.6s  'Ugh, the school wants that permission slip back tomorrow a'
            goal: find school permission slip envelope
[22/62] !! per-0017 want=act    got=TIMEOUT    247.6s  'The cat has been scratching at her ear all week and it is '
[23/62] per-0033 POST FAILED: timed out
[24/62] !! per-0049 want=act    got=TIMEOUT    248.6s  'They said ring and arrange the six week check and I just, '
[25/62] per-0065 POST FAILED: timed out
[26/62]    per-0081 want=ignore got=ignore     204.1s  'And if you have been affected by any of the issues in toni'
[27/62] per-0097 POST FAILED: timed out
[28/62]    fin-0010 want=act    got=act         76.4s  'The engagement letter for Trellis has not gone out and fie'
            goal: send engagement letter for Trellis
[29/62]    fin-0026 want=act    got=act        174.9s  'The EO certificate the client asked for never actually wen'
            goal: send EO certificate to client
[30/62] !! fin-0042 want=act    got=ignore      23.8s  'I do not know what the cutoff for same day payments is now'
[31/62] !! fin-0058 want=act    got=ignore      27.1s  'The master services agreement auto renews in twenty one da'
            goal: research master services agreement auto-renewal notice period
[32/62]    fin-0074 want=ignore got=ignore       7.2s  'The visa application is with them, we are only waiting on '
[33/62]    fin-0107 want=ignore got=ignore      10.9s  'If the base rate moves again before completion.'
[34/62]    fin-0108 want=ignore got=ignore       9.3s  'The Aldridge lock runs out on the fourth either way.'
[35/62]    fin-0109 want=act    got=act         23.1s  'I need the extension request in with the lender before the'
            goal: Submit extension request to lender for Aldridge lock before September 4, 2026
[36/62]    fin-0110 want=ignore got=ignore      40.8s  'Yeah, no, that one is genuinely urgent.'
[37/62]    med-0006 want=ignore got=ignore      21.6s  'The bank shifts.'
[38/62]    med-0007 want=ignore got=ignore       7.2s  'They will not put me on the rota until the DBS check comes'
[39/62]    med-0008 want=act    got=act         19.6s  'Which means I have to actually start the DBS application, '
            goal: start DBS application
[40/62] !! med-0009 want=act    got=ignore      17.6s  'My revalidation confirmation is due and I have not even lo'
            goal: research NMC revalidation requirements
[41/62]    med-0028 want=act    got=act         15.6s  'The reformer has been out of service since August and nobo'
            goal: Get quote for reformer repair
[42/62]    med-0044 want=ignore got=ignore       5.1s  'Ravi is pulling the theatre utilisation figures for the bo'
[43/62]    med-0060 want=ignore got=ignore       6.2s  'the caseload the case load the uh the mat unit said the'
[44/62]    med-0080 want=ignore got=ignore       9.7s  'Mm, yeah, no, quite.'
[45/62]    med-0099 want=ignore got=ignore       6.4s  'If the chain collapses we would be looking at redoing ever'
[46/62]    svc-0005 want=ignore got=ignore       4.2s  'Do not start the date checks tonight, Kelvin says he is do'
[47/62]    svc-0021 want=ignore got=ignore       7.3s  'If we ever did a festival stage instead of a marquee we wo'
[48/62]    svc-0037 want=act    got=act         18.5s  'My first aid certificate and the DBS both run out in the s'
            goal: renew first aid certificate and DBS
[49/62]    svc-0053 want=act    got=act         19.5s  'The council licence inspection is annual and mine has gone'
            goal: schedule council license inspection
[50/62]    svc-0069 want=act    got=act         24.5s  'The market stall permit is up and the council want it back'
            goal: renew market stall permit
[51/62]    svc-0085 want=ignore got=ignore       6.1s  'In the glass, gooseberry, a little cut grass, and a long m'
[52/62]    tep-0009 want=ignore got=ignore       9.6s  'Nobody has documented what this feature column actually me'
[53/62]    tep-0025 want=act    got=act         13.4s  'The CDM regs want the principal designer appointed in writ'
            goal: Draft appointment letter for principal designer
[54/62]    tep-0041 want=act    got=act         21.3s  'The site notice for the Ashfield application never went up'
            goal: send site notice for Ashfield application
[55/62]    tep-0057 want=act    got=act          8.3s  'I told the Kaurs I would send a progress summary every fou'
            goal: Draft progress summary for the Kaurs
[56/62]    tep-0073 want=ignore got=ignore       8.1s  'Did the duty team ever ring you back about that referral?'
[57/62]    tep-0089 want=act    got=act         15.6s  'The security clearance renewal forms have been in my drawe'
            goal: process security clearance renewal forms
[58/62]    trd-0035 want=ignore got=ignore      17.9s  'Do not chase the scaffolders, Dave is ringing them about t'
[59/62] !! trd-0051 want=ask    got=ignore       7.1s  'The Wilsons want the patio pricing and I never wrote down '
[60/62]    trd-0067 want=act    got=act         13.3s  'The subfloor readings are far too high and no adhesive war'
            goal: Tell contractor subfloor readings too high for adhesive warranty
[61/62]    trd-0083 want=ignore got=ignore       7.4s  'the pallet spaces on the on the second aisle we we lost ha'
[62/62]    trd-0099 want=act    got=act         10.9s  'My airside driving permit is out next month and the test h'
            goal: renew airside driving permit through operations

pushed 62 in 39.9 min -> /Users/josegaelcruzlopez/Desktop/anticipy-omize/proof/ambient/rounds/k7/voice-6.jsonl
  TIMEOUT=2  act=23  ignore=34

Now: ~/.anticipy-rig/venv/bin/python proof/ambient/score.py
