pb        http://127.0.0.1:8090
owner_ref aomv4722ccarzj5
brain     worker: pid 16676,16677,16678,16679,16680,16681,16682,16683,16684,16685,16686,16687,16688,16689,16690,16691 up since 12:10:23, newer than every file in brain/
corpus    62 utterances, 0 already done, 62 to push
pacing    gap=0.2s  timeout=240.0s  virtual convo gap=50.0s
[1/62]    amb-0001 want=act    got=act         12.6s  'Oh my goodness, I forgot to cook for my kids this afternoo'
            goal: arrange dinner for kids this afternoon
[2/62]    amb-0002 want=act    got=act         10.1s  'Damn, the Hendricks review is Thursday and I still have no'
            goal: pull Q3 numbers for Hendricks review
[3/62] !! amb-0011 want=act    got=ignore       5.1s  'My revalidation is due and I have not logged a single hour'
            goal: research CPD requirements for revalidation
[4/62]    amb-0027 want=act    got=act         11.3s  'I am going to run out of twenty two mil compression fittin'
            goal: order 22mm compression fittings
[5/62] !! amb-0043 want=act    got=ignore      10.1s  'We are catering forty on Saturday and the fish order is st'
            goal: confirm fish order for Saturday, August 22, 2026 catering for 40
[6/62]    amb-0059 want=act    got=act         16.9s  'My prescription is down to two days and the pharmacy shut '
            goal: refill prescription
[7/62]    amb-0075 want=act    got=act         25.9s  'My medical certificate lapses in November and the AME book'
            goal: book AME appointment for medical certificate renewal in November
[8/62] !! amb-0091 want=act    got=ignore      19.3s  'The pressure vessel inspection is due and the paperwork is'
            goal: find pressure vessel inspection paperwork
[9/62]    amb-0107 want=act    got=act         69.9s  'I have not claimed the night out expenses for two months.'
            goal: Claim night out expenses for the last two months
[10/62]    amb-0123 want=act    got=act         34.1s  'His inhaler is nearly empty and school need a spare one.'
            goal: order a new inhaler for school
[11/62] !! amb-0139 want=act    got=ignore      33.6s  'The recycling calendar changed and we keep missing the col'
            goal: find new recycling calendar for Alex's address
[12/62] !! amb-0155 want=act    got=ignore      21.6s  'My proficiency check is due and the examiner is booked out'
            goal: find examiner availability for proficiency check
[13/62]    amb-0171 want=act    got=act         42.8s  'Two of the room leaders need their paediatric first aid re'
            goal: schedule paediatric first aid renewal for two room leaders
[14/62]    amb-0187 want=ignore got=ignore      36.2s  'That is a good shout, actually.'
            goal: research options for paediatric first aid recertification for two room leaders
[15/62]    amb-0203 want=ignore got=ignore      40.7s  'Whoever designed this parking system needs a word with the'
[16/62]    amb-0219 want=ignore got=ignore      31.0s  'Invoice number four four seven two, amount one thousand tw'
[17/62]    amb-0235 want=ignore got=ignore     117.6s  'Leave the bins with me, I am up early anyway.'
[18/62]    amb-0251 want=ignore got=ignore      64.6s  'That is paid, it went out Friday.'
[19/62]    amb-0267 want=ignore got=ignore      29.7s  'Are you eating with us or are you out?'
[20/62]    amb-0283 want=ignore got=ignore      68.9s  "That is on next week's agenda so it will get picked up."
[21/62] !! per-0016 want=act    got=TIMEOUT    253.6s  'That coat I ordered for Ellie is the wrong size and the re'
[22/62] !! per-0032 want=act    got=TIMEOUT    241.4s  'The boy needs new boots for football, his toes are through'
[23/62]    per-0048 want=act    got=act        179.6s  'I have not registered to vote since we moved, not at the n'
            goal: Register to vote at new address
[24/62] !! per-0064 want=ask    got=ignore     109.3s  'I can put the notice in the local paper but I have not bee'
[25/62]    per-0080 want=ignore got=ignore      45.1s  "Are we still doing your mum's on Sunday or has that change"
[26/62]    per-0096 want=ignore got=ignore      43.5s  'The energy switch is going through, they reckon fourteen d'
[27/62]    fin-0009 want=act    got=act         86.4s  'I have got a supplier with no W-9 on file and I am issuing'
            goal: get W-9 from supplier
[28/62] !! fin-0025 want=act    got=ignore      33.5s  'The PI cover renewal came back nine hundred up on last yea'
            goal: research alternative PI cover quotes
[29/62] !! fin-0041 want=act    got=ignore      15.0s  'The nostro break from Tuesday is still open and it gets re'
            goal: check nostro break from Tuesday, August 18, 2026
[30/62] !! fin-0057 want=ask    got=act         17.1s  'We are nearly out of the heavy copier paper and I cannot r'
            goal: Order heavy copier paper
[31/62]    fin-0073 want=act    got=act         27.4s  'The board dinner is on the twelfth and nobody has held a t'
            goal: Book a table for the board dinner on September 12
[32/62]    fin-0098 want=ignore got=ignore      41.8s  'Did the offer letter ever go out to the Bhatt candidate?'
[33/62]    fin-0099 want=ignore got=ignore      10.1s  'It went Tuesday, she has not signed it yet.'
[34/62]    fin-0100 want=act    got=act         13.5s  'Her start date is the first and the superannuation choice '
            goal: send superannuation choice form to fund for Bhatt candidate
[35/62] !! fin-0101 want=ask    got=act         17.8s  'I ought to get on the phone to their employer line, whenev'
            goal: call Alex's employer line
[36/62] !! med-0005 want=ask    got=ignore      14.1s  "I want the prior authorisation in for Mrs Ferreira's biolo"
[37/62] !! med-0027 want=act    got=ignore       9.6s  'The public liability and the professional indemnity renew '
[38/62]    med-0043 want=act    got=act         14.2s  'The appraisal wants patient feedback and I have not sent a'
            goal: send patient feedback questionnaires for appraisal
[39/62]    med-0059 want=ignore got=ignore      15.3s  'The homebirth guideline update went out to the whole team '
            goal: send patient feedback questionnaires for appraisal
[40/62]    med-0079 want=ignore got=ignore       6.1s  'If we ever took on volume work for the shipping firms we w'
[41/62]    med-0098 want=act    got=act         19.2s  'The search fees on the Meadow Lane file were never billed '
            goal: bill search fees for Meadow Lane file to client
[42/62]    svc-0004 want=act    got=act         19.9s  'The chiller on aisle four has been running two degrees war'
            goal: investigate chiller on aisle four running warm
[43/62] !! svc-0020 want=ask    got=act         28.6s  'I want the run of show over to the venue, I have just not '
            goal: send run of show to venue
[44/62]    svc-0036 want=ignore got=ignore       7.1s  'You do not need to sort the bootcamp permit, Deano has alr'
[45/62]    svc-0052 want=act    got=act         12.7s  'We are out of the hypoallergenic shampoo and down to two p'
            goal: order hypoallergenic shampoo and puppy packs
[46/62]    svc-0068 want=act    got=act         15.5s  'The Dutch order has to be in by ten tonight or the funeral'
            goal: place Dutch order by 10 PM PDT tonight, Friday, August 21, 2026
[47/62] !! svc-0084 want=ask    got=act         19.4s  'The bottling line is booked for the fourteenth and I have '
            goal: Choose between two label proofs for bottling line booked for August 14
[48/62]    tep-0008 want=act    got=act         15.3s  'The board deck goes out Monday and the churn numbers in it'
            goal: update churn numbers in board deck to reflect new warehouse data
[49/62]    tep-0024 want=ignore got=ignore       6.1s  'Every temporary works drawing on this job comes back with '
[50/62]    tep-0040 want=act    got=act         27.8s  'The highways consultation response is late and the determi'
            goal: draft highways consultation response
[51/62]    tep-0056 want=act    got=act         12.2s  'The EHCP annual review needs the educational psychologist '
            goal: request educational psychologist report for EHCP annual review
[52/62] !! tep-0072 want=ask    got=ignore       4.2s  'I need the interpreter booked for the Wednesday visit and '
[53/62]    tep-0088 want=act    got=act         14.4s  'The annual fitness test window shuts at the end of the mon'
            goal: book annual fitness test slot before August 31, 2026
[54/62]    trd-0017 want=ignore got=ignore       6.4s  'Ashworth rewire.'
[55/62]    trd-0018 want=ignore got=ignore       5.1s  'Yeah, no, go on.'
[56/62]    trd-0019 want=act    got=act         11.7s  'That was notifiable works and the Part P certificate never'
            goal: send Part P certificate for Ashworth rewire
[57/62]    trd-0020 want=ignore got=ignore       6.1s  'I sent that off, did it on the portal Tuesday.'
[58/62]    trd-0034 want=act    got=act         26.8s  'The felt for the surgery flat roof is on back order again '
            goal: chase felt for surgery flat roof
[59/62]    trd-0050 want=act    got=act         21.6s  'Skip permit for the Mansfield Road job, that is the counci'
            goal: obtain skip permit for Mansfield Road job
[60/62]    trd-0066 want=act    got=act          9.4s  'The window survey for the Trent Bridge job never went acro'
            goal: Send window survey for Trent Bridge job to fabricator
[61/62]    trd-0082 want=act    got=act         17.6s  'Two of the counterbalance lads need their refresher and th'
            goal: schedule counterbalance refresher for two lads
[62/62]    trd-0098 want=ignore got=ignore      16.6s  'Control are sorting the replacement bus, they have got tha'

pushed 62 in 42.2 min -> /Users/josegaelcruzlopez/Desktop/anticipy-omize/proof/ambient/rounds/k7/voice-5.jsonl
  TIMEOUT=2  act=30  ignore=30

Now: ~/.anticipy-rig/venv/bin/python proof/ambient/score.py
