=== Anticipy acceptance harness ===
artifacts: /Users/omarebrahim/Developer/Anticipy-V7/proof-artifacts/acceptance_20260529_002153
engine:    http://127.0.0.1:8731
site:      https://www.anticipy.ai
cdp:       http://127.0.0.1:9222
git_head:  602b5f9ca1354941da86d529927ce13c42c8b4da
----------------------------------------------------------------------
CHECK 01  FAIL  site_live  (0.1s)  -> /Users/omarebrahim/Developer/Anticipy-V7/proof-artifacts/acceptance_20260529_002153/CHECK_01.json
CHECK 02  PASS  dmg_downloadable  (0.4s)  -> /Users/omarebrahim/Developer/Anticipy-V7/proof-artifacts/acceptance_20260529_002153/CHECK_02.json
CHECK 03  PASS  install_path_terminal_only  (0.3s)  -> /Users/omarebrahim/Developer/Anticipy-V7/proof-artifacts/acceptance_20260529_002153/CHECK_03.json
CHECK 04  FAIL  app_runs  (30.0s)  -> /Users/omarebrahim/Developer/Anticipy-V7/proof-artifacts/acceptance_20260529_002153/CHECK_04.json
CHECK 05  FAIL  onboarding_chat  (50.9s)  -> /Users/omarebrahim/Developer/Anticipy-V7/proof-artifacts/acceptance_20260529_002153/CHECK_05.json
CHECK 07  PASS  onboarding_call_stub  (0.0s)  -> /Users/omarebrahim/Developer/Anticipy-V7/proof-artifacts/acceptance_20260529_002153/CHECK_07.json
CHECK 08  FAIL  input_paste  (1.1s)  -> /Users/omarebrahim/Developer/Anticipy-V7/proof-artifacts/acceptance_20260529_002153/CHECK_08.json
CHECK 11  FAIL  input_bluetooth_audio_devices_enumerated  (0.0s)  -> /Users/omarebrahim/Developer/Anticipy-V7/proof-artifacts/acceptance_20260529_002153/CHECK_11.json
CHECK 12  FAIL  ambiguity_trap  (1.2s)  -> /Users/omarebrahim/Developer/Anticipy-V7/proof-artifacts/acceptance_20260529_002153/CHECK_12.json
CHECK 13  PASS  flash_page_live  (0.5s)  -> /Users/omarebrahim/Developer/Anticipy-V7/proof-artifacts/acceptance_20260529_002153/CHECK_13.json
CHECK 14  PASS  flash_stub_log  (0.0s)  -> /Users/omarebrahim/Developer/Anticipy-V7/proof-artifacts/acceptance_20260529_002153/CHECK_14.json
CHECK 15  PASS  brand_audit  (10.1s)  -> /Users/omarebrahim/Developer/Anticipy-V7/proof-artifacts/acceptance_20260529_002153/CHECK_15.json
CHECK 16  FAIL  agent_reliability  (34.2s)  -> /Users/omarebrahim/Developer/Anticipy-V7/proof-artifacts/acceptance_20260529_002153/CHECK_16.json
CHECK 17  PASS  frozen_paths_clean  (0.0s)  -> /Users/omarebrahim/Developer/Anticipy-V7/proof-artifacts/acceptance_20260529_002153/CHECK_17.json
CHECK 18  PASS  cleanup_passes  (1.7s)  -> /Users/omarebrahim/Developer/Anticipy-V7/proof-artifacts/acceptance_20260529_002153/CHECK_18.json
----------------------------------------------------------------------
8/15 PASS
